17:00:02 **** Build of project Example_VivadoProject_bsp ****
make -k all 
"Running Make include in ps7_cortexa9_0/libsrc/coresightps_dcc_v1_2/src"
make -C ps7_cortexa9_0/libsrc/coresightps_dcc_v1_2/src -s include  "SHELL=CMD" "COMPILER=arm-xilinx-eabi-gcc" "ARCHIVER=arm-xilinx-eabi-ar" "COMPILER_FLAGS=  -O2 -c" "EXTRA_COMPILER_FLAGS=-g"
"Running Make include in ps7_cortexa9_0/libsrc/cpu_cortexa9_v2_1/src"
make -C ps7_cortexa9_0/libsrc/cpu_cortexa9_v2_1/src -s include  "SHELL=CMD" "COMPILER=arm-xilinx-eabi-gcc" "ARCHIVER=arm-xilinx-eabi-ar" "COMPILER_FLAGS=  -O2 -c" "EXTRA_COMPILER_FLAGS=-g"
"Running Make include in ps7_cortexa9_0/libsrc/ddrps_v1_0/src"
make -C ps7_cortexa9_0/libsrc/ddrps_v1_0/src -s include  "SHELL=CMD" "COMPILER=arm-xilinx-eabi-gcc" "ARCHIVER=arm-xilinx-eabi-ar" "COMPILER_FLAGS=  -O2 -c" "EXTRA_COMPILER_FLAGS=-g"
"Running Make include in ps7_cortexa9_0/libsrc/devcfg_v3_3/src"
make -C ps7_cortexa9_0/libsrc/devcfg_v3_3/src -s include  "SHELL=CMD" "COMPILER=arm-xilinx-eabi-gcc" "ARCHIVER=arm-xilinx-eabi-ar" "COMPILER_FLAGS=  -O2 -c" "EXTRA_COMPILER_FLAGS=-g"
"Running Make include in ps7_cortexa9_0/libsrc/dmaps_v2_1/src"
make -C ps7_cortexa9_0/libsrc/dmaps_v2_1/src -s include  "SHELL=CMD" "COMPILER=arm-xilinx-eabi-gcc" "ARCHIVER=arm-xilinx-eabi-ar" "COMPILER_FLAGS=  -O2 -c" "EXTRA_COMPILER_FLAGS=-g"
"Running Make include in ps7_cortexa9_0/libsrc/emacps_v3_1/src"
make -C ps7_cortexa9_0/libsrc/emacps_v3_1/src -s include  "SHELL=CMD" "COMPILER=arm-xilinx-eabi-gcc" "ARCHIVER=arm-xilinx-eabi-ar" "COMPILER_FLAGS=  -O2 -c" "EXTRA_COMPILER_FLAGS=-g"
"Running Make include in ps7_cortexa9_0/libsrc/gpio_v4_0/src"
make -C ps7_cortexa9_0/libsrc/gpio_v4_0/src -s include  "SHELL=CMD" "COMPILER=arm-xilinx-eabi-gcc" "ARCHIVER=arm-xilinx-eabi-ar" "COMPILER_FLAGS=  -O2 -c" "EXTRA_COMPILER_FLAGS=-g"
"Running Make include in ps7_cortexa9_0/libsrc/gpiops_v3_1/src"
make -C ps7_cortexa9_0/libsrc/gpiops_v3_1/src -s include  "SHELL=CMD" "COMPILER=arm-xilinx-eabi-gcc" "ARCHIVER=arm-xilinx-eabi-ar" "COMPILER_FLAGS=  -O2 -c" "EXTRA_COMPILER_FLAGS=-g"
"Running Make include in ps7_cortexa9_0/libsrc/qspips_v3_2/src"
make -C ps7_cortexa9_0/libsrc/qspips_v3_2/src -s include  "SHELL=CMD" "COMPILER=arm-xilinx-eabi-gcc" "ARCHIVER=arm-xilinx-eabi-ar" "COMPILER_FLAGS=  -O2 -c" "EXTRA_COMPILER_FLAGS=-g"
"Running Make include in ps7_cortexa9_0/libsrc/scugic_v3_1/src"
make -C ps7_cortexa9_0/libsrc/scugic_v3_1/src -s include  "SHELL=CMD" "COMPILER=arm-xilinx-eabi-gcc" "ARCHIVER=arm-xilinx-eabi-ar" "COMPILER_FLAGS=  -O2 -c" "EXTRA_COMPILER_FLAGS=-g"
"Running Make include in ps7_cortexa9_0/libsrc/scutimer_v2_1/src"
make -C ps7_cortexa9_0/libsrc/scutimer_v2_1/src -s include  "SHELL=CMD" "COMPILER=arm-xilinx-eabi-gcc" "ARCHIVER=arm-xilinx-eabi-ar" "COMPILER_FLAGS=  -O2 -c" "EXTRA_COMPILER_FLAGS=-g"
"Running Make include in ps7_cortexa9_0/libsrc/scuwdt_v2_1/src"
make -C ps7_cortexa9_0/libsrc/scuwdt_v2_1/src -s include  "SHELL=CMD" "COMPILER=arm-xilinx-eabi-gcc" "ARCHIVER=arm-xilinx-eabi-ar" "COMPILER_FLAGS=  -O2 -c" "EXTRA_COMPILER_FLAGS=-g"
"Running Make include in ps7_cortexa9_0/libsrc/sdps_v2_6/src"
make -C ps7_cortexa9_0/libsrc/sdps_v2_6/src -s include  "SHELL=CMD" "COMPILER=arm-xilinx-eabi-gcc" "ARCHIVER=arm-xilinx-eabi-ar" "COMPILER_FLAGS=  -O2 -c" "EXTRA_COMPILER_FLAGS=-g"
"Running Make include in ps7_cortexa9_0/libsrc/standalone_v5_3/src"
make -C ps7_cortexa9_0/libsrc/standalone_v5_3/src -s include  "SHELL=CMD" "COMPILER=arm-xilinx-eabi-gcc" "ARCHIVER=arm-xilinx-eabi-ar" "COMPILER_FLAGS=  -O2 -c" "EXTRA_COMPILER_FLAGS=-g"
"Running Make include in ps7_cortexa9_0/libsrc/ttcps_v3_0/src"
make -C ps7_cortexa9_0/libsrc/ttcps_v3_0/src -s include  "SHELL=CMD" "COMPILER=arm-xilinx-eabi-gcc" "ARCHIVER=arm-xilinx-eabi-ar" "COMPILER_FLAGS=  -O2 -c" "EXTRA_COMPILER_FLAGS=-g"
"Running Make include in ps7_cortexa9_0/libsrc/uartps_v3_1/src"
make -C ps7_cortexa9_0/libsrc/uartps_v3_1/src -s include  "SHELL=CMD" "COMPILER=arm-xilinx-eabi-gcc" "ARCHIVER=arm-xilinx-eabi-ar" "COMPILER_FLAGS=  -O2 -c" "EXTRA_COMPILER_FLAGS=-g"
"Running Make include in ps7_cortexa9_0/libsrc/usbps_v2_2/src"
make -C ps7_cortexa9_0/libsrc/usbps_v2_2/src -s include  "SHELL=CMD" "COMPILER=arm-xilinx-eabi-gcc" "ARCHIVER=arm-xilinx-eabi-ar" "COMPILER_FLAGS=  -O2 -c" "EXTRA_COMPILER_FLAGS=-g"
"Running Make include in ps7_cortexa9_0/libsrc/xadcps_v2_2/src"
make -C ps7_cortexa9_0/libsrc/xadcps_v2_2/src -s include  "SHELL=CMD" "COMPILER=arm-xilinx-eabi-gcc" "ARCHIVER=arm-xilinx-eabi-ar" "COMPILER_FLAGS=  -O2 -c" "EXTRA_COMPILER_FLAGS=-g"
"Running Make libs in ps7_cortexa9_0/libsrc/coresightps_dcc_v1_2/src"
make -C ps7_cortexa9_0/libsrc/coresightps_dcc_v1_2/src -s libs  "SHELL=CMD" "COMPILER=arm-xilinx-eabi-gcc" "ARCHIVER=arm-xilinx-eabi-ar" "COMPILER_FLAGS=  -O2 -c" "EXTRA_COMPILER_FLAGS=-g"
"Compiling coresightps_dcc"
arm-xilinx-eabi-ar: creating ../../../lib/libxil.a
"Running Make libs in ps7_cortexa9_0/libsrc/cpu_cortexa9_v2_1/src"
make -C ps7_cortexa9_0/libsrc/cpu_cortexa9_v2_1/src -s libs  "SHELL=CMD" "COMPILER=arm-xilinx-eabi-gcc" "ARCHIVER=arm-xilinx-eabi-ar" "COMPILER_FLAGS=  -O2 -c" "EXTRA_COMPILER_FLAGS=-g"
"Compiling cpu_cortexa9"
"Running Make libs in ps7_cortexa9_0/libsrc/ddrps_v1_0/src"
make -C ps7_cortexa9_0/libsrc/ddrps_v1_0/src -s libs  "SHELL=CMD" "COMPILER=arm-xilinx-eabi-gcc" "ARCHIVER=arm-xilinx-eabi-ar" "COMPILER_FLAGS=  -O2 -c" "EXTRA_COMPILER_FLAGS=-g"
"Compiling ddrps"
"Running Make libs in ps7_cortexa9_0/libsrc/devcfg_v3_3/src"
make -C ps7_cortexa9_0/libsrc/devcfg_v3_3/src -s libs  "SHELL=CMD" "COMPILER=arm-xilinx-eabi-gcc" "ARCHIVER=arm-xilinx-eabi-ar" "COMPILER_FLAGS=  -O2 -c" "EXTRA_COMPILER_FLAGS=-g"
"Compiling devcfg"
"Running Make libs in ps7_cortexa9_0/libsrc/dmaps_v2_1/src"
make -C ps7_cortexa9_0/libsrc/dmaps_v2_1/src -s libs  "SHELL=CMD" "COMPILER=arm-xilinx-eabi-gcc" "ARCHIVER=arm-xilinx-eabi-ar" "COMPILER_FLAGS=  -O2 -c" "EXTRA_COMPILER_FLAGS=-g"
"Compiling dmaps"
"Running Make libs in ps7_cortexa9_0/libsrc/emacps_v3_1/src"
make -C ps7_cortexa9_0/libsrc/emacps_v3_1/src -s libs  "SHELL=CMD" "COMPILER=arm-xilinx-eabi-gcc" "ARCHIVER=arm-xilinx-eabi-ar" "COMPILER_FLAGS=  -O2 -c" "EXTRA_COMPILER_FLAGS=-g"
"Compiling emacps"
"Running Make libs in ps7_cortexa9_0/libsrc/gpio_v4_0/src"
make -C ps7_cortexa9_0/libsrc/gpio_v4_0/src -s libs  "SHELL=CMD" "COMPILER=arm-xilinx-eabi-gcc" "ARCHIVER=arm-xilinx-eabi-ar" "COMPILER_FLAGS=  -O2 -c" "EXTRA_COMPILER_FLAGS=-g"
"Compiling gpio"
"Running Make libs in ps7_cortexa9_0/libsrc/gpiops_v3_1/src"
make -C ps7_cortexa9_0/libsrc/gpiops_v3_1/src -s libs  "SHELL=CMD" "COMPILER=arm-xilinx-eabi-gcc" "ARCHIVER=arm-xilinx-eabi-ar" "COMPILER_FLAGS=  -O2 -c" "EXTRA_COMPILER_FLAGS=-g"
"Compiling gpiops"
"Running Make libs in ps7_cortexa9_0/libsrc/qspips_v3_2/src"
make -C ps7_cortexa9_0/libsrc/qspips_v3_2/src -s libs  "SHELL=CMD" "COMPILER=arm-xilinx-eabi-gcc" "ARCHIVER=arm-xilinx-eabi-ar" "COMPILER_FLAGS=  -O2 -c" "EXTRA_COMPILER_FLAGS=-g"
"Compiling qspips"
"Running Make libs in ps7_cortexa9_0/libsrc/scugic_v3_1/src"
make -C ps7_cortexa9_0/libsrc/scugic_v3_1/src -s libs  "SHELL=CMD" "COMPILER=arm-xilinx-eabi-gcc" "ARCHIVER=arm-xilinx-eabi-ar" "COMPILER_FLAGS=  -O2 -c" "EXTRA_COMPILER_FLAGS=-g"
"Compiling scugic"
"Running Make libs in ps7_cortexa9_0/libsrc/scutimer_v2_1/src"
make -C ps7_cortexa9_0/libsrc/scutimer_v2_1/src -s libs  "SHELL=CMD" "COMPILER=arm-xilinx-eabi-gcc" "ARCHIVER=arm-xilinx-eabi-ar" "COMPILER_FLAGS=  -O2 -c" "EXTRA_COMPILER_FLAGS=-g"
"Compiling scutimer"
"Running Make libs in ps7_cortexa9_0/libsrc/scuwdt_v2_1/src"
make -C ps7_cortexa9_0/libsrc/scuwdt_v2_1/src -s libs  "SHELL=CMD" "COMPILER=arm-xilinx-eabi-gcc" "ARCHIVER=arm-xilinx-eabi-ar" "COMPILER_FLAGS=  -O2 -c" "EXTRA_COMPILER_FLAGS=-g"
"Compiling scuwdt"
"Running Make libs in ps7_cortexa9_0/libsrc/sdps_v2_6/src"
make -C ps7_cortexa9_0/libsrc/sdps_v2_6/src -s libs  "SHELL=CMD" "COMPILER=arm-xilinx-eabi-gcc" "ARCHIVER=arm-xilinx-eabi-ar" "COMPILER_FLAGS=  -O2 -c" "EXTRA_COMPILER_FLAGS=-g"
"Compiling sdps"
"Running Make libs in ps7_cortexa9_0/libsrc/standalone_v5_3/src"
make -C ps7_cortexa9_0/libsrc/standalone_v5_3/src -s libs  "SHELL=CMD" "COMPILER=arm-xilinx-eabi-gcc" "ARCHIVER=arm-xilinx-eabi-ar" "COMPILER_FLAGS=  -O2 -c" "EXTRA_COMPILER_FLAGS=-g"
"Compiling standalone"
"Running Make libs in ps7_cortexa9_0/libsrc/ttcps_v3_0/src"
make -C ps7_cortexa9_0/libsrc/ttcps_v3_0/src -s libs  "SHELL=CMD" "COMPILER=arm-xilinx-eabi-gcc" "ARCHIVER=arm-xilinx-eabi-ar" "COMPILER_FLAGS=  -O2 -c" "EXTRA_COMPILER_FLAGS=-g"
"Compiling ttcps"
"Running Make libs in ps7_cortexa9_0/libsrc/uartps_v3_1/src"
make -C ps7_cortexa9_0/libsrc/uartps_v3_1/src -s libs  "SHELL=CMD" "COMPILER=arm-xilinx-eabi-gcc" "ARCHIVER=arm-xilinx-eabi-ar" "COMPILER_FLAGS=  -O2 -c" "EXTRA_COMPILER_FLAGS=-g"
"Compiling uartps"
"Running Make libs in ps7_cortexa9_0/libsrc/usbps_v2_2/src"
make -C ps7_cortexa9_0/libsrc/usbps_v2_2/src -s libs  "SHELL=CMD" "COMPILER=arm-xilinx-eabi-gcc" "ARCHIVER=arm-xilinx-eabi-ar" "COMPILER_FLAGS=  -O2 -c" "EXTRA_COMPILER_FLAGS=-g"
"Compiling usbps"
"Running Make libs in ps7_cortexa9_0/libsrc/xadcps_v2_2/src"
make -C ps7_cortexa9_0/libsrc/xadcps_v2_2/src -s libs  "SHELL=CMD" "COMPILER=arm-xilinx-eabi-gcc" "ARCHIVER=arm-xilinx-eabi-ar" "COMPILER_FLAGS=  -O2 -c" "EXTRA_COMPILER_FLAGS=-g"
"Compiling xadcps"
'Finished building libraries'
17:00:23 **** Build of configuration Debug for project Example_VivadoProject ****
make all 
'Building file: ../src/helloworld.c'
'Invoking: ARM gcc compiler'
arm-xilinx-eabi-gcc -Wall -O0 -g3 -c -fmessage-length=0 -MT"src/helloworld.o" -I../../Example_VivadoProject_bsp/ps7_cortexa9_0/include -MMD -MP -MF"src/helloworld.d" -MT"src/helloworld.d" -o "src/helloworld.o" "../src/helloworld.c"
'Finished building: ../src/helloworld.c'
' '
'Building file: ../src/platform.c'
'Invoking: ARM gcc compiler'
arm-xilinx-eabi-gcc -Wall -O0 -g3 -c -fmessage-length=0 -MT"src/platform.o" -I../../Example_VivadoProject_bsp/ps7_cortexa9_0/include -MMD -MP -MF"src/platform.d" -MT"src/platform.d" -o "src/platform.o" "../src/platform.c"
'Finished building: ../src/platform.c'
' '
'Building target: Example_VivadoProject.elf'
'Invoking: ARM gcc linker'
arm-xilinx-eabi-gcc -Wl,-T -Wl,../src/lscript.ld -L../../Example_VivadoProject_bsp/ps7_cortexa9_0/lib -o "Example_VivadoProject.elf"  ./src/helloworld.o ./src/platform.o   -Wl,--start-group,-lxil,-lgcc,-lc,--end-group
'Finished building target: Example_VivadoProject.elf'
' '
'Invoking: ARM Print Size'
arm-xilinx-eabi-size Example_VivadoProject.elf  |tee "Example_VivadoProject.elf.size"
   text	   data	    bss	    dec	    hex	filename
  22888	   1152	  22564	  46604	   b60c	Example_VivadoProject.elf
'Finished building: Example_VivadoProject.elf.size'
' '
17:17:50 **** Incremental Build of configuration Debug for project Example_VivadoProject ****
make all 
make: Цель `all' не требует выполнения команд.
17:19:00 **** Incremental Build of configuration Debug for project Example_VivadoProject ****
make all 
make: Цель `all' не требует выполнения команд.
17:19:52 **** Incremental Build of configuration Debug for project Example_VivadoProject ****
make all 
make: Цель `all' не требует выполнения команд.
17:20:04 **** Incremental Build of configuration Debug for project Example_VivadoProject ****
make all 
make: Цель `all' не требует выполнения команд.
17:26:40 **** Auto Build of configuration Debug for project Example_VivadoProject ****
make all 
'Building file: ../src/helloworld.c'
'Invoking: ARM gcc compiler'
arm-xilinx-eabi-gcc -Wall -O0 -g3 -c -fmessage-length=0 -MT"src/helloworld.o" -I../../Example_VivadoProject_bsp/ps7_cortexa9_0/include -MMD -MP -MF"src/helloworld.d" -MT"src/helloworld.d" -o "src/helloworld.o" "../src/helloworld.c"
../src/helloworld.c:128:6: error: conflicting types for 'print'
 void print(char *str);
      ^
In file included from ../../Example_VivadoProject_bsp/ps7_cortexa9_0/include/xil_io.h:65:0,
                 from ../../Example_VivadoProject_bsp/ps7_cortexa9_0/include/xgpio_l.h:86,
                 from ../../Example_VivadoProject_bsp/ps7_cortexa9_0/include/xgpio.h:121,
                 from ../src/helloworld.c:52:
../../Example_VivadoProject_bsp/ps7_cortexa9_0/include/xil_printf.h:36:6: note: previous declaration of 'print' was here
 void print( const char8 *ptr);
      ^
../src/helloworld.c: In function 'main':
../src/helloworld.c:62:33: error: 'XPAR_LEDS_POSITIONS_DEVICE_ID' undeclared (first use in this function)
 #define GPIO_EXAMPLE_DEVICE_ID  XPAR_LEDS_POSITIONS_DEVICE_ID
                                 ^
../src/helloworld.c:143:39: note: in expansion of macro 'GPIO_EXAMPLE_DEVICE_ID'
      Status = XGpio_Initialize(&Gpio, GPIO_EXAMPLE_DEVICE_ID);
                                       ^
../src/helloworld.c:62:33: note: each undeclared identifier is reported only once for each function it appears in
 #define GPIO_EXAMPLE_DEVICE_ID  XPAR_LEDS_POSITIONS_DEVICE_ID
                                 ^
../src/helloworld.c:143:39: note: in expansion of macro 'GPIO_EXAMPLE_DEVICE_ID'
      Status = XGpio_Initialize(&Gpio, GPIO_EXAMPLE_DEVICE_ID);
                                       ^
make: *** [src/helloworld.o] Ошибка 1
17:28:25 **** Auto Build of configuration Debug for project Example_VivadoProject ****
make all 
'Building file: ../src/helloworld.c'
'Invoking: ARM gcc compiler'
arm-xilinx-eabi-gcc -Wall -O0 -g3 -c -fmessage-length=0 -MT"src/helloworld.o" -I../../Example_VivadoProject_bsp/ps7_cortexa9_0/include -MMD -MP -MF"src/helloworld.d" -MT"src/helloworld.d" -o "src/helloworld.o" "../src/helloworld.c"
../src/helloworld.c:128:6: error: conflicting types for 'print'
 void print(char *str);
      ^
In file included from ../../Example_VivadoProject_bsp/ps7_cortexa9_0/include/xil_io.h:65:0,
                 from ../../Example_VivadoProject_bsp/ps7_cortexa9_0/include/xgpio_l.h:86,
                 from ../../Example_VivadoProject_bsp/ps7_cortexa9_0/include/xgpio.h:121,
                 from ../src/helloworld.c:52:
../../Example_VivadoProject_bsp/ps7_cortexa9_0/include/xil_printf.h:36:6: note: previous declaration of 'print' was here
 void print( const char8 *ptr);
      ^
make: *** [src/helloworld.o] Ошибка 1
17:28:27 **** Auto Build of configuration Debug for project Example_VivadoProject ****
make all 
'Building file: ../src/helloworld.c'
'Invoking: ARM gcc compiler'
arm-xilinx-eabi-gcc -Wall -O0 -g3 -c -fmessage-length=0 -MT"src/helloworld.o" -I../../Example_VivadoProject_bsp/ps7_cortexa9_0/include -MMD -MP -MF"src/helloworld.d" -MT"src/helloworld.d" -o "src/helloworld.o" "../src/helloworld.c"
../src/helloworld.c:128:6: error: conflicting types for 'print'
 void print(char *str);
      ^
In file included from ../../Example_VivadoProject_bsp/ps7_cortexa9_0/include/xil_io.h:65:0,
                 from ../../Example_VivadoProject_bsp/ps7_cortexa9_0/include/xgpio_l.h:86,
                 from ../../Example_VivadoProject_bsp/ps7_cortexa9_0/include/xgpio.h:121,
                 from ../src/helloworld.c:52:
../../Example_VivadoProject_bsp/ps7_cortexa9_0/include/xil_printf.h:36:6: note: previous declaration of 'print' was here
 void print( const char8 *ptr);
      ^
make: *** [src/helloworld.o] Ошибка 1
17:29:59 **** Auto Build of configuration Debug for project Example_VivadoProject ****
make all 
'Building file: ../src/helloworld.c'
'Invoking: ARM gcc compiler'
arm-xilinx-eabi-gcc -Wall -O0 -g3 -c -fmessage-length=0 -MT"src/helloworld.o" -I../../Example_VivadoProject_bsp/ps7_cortexa9_0/include -MMD -MP -MF"src/helloworld.d" -MT"src/helloworld.d" -o "src/helloworld.o" "../src/helloworld.c"
../src/helloworld.c:128:6: error: conflicting types for 'print'
 void print(char *str);
      ^
In file included from ../../Example_VivadoProject_bsp/ps7_cortexa9_0/include/xil_io.h:65:0,
                 from ../../Example_VivadoProject_bsp/ps7_cortexa9_0/include/xgpio_l.h:86,
                 from ../../Example_VivadoProject_bsp/ps7_cortexa9_0/include/xgpio.h:121,
                 from ../src/helloworld.c:52:
../../Example_VivadoProject_bsp/ps7_cortexa9_0/include/xil_printf.h:36:6: note: previous declaration of 'print' was here
 void print( const char8 *ptr);
      ^
make: *** [src/helloworld.o] Ошибка 1
17:30:03 **** Incremental Build of configuration Debug for project Example_VivadoProject ****
make all 
'Building file: ../src/helloworld.c'
'Invoking: ARM gcc compiler'
arm-xilinx-eabi-gcc -Wall -O0 -g3 -c -fmessage-length=0 -MT"src/helloworld.o" -I../../Example_VivadoProject_bsp/ps7_cortexa9_0/include -MMD -MP -MF"src/helloworld.d" -MT"src/helloworld.d" -o "src/helloworld.o" "../src/helloworld.c"
../src/helloworld.c:128:6: error: conflicting types for 'print'
 void print(char *str);
      ^
In file included from ../../Example_VivadoProject_bsp/ps7_cortexa9_0/include/xil_io.h:65:0,
                 from ../../Example_VivadoProject_bsp/ps7_cortexa9_0/include/xgpio_l.h:86,
                 from ../../Example_VivadoProject_bsp/ps7_cortexa9_0/include/xgpio.h:121,
                 from ../src/helloworld.c:52:
../../Example_VivadoProject_bsp/ps7_cortexa9_0/include/xil_printf.h:36:6: note: previous declaration of 'print' was here
 void print( const char8 *ptr);
      ^
make: *** [src/helloworld.o] Ошибка 1
17:30:37 **** Auto Build of configuration Debug for project Example_VivadoProject ****
make all 
'Building file: ../src/helloworld.c'
'Invoking: ARM gcc compiler'
arm-xilinx-eabi-gcc -Wall -O0 -g3 -c -fmessage-length=0 -MT"src/helloworld.o" -I../../Example_VivadoProject_bsp/ps7_cortexa9_0/include -MMD -MP -MF"src/helloworld.d" -MT"src/helloworld.d" -o "src/helloworld.o" "../src/helloworld.c"
'Finished building: ../src/helloworld.c'
' '
'Building target: Example_VivadoProject.elf'
'Invoking: ARM gcc linker'
arm-xilinx-eabi-gcc -Wl,-T -Wl,../src/lscript.ld -L../../Example_VivadoProject_bsp/ps7_cortexa9_0/lib -o "Example_VivadoProject.elf"  ./src/helloworld.o ./src/platform.o   -Wl,--start-group,-lxil,-lgcc,-lc,--end-group
'Finished building target: Example_VivadoProject.elf'
' '
'Invoking: ARM Print Size'
arm-xilinx-eabi-size Example_VivadoProject.elf  |tee "Example_VivadoProject.elf.size"
   text	   data	    bss	    dec	    hex	filename
  24800	   1168	  22596	  48564	   bdb4	Example_VivadoProject.elf
'Finished building: Example_VivadoProject.elf.size'
' '
17:31:08 **** Incremental Build of configuration Debug for project Example_VivadoProject ****
make all 
make: Цель `all' не требует выполнения команд.
17:32:25 **** Auto Build of configuration Debug for project Example_VivadoProject ****
make all 
'Building file: ../src/helloworld.c'
'Invoking: ARM gcc compiler'
arm-xilinx-eabi-gcc -Wall -O0 -g3 -c -fmessage-length=0 -MT"src/helloworld.o" -I../../Example_VivadoProject_bsp/ps7_cortexa9_0/include -MMD -MP -MF"src/helloworld.d" -MT"src/helloworld.d" -o "src/helloworld.o" "../src/helloworld.c"
'Finished building: ../src/helloworld.c'
' '
'Building target: Example_VivadoProject.elf'
'Invoking: ARM gcc linker'
arm-xilinx-eabi-gcc -Wl,-T -Wl,../src/lscript.ld -L../../Example_VivadoProject_bsp/ps7_cortexa9_0/lib -o "Example_VivadoProject.elf"  ./src/helloworld.o ./src/platform.o   -Wl,--start-group,-lxil,-lgcc,-lc,--end-group
'Finished building target: Example_VivadoProject.elf'
' '
'Invoking: ARM Print Size'
arm-xilinx-eabi-size Example_VivadoProject.elf  |tee "Example_VivadoProject.elf.size"
   text	   data	    bss	    dec	    hex	filename
  24800	   1168	  22596	  48564	   bdb4	Example_VivadoProject.elf
'Finished building: Example_VivadoProject.elf.size'
' '
17:32:29 **** Incremental Build of configuration Debug for project Example_VivadoProject ****
make all 
make: Цель `all' не требует выполнения команд.
17:32:53 **** Auto Build of configuration Debug for project Example_VivadoProject ****
make all 
'Building file: ../src/helloworld.c'
'Invoking: ARM gcc compiler'
arm-xilinx-eabi-gcc -Wall -O0 -g3 -c -fmessage-length=0 -MT"src/helloworld.o" -I../../Example_VivadoProject_bsp/ps7_cortexa9_0/include -MMD -MP -MF"src/helloworld.d" -MT"src/helloworld.d" -o "src/helloworld.o" "../src/helloworld.c"
'Finished building: ../src/helloworld.c'
' '
'Building target: Example_VivadoProject.elf'
'Invoking: ARM gcc linker'
arm-xilinx-eabi-gcc -Wl,-T -Wl,../src/lscript.ld -L../../Example_VivadoProject_bsp/ps7_cortexa9_0/lib -o "Example_VivadoProject.elf"  ./src/helloworld.o ./src/platform.o   -Wl,--start-group,-lxil,-lgcc,-lc,--end-group
'Finished building target: Example_VivadoProject.elf'
' '
'Invoking: ARM Print Size'
arm-xilinx-eabi-size Example_VivadoProject.elf  |tee "Example_VivadoProject.elf.size"
   text	   data	    bss	    dec	    hex	filename
  24800	   1168	  22596	  48564	   bdb4	Example_VivadoProject.elf
'Finished building: Example_VivadoProject.elf.size'
' '
17:33:23 **** Auto Build of configuration Debug for project Example_VivadoProject ****
make all 
'Building file: ../src/helloworld.c'
'Invoking: ARM gcc compiler'
arm-xilinx-eabi-gcc -Wall -O0 -g3 -c -fmessage-length=0 -MT"src/helloworld.o" -I../../Example_VivadoProject_bsp/ps7_cortexa9_0/include -MMD -MP -MF"src/helloworld.d" -MT"src/helloworld.d" -o "src/helloworld.o" "../src/helloworld.c"
'Finished building: ../src/helloworld.c'
' '
'Building target: Example_VivadoProject.elf'
'Invoking: ARM gcc linker'
arm-xilinx-eabi-gcc -Wl,-T -Wl,../src/lscript.ld -L../../Example_VivadoProject_bsp/ps7_cortexa9_0/lib -o "Example_VivadoProject.elf"  ./src/helloworld.o ./src/platform.o   -Wl,--start-group,-lxil,-lgcc,-lc,--end-group
'Finished building target: Example_VivadoProject.elf'
' '
'Invoking: ARM Print Size'
arm-xilinx-eabi-size Example_VivadoProject.elf  |tee "Example_VivadoProject.elf.size"
   text	   data	    bss	    dec	    hex	filename
  24800	   1168	  22596	  48564	   bdb4	Example_VivadoProject.elf
'Finished building: Example_VivadoProject.elf.size'
' '
17:33:26 **** Incremental Build of configuration Debug for project Example_VivadoProject ****
make all 
make: Цель `all' не требует выполнения команд.
17:33:52 **** Auto Build of configuration Debug for project Example_VivadoProject ****
make all 
'Building file: ../src/helloworld.c'
'Invoking: ARM gcc compiler'
arm-xilinx-eabi-gcc -Wall -O0 -g3 -c -fmessage-length=0 -MT"src/helloworld.o" -I../../Example_VivadoProject_bsp/ps7_cortexa9_0/include -MMD -MP -MF"src/helloworld.d" -MT"src/helloworld.d" -o "src/helloworld.o" "../src/helloworld.c"
'Finished building: ../src/helloworld.c'
' '
'Building target: Example_VivadoProject.elf'
'Invoking: ARM gcc linker'
arm-xilinx-eabi-gcc -Wl,-T -Wl,../src/lscript.ld -L../../Example_VivadoProject_bsp/ps7_cortexa9_0/lib -o "Example_VivadoProject.elf"  ./src/helloworld.o ./src/platform.o   -Wl,--start-group,-lxil,-lgcc,-lc,--end-group
'Finished building target: Example_VivadoProject.elf'
' '
'Invoking: ARM Print Size'
arm-xilinx-eabi-size Example_VivadoProject.elf  |tee "Example_VivadoProject.elf.size"
   text	   data	    bss	    dec	    hex	filename
  24800	   1168	  22596	  48564	   bdb4	Example_VivadoProject.elf
'Finished building: Example_VivadoProject.elf.size'
' '
17:33:54 **** Incremental Build of configuration Debug for project Example_VivadoProject ****
make all 
make: Цель `all' не требует выполнения команд.
17:34:46 **** Auto Build of configuration Debug for project Example_VivadoProject ****
make all 
'Building file: ../src/helloworld.c'
'Invoking: ARM gcc compiler'
arm-xilinx-eabi-gcc -Wall -O0 -g3 -c -fmessage-length=0 -MT"src/helloworld.o" -I../../Example_VivadoProject_bsp/ps7_cortexa9_0/include -MMD -MP -MF"src/helloworld.d" -MT"src/helloworld.d" -o "src/helloworld.o" "../src/helloworld.c"
'Finished building: ../src/helloworld.c'
' '
'Building target: Example_VivadoProject.elf'
'Invoking: ARM gcc linker'
arm-xilinx-eabi-gcc -Wl,-T -Wl,../src/lscript.ld -L../../Example_VivadoProject_bsp/ps7_cortexa9_0/lib -o "Example_VivadoProject.elf"  ./src/helloworld.o ./src/platform.o   -Wl,--start-group,-lxil,-lgcc,-lc,--end-group
'Finished building target: Example_VivadoProject.elf'
' '
'Invoking: ARM Print Size'
arm-xilinx-eabi-size Example_VivadoProject.elf  |tee "Example_VivadoProject.elf.size"
   text	   data	    bss	    dec	    hex	filename
  24800	   1168	  22596	  48564	   bdb4	Example_VivadoProject.elf
'Finished building: Example_VivadoProject.elf.size'
' '
17:34:53 **** Incremental Build of configuration Debug for project Example_VivadoProject ****
make all 
make: Цель `all' не требует выполнения команд.
17:35:36 **** Auto Build of configuration Debug for project Example_VivadoProject ****
make all 
'Building file: ../src/helloworld.c'
'Invoking: ARM gcc compiler'
arm-xilinx-eabi-gcc -Wall -O0 -g3 -c -fmessage-length=0 -MT"src/helloworld.o" -I../../Example_VivadoProject_bsp/ps7_cortexa9_0/include -MMD -MP -MF"src/helloworld.d" -MT"src/helloworld.d" -o "src/helloworld.o" "../src/helloworld.c"
'Finished building: ../src/helloworld.c'
' '
'Building target: Example_VivadoProject.elf'
'Invoking: ARM gcc linker'
arm-xilinx-eabi-gcc -Wl,-T -Wl,../src/lscript.ld -L../../Example_VivadoProject_bsp/ps7_cortexa9_0/lib -o "Example_VivadoProject.elf"  ./src/helloworld.o ./src/platform.o   -Wl,--start-group,-lxil,-lgcc,-lc,--end-group
'Finished building target: Example_VivadoProject.elf'
' '
'Invoking: ARM Print Size'
arm-xilinx-eabi-size Example_VivadoProject.elf  |tee "Example_VivadoProject.elf.size"
   text	   data	    bss	    dec	    hex	filename
  24784	   1168	  22596	  48548	   bda4	Example_VivadoProject.elf
'Finished building: Example_VivadoProject.elf.size'
' '
17:35:49 **** Auto Build of configuration Debug for project Example_VivadoProject ****
make all 
'Building file: ../src/helloworld.c'
'Invoking: ARM gcc compiler'
arm-xilinx-eabi-gcc -Wall -O0 -g3 -c -fmessage-length=0 -MT"src/helloworld.o" -I../../Example_VivadoProject_bsp/ps7_cortexa9_0/include -MMD -MP -MF"src/helloworld.d" -MT"src/helloworld.d" -o "src/helloworld.o" "../src/helloworld.c"
'Finished building: ../src/helloworld.c'
' '
'Building target: Example_VivadoProject.elf'
'Invoking: ARM gcc linker'
arm-xilinx-eabi-gcc -Wl,-T -Wl,../src/lscript.ld -L../../Example_VivadoProject_bsp/ps7_cortexa9_0/lib -o "Example_VivadoProject.elf"  ./src/helloworld.o ./src/platform.o   -Wl,--start-group,-lxil,-lgcc,-lc,--end-group
'Finished building target: Example_VivadoProject.elf'
' '
'Invoking: ARM Print Size'
arm-xilinx-eabi-size Example_VivadoProject.elf  |tee "Example_VivadoProject.elf.size"
   text	   data	    bss	    dec	    hex	filename
  24784	   1168	  22596	  48548	   bda4	Example_VivadoProject.elf
'Finished building: Example_VivadoProject.elf.size'
' '
17:36:05 **** Incremental Build of configuration Debug for project Example_VivadoProject ****
make all 
make: Цель `all' не требует выполнения команд.
17:36:36 **** Auto Build of configuration Debug for project Example_VivadoProject ****
make all 
'Building file: ../src/helloworld.c'
'Invoking: ARM gcc compiler'
arm-xilinx-eabi-gcc -Wall -O0 -g3 -c -fmessage-length=0 -MT"src/helloworld.o" -I../../Example_VivadoProject_bsp/ps7_cortexa9_0/include -MMD -MP -MF"src/helloworld.d" -MT"src/helloworld.d" -o "src/helloworld.o" "../src/helloworld.c"
'Finished building: ../src/helloworld.c'
' '
'Building target: Example_VivadoProject.elf'
'Invoking: ARM gcc linker'
arm-xilinx-eabi-gcc -Wl,-T -Wl,../src/lscript.ld -L../../Example_VivadoProject_bsp/ps7_cortexa9_0/lib -o "Example_VivadoProject.elf"  ./src/helloworld.o ./src/platform.o   -Wl,--start-group,-lxil,-lgcc,-lc,--end-group
'Finished building target: Example_VivadoProject.elf'
' '
'Invoking: ARM Print Size'
arm-xilinx-eabi-size Example_VivadoProject.elf  |tee "Example_VivadoProject.elf.size"
   text	   data	    bss	    dec	    hex	filename
  24800	   1168	  22596	  48564	   bdb4	Example_VivadoProject.elf
'Finished building: Example_VivadoProject.elf.size'
' '
17:36:44 **** Incremental Build of configuration Debug for project Example_VivadoProject ****
make all 
make: Цель `all' не требует выполнения команд.
17:38:04 **** Auto Build of configuration Debug for project Example_VivadoProject ****
make all 
'Building file: ../src/helloworld.c'
'Invoking: ARM gcc compiler'
arm-xilinx-eabi-gcc -Wall -O0 -g3 -c -fmessage-length=0 -MT"src/helloworld.o" -I../../Example_VivadoProject_bsp/ps7_cortexa9_0/include -MMD -MP -MF"src/helloworld.d" -MT"src/helloworld.d" -o "src/helloworld.o" "../src/helloworld.c"
'Finished building: ../src/helloworld.c'
' '
'Building target: Example_VivadoProject.elf'
'Invoking: ARM gcc linker'
arm-xilinx-eabi-gcc -Wl,-T -Wl,../src/lscript.ld -L../../Example_VivadoProject_bsp/ps7_cortexa9_0/lib -o "Example_VivadoProject.elf"  ./src/helloworld.o ./src/platform.o   -Wl,--start-group,-lxil,-lgcc,-lc,--end-group
'Finished building target: Example_VivadoProject.elf'
' '
'Invoking: ARM Print Size'
arm-xilinx-eabi-size Example_VivadoProject.elf  |tee "Example_VivadoProject.elf.size"
   text	   data	    bss	    dec	    hex	filename
  24784	   1168	  22596	  48548	   bda4	Example_VivadoProject.elf
'Finished building: Example_VivadoProject.elf.size'
' '
17:38:07 **** Incremental Build of configuration Debug for project Example_VivadoProject ****
make all 
make: Цель `all' не требует выполнения команд.
17:38:33 **** Auto Build of configuration Debug for project Example_VivadoProject ****
make all 
'Building file: ../src/helloworld.c'
'Invoking: ARM gcc compiler'
arm-xilinx-eabi-gcc -Wall -O0 -g3 -c -fmessage-length=0 -MT"src/helloworld.o" -I../../Example_VivadoProject_bsp/ps7_cortexa9_0/include -MMD -MP -MF"src/helloworld.d" -MT"src/helloworld.d" -o "src/helloworld.o" "../src/helloworld.c"
'Finished building: ../src/helloworld.c'
' '
'Building target: Example_VivadoProject.elf'
'Invoking: ARM gcc linker'
arm-xilinx-eabi-gcc -Wl,-T -Wl,../src/lscript.ld -L../../Example_VivadoProject_bsp/ps7_cortexa9_0/lib -o "Example_VivadoProject.elf"  ./src/helloworld.o ./src/platform.o   -Wl,--start-group,-lxil,-lgcc,-lc,--end-group
'Finished building target: Example_VivadoProject.elf'
' '
'Invoking: ARM Print Size'
arm-xilinx-eabi-size Example_VivadoProject.elf  |tee "Example_VivadoProject.elf.size"
   text	   data	    bss	    dec	    hex	filename
  24180	   1168	  22596	  47944	   bb48	Example_VivadoProject.elf
'Finished building: Example_VivadoProject.elf.size'
' '
17:38:36 **** Incremental Build of configuration Debug for project Example_VivadoProject ****
make all 
make: Цель `all' не требует выполнения команд.
17:39:57 **** Auto Build of configuration Debug for project Example_VivadoProject ****
make all 
'Building file: ../src/helloworld.c'
'Invoking: ARM gcc compiler'
arm-xilinx-eabi-gcc -Wall -O0 -g3 -c -fmessage-length=0 -MT"src/helloworld.o" -I../../Example_VivadoProject_bsp/ps7_cortexa9_0/include -MMD -MP -MF"src/helloworld.d" -MT"src/helloworld.d" -o "src/helloworld.o" "../src/helloworld.c"
../src/helloworld.c: In function 'main':
../src/helloworld.c:163:13: warning: passing argument 1 of 'print' makes pointer from integer without a cast
       print(Data);
             ^
In file included from ../../Example_VivadoProject_bsp/ps7_cortexa9_0/include/xil_io.h:65:0,
                 from ../../Example_VivadoProject_bsp/ps7_cortexa9_0/include/xgpio_l.h:86,
                 from ../../Example_VivadoProject_bsp/ps7_cortexa9_0/include/xgpio.h:121,
                 from ../src/helloworld.c:52:
../../Example_VivadoProject_bsp/ps7_cortexa9_0/include/xil_printf.h:36:6: note: expected 'const char8 *' but argument is of type 'u32'
 void print( const char8 *ptr);
      ^
../src/helloworld.c:69:25: error: expected ';' before numeric constant
 #define LED_DELAY     1 000 000 000 000 //1000000
                         ^
../src/helloworld.c:178:31: note: in expansion of macro 'LED_DELAY'
       for (Delay = 0; Delay < LED_DELAY; Delay++);
                               ^
../src/helloworld.c:69:25: error: expected ';' before numeric constant
 #define LED_DELAY     1 000 000 000 000 //1000000
                         ^
../src/helloworld.c:198:31: note: in expansion of macro 'LED_DELAY'
       for (Delay = 0; Delay < LED_DELAY; Delay++);
                               ^
make: *** [src/helloworld.o] Ошибка 1
17:40:16 **** Auto Build of configuration Debug for project Example_VivadoProject ****
make all 
'Building file: ../src/helloworld.c'
'Invoking: ARM gcc compiler'
arm-xilinx-eabi-gcc -Wall -O0 -g3 -c -fmessage-length=0 -MT"src/helloworld.o" -I../../Example_VivadoProject_bsp/ps7_cortexa9_0/include -MMD -MP -MF"src/helloworld.d" -MT"src/helloworld.d" -o "src/helloworld.o" "../src/helloworld.c"
../src/helloworld.c: In function 'main':
../src/helloworld.c:163:7: error: too many arguments to function 'print'
       print("%s",Data);
       ^
In file included from ../../Example_VivadoProject_bsp/ps7_cortexa9_0/include/xil_io.h:65:0,
                 from ../../Example_VivadoProject_bsp/ps7_cortexa9_0/include/xgpio_l.h:86,
                 from ../../Example_VivadoProject_bsp/ps7_cortexa9_0/include/xgpio.h:121,
                 from ../src/helloworld.c:52:
../../Example_VivadoProject_bsp/ps7_cortexa9_0/include/xil_printf.h:36:6: note: declared here
 void print( const char8 *ptr);
      ^
../src/helloworld.c:69:25: error: expected ';' before numeric constant
 #define LED_DELAY     1 000 000 000 000 //1000000
                         ^
../src/helloworld.c:178:31: note: in expansion of macro 'LED_DELAY'
       for (Delay = 0; Delay < LED_DELAY; Delay++);
                               ^
../src/helloworld.c:69:25: error: expected ';' before numeric constant
 #define LED_DELAY     1 000 000 000 000 //1000000
                         ^
../src/helloworld.c:198:31: note: in expansion of macro 'LED_DELAY'
       for (Delay = 0; Delay < LED_DELAY; Delay++);
                               ^
make: *** [src/helloworld.o] Ошибка 1
17:40:27 **** Auto Build of configuration Debug for project Example_VivadoProject ****
make all 
'Building file: ../src/helloworld.c'
'Invoking: ARM gcc compiler'
arm-xilinx-eabi-gcc -Wall -O0 -g3 -c -fmessage-length=0 -MT"src/helloworld.o" -I../../Example_VivadoProject_bsp/ps7_cortexa9_0/include -MMD -MP -MF"src/helloworld.d" -MT"src/helloworld.d" -o "src/helloworld.o" "../src/helloworld.c"
../src/helloworld.c: In function 'main':
../src/helloworld.c:163:7: error: too many arguments to function 'print'
       print("%s",Data);
       ^
In file included from ../../Example_VivadoProject_bsp/ps7_cortexa9_0/include/xil_io.h:65:0,
                 from ../../Example_VivadoProject_bsp/ps7_cortexa9_0/include/xgpio_l.h:86,
                 from ../../Example_VivadoProject_bsp/ps7_cortexa9_0/include/xgpio.h:121,
                 from ../src/helloworld.c:52:
../../Example_VivadoProject_bsp/ps7_cortexa9_0/include/xil_printf.h:36:6: note: declared here
 void print( const char8 *ptr);
      ^
make: *** [src/helloworld.o] Ошибка 1
17:40:32 **** Incremental Build of configuration Debug for project Example_VivadoProject ****
make all 
'Building file: ../src/helloworld.c'
'Invoking: ARM gcc compiler'
arm-xilinx-eabi-gcc -Wall -O0 -g3 -c -fmessage-length=0 -MT"src/helloworld.o" -I../../Example_VivadoProject_bsp/ps7_cortexa9_0/include -MMD -MP -MF"src/helloworld.d" -MT"src/helloworld.d" -o "src/helloworld.o" "../src/helloworld.c"
../src/helloworld.c: In function 'main':
../src/helloworld.c:163:7: error: too many arguments to function 'print'
       print("%s",Data);
       ^
In file included from ../../Example_VivadoProject_bsp/ps7_cortexa9_0/include/xil_io.h:65:0,
                 from ../../Example_VivadoProject_bsp/ps7_cortexa9_0/include/xgpio_l.h:86,
                 from ../../Example_VivadoProject_bsp/ps7_cortexa9_0/include/xgpio.h:121,
                 from ../src/helloworld.c:52:
../../Example_VivadoProject_bsp/ps7_cortexa9_0/include/xil_printf.h:36:6: note: declared here
 void print( const char8 *ptr);
      ^
make: *** [src/helloworld.o] Ошибка 1
17:40:57 **** Auto Build of configuration Debug for project Example_VivadoProject ****
make all 
'Building file: ../src/helloworld.c'
'Invoking: ARM gcc compiler'
arm-xilinx-eabi-gcc -Wall -O0 -g3 -c -fmessage-length=0 -MT"src/helloworld.o" -I../../Example_VivadoProject_bsp/ps7_cortexa9_0/include -MMD -MP -MF"src/helloworld.d" -MT"src/helloworld.d" -o "src/helloworld.o" "../src/helloworld.c"
../src/helloworld.c: In function 'main':
../src/helloworld.c:163:7: error: too many arguments to function 'print'
       print("%d",Data);
       ^
In file included from ../../Example_VivadoProject_bsp/ps7_cortexa9_0/include/xil_io.h:65:0,
                 from ../../Example_VivadoProject_bsp/ps7_cortexa9_0/include/xgpio_l.h:86,
                 from ../../Example_VivadoProject_bsp/ps7_cortexa9_0/include/xgpio.h:121,
                 from ../src/helloworld.c:52:
../../Example_VivadoProject_bsp/ps7_cortexa9_0/include/xil_printf.h:36:6: note: declared here
 void print( const char8 *ptr);
      ^
make: *** [src/helloworld.o] Ошибка 1
17:41:00 **** Incremental Build of configuration Debug for project Example_VivadoProject ****
make all 
'Building file: ../src/helloworld.c'
'Invoking: ARM gcc compiler'
arm-xilinx-eabi-gcc -Wall -O0 -g3 -c -fmessage-length=0 -MT"src/helloworld.o" -I../../Example_VivadoProject_bsp/ps7_cortexa9_0/include -MMD -MP -MF"src/helloworld.d" -MT"src/helloworld.d" -o "src/helloworld.o" "../src/helloworld.c"
../src/helloworld.c: In function 'main':
../src/helloworld.c:163:7: error: too many arguments to function 'print'
       print("%d",Data);
       ^
In file included from ../../Example_VivadoProject_bsp/ps7_cortexa9_0/include/xil_io.h:65:0,
                 from ../../Example_VivadoProject_bsp/ps7_cortexa9_0/include/xgpio_l.h:86,
                 from ../../Example_VivadoProject_bsp/ps7_cortexa9_0/include/xgpio.h:121,
                 from ../src/helloworld.c:52:
../../Example_VivadoProject_bsp/ps7_cortexa9_0/include/xil_printf.h:36:6: note: declared here
 void print( const char8 *ptr);
      ^
make: *** [src/helloworld.o] Ошибка 1
17:41:36 **** Auto Build of configuration Debug for project Example_VivadoProject ****
make all 
'Building file: ../src/helloworld.c'
'Invoking: ARM gcc compiler'
arm-xilinx-eabi-gcc -Wall -O0 -g3 -c -fmessage-length=0 -MT"src/helloworld.o" -I../../Example_VivadoProject_bsp/ps7_cortexa9_0/include -MMD -MP -MF"src/helloworld.d" -MT"src/helloworld.d" -o "src/helloworld.o" "../src/helloworld.c"
../src/helloworld.c: In function 'main':
../src/helloworld.c:163:7: error: too many arguments to function 'print'
       print("{0}",Data);
       ^
In file included from ../../Example_VivadoProject_bsp/ps7_cortexa9_0/include/xil_io.h:65:0,
                 from ../../Example_VivadoProject_bsp/ps7_cortexa9_0/include/xgpio_l.h:86,
                 from ../../Example_VivadoProject_bsp/ps7_cortexa9_0/include/xgpio.h:121,
                 from ../src/helloworld.c:52:
../../Example_VivadoProject_bsp/ps7_cortexa9_0/include/xil_printf.h:36:6: note: declared here
 void print( const char8 *ptr);
      ^
make: *** [src/helloworld.o] Ошибка 1
17:41:43 **** Auto Build of configuration Debug for project Example_VivadoProject ****
make all 
'Building file: ../src/helloworld.c'
'Invoking: ARM gcc compiler'
arm-xilinx-eabi-gcc -Wall -O0 -g3 -c -fmessage-length=0 -MT"src/helloworld.o" -I../../Example_VivadoProject_bsp/ps7_cortexa9_0/include -MMD -MP -MF"src/helloworld.d" -MT"src/helloworld.d" -o "src/helloworld.o" "../src/helloworld.c"
../src/helloworld.c: In function 'main':
../src/helloworld.c:163:13: warning: passing argument 1 of 'print' makes pointer from integer without a cast
       print(Data);
             ^
In file included from ../../Example_VivadoProject_bsp/ps7_cortexa9_0/include/xil_io.h:65:0,
                 from ../../Example_VivadoProject_bsp/ps7_cortexa9_0/include/xgpio_l.h:86,
                 from ../../Example_VivadoProject_bsp/ps7_cortexa9_0/include/xgpio.h:121,
                 from ../src/helloworld.c:52:
../../Example_VivadoProject_bsp/ps7_cortexa9_0/include/xil_printf.h:36:6: note: expected 'const char8 *' but argument is of type 'u32'
 void print( const char8 *ptr);
      ^
'Finished building: ../src/helloworld.c'
' '
'Building target: Example_VivadoProject.elf'
'Invoking: ARM gcc linker'
arm-xilinx-eabi-gcc -Wl,-T -Wl,../src/lscript.ld -L../../Example_VivadoProject_bsp/ps7_cortexa9_0/lib -o "Example_VivadoProject.elf"  ./src/helloworld.o ./src/platform.o   -Wl,--start-group,-lxil,-lgcc,-lc,--end-group
'Finished building target: Example_VivadoProject.elf'
' '
'Invoking: ARM Print Size'
arm-xilinx-eabi-size Example_VivadoProject.elf  |tee "Example_VivadoProject.elf.size"
   text	   data	    bss	    dec	    hex	filename
  24192	   1168	  22596	  47956	   bb54	Example_VivadoProject.elf
'Finished building: Example_VivadoProject.elf.size'
' '
17:41:47 **** Incremental Build of configuration Debug for project Example_VivadoProject ****
make all 
make: Цель `all' не требует выполнения команд.
17:43:09 **** Auto Build of configuration Debug for project Example_VivadoProject ****
make all 
'Building file: ../src/helloworld.c'
'Invoking: ARM gcc compiler'
arm-xilinx-eabi-gcc -Wall -O0 -g3 -c -fmessage-length=0 -MT"src/helloworld.o" -I../../Example_VivadoProject_bsp/ps7_cortexa9_0/include -MMD -MP -MF"src/helloworld.d" -MT"src/helloworld.d" -o "src/helloworld.o" "../src/helloworld.c"
../src/helloworld.c: In function 'main':
../src/helloworld.c:165:13: warning: passing argument 1 of 'print' makes pointer from integer without a cast
       print(Data);
             ^
In file included from ../../Example_VivadoProject_bsp/ps7_cortexa9_0/include/xil_io.h:65:0,
                 from ../../Example_VivadoProject_bsp/ps7_cortexa9_0/include/xgpio_l.h:86,
                 from ../../Example_VivadoProject_bsp/ps7_cortexa9_0/include/xgpio.h:121,
                 from ../src/helloworld.c:52:
../../Example_VivadoProject_bsp/ps7_cortexa9_0/include/xil_printf.h:36:6: note: expected 'const char8 *' but argument is of type 'u32'
 void print( const char8 *ptr);
      ^
'Finished building: ../src/helloworld.c'
' '
'Building target: Example_VivadoProject.elf'
'Invoking: ARM gcc linker'
arm-xilinx-eabi-gcc -Wl,-T -Wl,../src/lscript.ld -L../../Example_VivadoProject_bsp/ps7_cortexa9_0/lib -o "Example_VivadoProject.elf"  ./src/helloworld.o ./src/platform.o   -Wl,--start-group,-lxil,-lgcc,-lc,--end-group
'Finished building target: Example_VivadoProject.elf'
' '
'Invoking: ARM Print Size'
arm-xilinx-eabi-size Example_VivadoProject.elf  |tee "Example_VivadoProject.elf.size"
   text	   data	    bss	    dec	    hex	filename
  24224	   1168	  22596	  47988	   bb74	Example_VivadoProject.elf
'Finished building: Example_VivadoProject.elf.size'
' '
17:43:11 **** Incremental Build of configuration Debug for project Example_VivadoProject ****
make all 
make: Цель `all' не требует выполнения команд.
17:43:40 **** Auto Build of configuration Debug for project Example_VivadoProject ****
make all 
'Building file: ../src/helloworld.c'
'Invoking: ARM gcc compiler'
arm-xilinx-eabi-gcc -Wall -O0 -g3 -c -fmessage-length=0 -MT"src/helloworld.o" -I../../Example_VivadoProject_bsp/ps7_cortexa9_0/include -MMD -MP -MF"src/helloworld.d" -MT"src/helloworld.d" -o "src/helloworld.o" "../src/helloworld.c"
../src/helloworld.c: In function 'main':
../src/helloworld.c:167:13: warning: passing argument 1 of 'print' makes pointer from integer without a cast
       print(Data);
             ^
In file included from ../../Example_VivadoProject_bsp/ps7_cortexa9_0/include/xil_io.h:65:0,
                 from ../../Example_VivadoProject_bsp/ps7_cortexa9_0/include/xgpio_l.h:86,
                 from ../../Example_VivadoProject_bsp/ps7_cortexa9_0/include/xgpio.h:121,
                 from ../src/helloworld.c:52:
../../Example_VivadoProject_bsp/ps7_cortexa9_0/include/xil_printf.h:36:6: note: expected 'const char8 *' but argument is of type 'u32'
 void print( const char8 *ptr);
      ^
'Finished building: ../src/helloworld.c'
' '
'Building target: Example_VivadoProject.elf'
'Invoking: ARM gcc linker'
arm-xilinx-eabi-gcc -Wl,-T -Wl,../src/lscript.ld -L../../Example_VivadoProject_bsp/ps7_cortexa9_0/lib -o "Example_VivadoProject.elf"  ./src/helloworld.o ./src/platform.o   -Wl,--start-group,-lxil,-lgcc,-lc,--end-group
'Finished building target: Example_VivadoProject.elf'
' '
'Invoking: ARM Print Size'
arm-xilinx-eabi-size Example_VivadoProject.elf  |tee "Example_VivadoProject.elf.size"
   text	   data	    bss	    dec	    hex	filename
  24244	   1168	  22596	  48008	   bb88	Example_VivadoProject.elf
'Finished building: Example_VivadoProject.elf.size'
' '
17:43:41 **** Incremental Build of configuration Debug for project Example_VivadoProject ****
make all 
make: Цель `all' не требует выполнения команд.
17:43:47 **** Auto Build of configuration Debug for project Example_VivadoProject ****
make all 
'Building file: ../src/helloworld.c'
'Invoking: ARM gcc compiler'
arm-xilinx-eabi-gcc -Wall -O0 -g3 -c -fmessage-length=0 -MT"src/helloworld.o" -I../../Example_VivadoProject_bsp/ps7_cortexa9_0/include -MMD -MP -MF"src/helloworld.d" -MT"src/helloworld.d" -o "src/helloworld.o" "../src/helloworld.c"
../src/helloworld.c: In function 'main':
../src/helloworld.c:167:13: warning: passing argument 1 of 'print' makes pointer from integer without a cast
       print(Data);
             ^
In file included from ../../Example_VivadoProject_bsp/ps7_cortexa9_0/include/xil_io.h:65:0,
                 from ../../Example_VivadoProject_bsp/ps7_cortexa9_0/include/xgpio_l.h:86,
                 from ../../Example_VivadoProject_bsp/ps7_cortexa9_0/include/xgpio.h:121,
                 from ../src/helloworld.c:52:
../../Example_VivadoProject_bsp/ps7_cortexa9_0/include/xil_printf.h:36:6: note: expected 'const char8 *' but argument is of type 'u32'
 void print( const char8 *ptr);
      ^
'Finished building: ../src/helloworld.c'
' '
'Building target: Example_VivadoProject.elf'
'Invoking: ARM gcc linker'
arm-xilinx-eabi-gcc -Wl,-T -Wl,../src/lscript.ld -L../../Example_VivadoProject_bsp/ps7_cortexa9_0/lib -o "Example_VivadoProject.elf"  ./src/helloworld.o ./src/platform.o   -Wl,--start-group,-lxil,-lgcc,-lc,--end-group
'Finished building target: Example_VivadoProject.elf'
' '
'Invoking: ARM Print Size'
arm-xilinx-eabi-size Example_VivadoProject.elf  |tee "Example_VivadoProject.elf.size"
   text	   data	    bss	    dec	    hex	filename
  24248	   1168	  22596	  48012	   bb8c	Example_VivadoProject.elf
'Finished building: Example_VivadoProject.elf.size'
' '
17:43:48 **** Incremental Build of configuration Debug for project Example_VivadoProject ****
make all 
make: Цель `all' не требует выполнения команд.
17:44:52 **** Auto Build of configuration Debug for project Example_VivadoProject ****
make all 
'Building file: ../src/helloworld.c'
'Invoking: ARM gcc compiler'
arm-xilinx-eabi-gcc -Wall -O0 -g3 -c -fmessage-length=0 -MT"src/helloworld.o" -I../../Example_VivadoProject_bsp/ps7_cortexa9_0/include -MMD -MP -MF"src/helloworld.d" -MT"src/helloworld.d" -o "src/helloworld.o" "../src/helloworld.c"
../src/helloworld.c: In function 'main':
../src/helloworld.c:168:13: warning: passing argument 1 of 'print' makes pointer from integer without a cast
       print(Data);
             ^
In file included from ../../Example_VivadoProject_bsp/ps7_cortexa9_0/include/xil_io.h:65:0,
                 from ../../Example_VivadoProject_bsp/ps7_cortexa9_0/include/xgpio_l.h:86,
                 from ../../Example_VivadoProject_bsp/ps7_cortexa9_0/include/xgpio.h:121,
                 from ../src/helloworld.c:53:
../../Example_VivadoProject_bsp/ps7_cortexa9_0/include/xil_printf.h:36:6: note: expected 'const char8 *' but argument is of type 'u32'
 void print( const char8 *ptr);
      ^
'Finished building: ../src/helloworld.c'
' '
'Building target: Example_VivadoProject.elf'
'Invoking: ARM gcc linker'
arm-xilinx-eabi-gcc -Wl,-T -Wl,../src/lscript.ld -L../../Example_VivadoProject_bsp/ps7_cortexa9_0/lib -o "Example_VivadoProject.elf"  ./src/helloworld.o ./src/platform.o   -Wl,--start-group,-lxil,-lgcc,-lc,--end-group
'Finished building target: Example_VivadoProject.elf'
' '
'Invoking: ARM Print Size'
arm-xilinx-eabi-size Example_VivadoProject.elf  |tee "Example_VivadoProject.elf.size"
   text	   data	    bss	    dec	    hex	filename
  24248	   1168	  22596	  48012	   bb8c	Example_VivadoProject.elf
'Finished building: Example_VivadoProject.elf.size'
' '
17:45:03 **** Auto Build of configuration Debug for project Example_VivadoProject ****
make all 
'Building file: ../src/helloworld.c'
'Invoking: ARM gcc compiler'
arm-xilinx-eabi-gcc -Wall -O0 -g3 -c -fmessage-length=0 -MT"src/helloworld.o" -I../../Example_VivadoProject_bsp/ps7_cortexa9_0/include -MMD -MP -MF"src/helloworld.d" -MT"src/helloworld.d" -o "src/helloworld.o" "../src/helloworld.c"
../src/helloworld.c: In function 'main':
../src/helloworld.c:168:7: warning: implicit declaration of function 'itoa' [-Wimplicit-function-declaration]
       print(itoa(Data));
       ^
../src/helloworld.c:168:13: warning: passing argument 1 of 'print' makes pointer from integer without a cast
       print(itoa(Data));
             ^
In file included from ../../Example_VivadoProject_bsp/ps7_cortexa9_0/include/xil_io.h:65:0,
                 from ../../Example_VivadoProject_bsp/ps7_cortexa9_0/include/xgpio_l.h:86,
                 from ../../Example_VivadoProject_bsp/ps7_cortexa9_0/include/xgpio.h:121,
                 from ../src/helloworld.c:53:
../../Example_VivadoProject_bsp/ps7_cortexa9_0/include/xil_printf.h:36:6: note: expected 'const char8 *' but argument is of type 'int'
 void print( const char8 *ptr);
      ^
'Finished building: ../src/helloworld.c'
' '
'Building target: Example_VivadoProject.elf'
'Invoking: ARM gcc linker'
arm-xilinx-eabi-gcc -Wl,-T -Wl,../src/lscript.ld -L../../Example_VivadoProject_bsp/ps7_cortexa9_0/lib -o "Example_VivadoProject.elf"  ./src/helloworld.o ./src/platform.o   -Wl,--start-group,-lxil,-lgcc,-lc,--end-group
./src/helloworld.o: In function `main':
D:\Work\vivadoProject\Example_Vivado\Example_Vivado.sdk\Example_VivadoProject\Debug/../src/helloworld.c:168: undefined reference to `itoa'
collect2.exe: error: ld returned 1 exit status
make: *** [Example_VivadoProject.elf] Ошибка 1
17:45:26 **** Auto Build of configuration Debug for project Example_VivadoProject ****
make all 
'Building file: ../src/helloworld.c'
'Invoking: ARM gcc compiler'
arm-xilinx-eabi-gcc -Wall -O0 -g3 -c -fmessage-length=0 -MT"src/helloworld.o" -I../../Example_VivadoProject_bsp/ps7_cortexa9_0/include -MMD -MP -MF"src/helloworld.d" -MT"src/helloworld.d" -o "src/helloworld.o" "../src/helloworld.c"
../src/helloworld.c:49:21: fatal error: cstdlib.h: No such file or directory
 #include <cstdlib.h>
                     ^
compilation terminated.
make: *** [src/helloworld.o] Ошибка 1
17:45:28 **** Auto Build of configuration Debug for project Example_VivadoProject ****
make all 
'Building file: ../src/helloworld.c'
'Invoking: ARM gcc compiler'
arm-xilinx-eabi-gcc -Wall -O0 -g3 -c -fmessage-length=0 -MT"src/helloworld.o" -I../../Example_VivadoProject_bsp/ps7_cortexa9_0/include -MMD -MP -MF"src/helloworld.d" -MT"src/helloworld.d" -o "src/helloworld.o" "../src/helloworld.c"
../src/helloworld.c: In function 'main':
../src/helloworld.c:168:7: warning: implicit declaration of function 'itoa' [-Wimplicit-function-declaration]
       print(itoa(Data));
       ^
../src/helloworld.c:168:13: warning: passing argument 1 of 'print' makes pointer from integer without a cast
       print(itoa(Data));
             ^
In file included from ../../Example_VivadoProject_bsp/ps7_cortexa9_0/include/xil_io.h:65:0,
                 from ../../Example_VivadoProject_bsp/ps7_cortexa9_0/include/xgpio_l.h:86,
                 from ../../Example_VivadoProject_bsp/ps7_cortexa9_0/include/xgpio.h:121,
                 from ../src/helloworld.c:53:
../../Example_VivadoProject_bsp/ps7_cortexa9_0/include/xil_printf.h:36:6: note: expected 'const char8 *' but argument is of type 'int'
 void print( const char8 *ptr);
      ^
'Finished building: ../src/helloworld.c'
' '
'Building target: Example_VivadoProject.elf'
'Invoking: ARM gcc linker'
arm-xilinx-eabi-gcc -Wl,-T -Wl,../src/lscript.ld -L../../Example_VivadoProject_bsp/ps7_cortexa9_0/lib -o "Example_VivadoProject.elf"  ./src/helloworld.o ./src/platform.o   -Wl,--start-group,-lxil,-lgcc,-lc,--end-group
./src/helloworld.o: In function `main':
D:\Work\vivadoProject\Example_Vivado\Example_Vivado.sdk\Example_VivadoProject\Debug/../src/helloworld.c:168: undefined reference to `itoa'
collect2.exe: error: ld returned 1 exit status
make: *** [Example_VivadoProject.elf] Ошибка 1
17:45:51 **** Auto Build of configuration Debug for project Example_VivadoProject ****
make all 
'Building file: ../src/helloworld.c'
'Invoking: ARM gcc compiler'
arm-xilinx-eabi-gcc -Wall -O0 -g3 -c -fmessage-length=0 -MT"src/helloworld.o" -I../../Example_VivadoProject_bsp/ps7_cortexa9_0/include -MMD -MP -MF"src/helloworld.d" -MT"src/helloworld.d" -o "src/helloworld.o" "../src/helloworld.c"
../src/helloworld.c: In function 'main':
../src/helloworld.c:168:7: warning: implicit declaration of function 'itoa' [-Wimplicit-function-declaration]
       print(itoa(Data));
       ^
../src/helloworld.c:168:13: warning: passing argument 1 of 'print' makes pointer from integer without a cast
       print(itoa(Data));
             ^
In file included from ../../Example_VivadoProject_bsp/ps7_cortexa9_0/include/xil_io.h:65:0,
                 from ../../Example_VivadoProject_bsp/ps7_cortexa9_0/include/xgpio_l.h:86,
                 from ../../Example_VivadoProject_bsp/ps7_cortexa9_0/include/xgpio.h:121,
                 from ../src/helloworld.c:53:
../../Example_VivadoProject_bsp/ps7_cortexa9_0/include/xil_printf.h:36:6: note: expected 'const char8 *' but argument is of type 'int'
 void print( const char8 *ptr);
      ^
'Finished building: ../src/helloworld.c'
' '
'Building target: Example_VivadoProject.elf'
'Invoking: ARM gcc linker'
arm-xilinx-eabi-gcc -Wl,-T -Wl,../src/lscript.ld -L../../Example_VivadoProject_bsp/ps7_cortexa9_0/lib -o "Example_VivadoProject.elf"  ./src/helloworld.o ./src/platform.o   -Wl,--start-group,-lxil,-lgcc,-lc,--end-group
./src/helloworld.o: In function `main':
D:\Work\vivadoProject\Example_Vivado\Example_Vivado.sdk\Example_VivadoProject\Debug/../src/helloworld.c:168: undefined reference to `itoa'
collect2.exe: error: ld returned 1 exit status
make: *** [Example_VivadoProject.elf] Ошибка 1
17:46:13 **** Auto Build of configuration Debug for project Example_VivadoProject ****
make all 
'Building file: ../src/helloworld.c'
'Invoking: ARM gcc compiler'
arm-xilinx-eabi-gcc -Wall -O0 -g3 -c -fmessage-length=0 -MT"src/helloworld.o" -I../../Example_VivadoProject_bsp/ps7_cortexa9_0/include -MMD -MP -MF"src/helloworld.d" -MT"src/helloworld.d" -o "src/helloworld.o" "../src/helloworld.c"
../src/helloworld.c: In function 'main':
../src/helloworld.c:168:18: warning: passing argument 1 of 'atoi' makes pointer from integer without a cast
       print(atoi(Data));
                  ^
In file included from d:\xilinx\sdk\2015.4\gnu\arm\nt\arm-xilinx-eabi\include\stdio.h:29:0,
                 from ../src/helloworld.c:48:
d:\xilinx\sdk\2015.4\gnu\arm\nt\arm-xilinx-eabi\include\stdlib.h:83:5: note: expected 'const char *' but argument is of type 'u32'
 int _EXFUN(atoi,(const char *__nptr));
     ^
../src/helloworld.c:168:13: warning: passing argument 1 of 'print' makes pointer from integer without a cast
       print(atoi(Data));
             ^
In file included from ../../Example_VivadoProject_bsp/ps7_cortexa9_0/include/xil_io.h:65:0,
                 from ../../Example_VivadoProject_bsp/ps7_cortexa9_0/include/xgpio_l.h:86,
                 from ../../Example_VivadoProject_bsp/ps7_cortexa9_0/include/xgpio.h:121,
                 from ../src/helloworld.c:53:
../../Example_VivadoProject_bsp/ps7_cortexa9_0/include/xil_printf.h:36:6: note: expected 'const char8 *' but argument is of type 'int'
 void print( const char8 *ptr);
      ^
'Finished building: ../src/helloworld.c'
' '
'Building target: Example_VivadoProject.elf'
'Invoking: ARM gcc linker'
arm-xilinx-eabi-gcc -Wl,-T -Wl,../src/lscript.ld -L../../Example_VivadoProject_bsp/ps7_cortexa9_0/lib -o "Example_VivadoProject.elf"  ./src/helloworld.o ./src/platform.o   -Wl,--start-group,-lxil,-lgcc,-lc,--end-group
'Finished building target: Example_VivadoProject.elf'
' '
'Invoking: ARM Print Size'
arm-xilinx-eabi-size Example_VivadoProject.elf  |tee "Example_VivadoProject.elf.size"
   text	   data	    bss	    dec	    hex	filename
  25060	   1172	  22596	  48828	   bebc	Example_VivadoProject.elf
'Finished building: Example_VivadoProject.elf.size'
' '
17:46:24 **** Auto Build of configuration Debug for project Example_VivadoProject ****
make all 
'Building file: ../src/helloworld.c'
'Invoking: ARM gcc compiler'
arm-xilinx-eabi-gcc -Wall -O0 -g3 -c -fmessage-length=0 -MT"src/helloworld.o" -I../../Example_VivadoProject_bsp/ps7_cortexa9_0/include -MMD -MP -MF"src/helloworld.d" -MT"src/helloworld.d" -o "src/helloworld.o" "../src/helloworld.c"
../src/helloworld.c: In function 'main':
../src/helloworld.c:168:7: warning: implicit declaration of function 'itoa' [-Wimplicit-function-declaration]
       print(itoa(Data));
       ^
../src/helloworld.c:168:13: warning: passing argument 1 of 'print' makes pointer from integer without a cast
       print(itoa(Data));
             ^
In file included from ../../Example_VivadoProject_bsp/ps7_cortexa9_0/include/xil_io.h:65:0,
                 from ../../Example_VivadoProject_bsp/ps7_cortexa9_0/include/xgpio_l.h:86,
                 from ../../Example_VivadoProject_bsp/ps7_cortexa9_0/include/xgpio.h:121,
                 from ../src/helloworld.c:53:
../../Example_VivadoProject_bsp/ps7_cortexa9_0/include/xil_printf.h:36:6: note: expected 'const char8 *' but argument is of type 'int'
 void print( const char8 *ptr);
      ^
'Finished building: ../src/helloworld.c'
' '
'Building target: Example_VivadoProject.elf'
'Invoking: ARM gcc linker'
arm-xilinx-eabi-gcc -Wl,-T -Wl,../src/lscript.ld -L../../Example_VivadoProject_bsp/ps7_cortexa9_0/lib -o "Example_VivadoProject.elf"  ./src/helloworld.o ./src/platform.o   -Wl,--start-group,-lxil,-lgcc,-lc,--end-group
./src/helloworld.o: In function `main':
D:\Work\vivadoProject\Example_Vivado\Example_Vivado.sdk\Example_VivadoProject\Debug/../src/helloworld.c:168: undefined reference to `itoa'
collect2.exe: error: ld returned 1 exit status
make: *** [Example_VivadoProject.elf] Ошибка 1
17:46:53 **** Auto Build of configuration Debug for project Example_VivadoProject ****
make all 
'Building file: ../src/helloworld.c'
'Invoking: ARM gcc compiler'
arm-xilinx-eabi-gcc -Wall -O0 -g3 -c -fmessage-length=0 -MT"src/helloworld.o" -I../../Example_VivadoProject_bsp/ps7_cortexa9_0/include -MMD -MP -MF"src/helloworld.d" -MT"src/helloworld.d" -o "src/helloworld.o" "../src/helloworld.c"
../src/helloworld.c: In function 'main':
../src/helloworld.c:169:7: warning: implicit declaration of function 'itoa' [-Wimplicit-function-declaration]
       print(itoa(Data,,10));
       ^
../src/helloworld.c:169:23: error: expected expression before ',' token
       print(itoa(Data,,10));
                       ^
../src/helloworld.c:168:12: warning: unused variable 'buf' [-Wunused-variable]
       char buf[20];
            ^
make: *** [src/helloworld.o] Ошибка 1
17:47:06 **** Auto Build of configuration Debug for project Example_VivadoProject ****
make all 
'Building file: ../src/helloworld.c'
'Invoking: ARM gcc compiler'
arm-xilinx-eabi-gcc -Wall -O0 -g3 -c -fmessage-length=0 -MT"src/helloworld.o" -I../../Example_VivadoProject_bsp/ps7_cortexa9_0/include -MMD -MP -MF"src/helloworld.d" -MT"src/helloworld.d" -o "src/helloworld.o" "../src/helloworld.c"
../src/helloworld.c: In function 'main':
../src/helloworld.c:169:7: warning: implicit declaration of function 'itoa' [-Wimplicit-function-declaration]
       itoa(Data,buf,10)
       ^
../src/helloworld.c:170:7: error: expected ';' before 'print'
       print(buf);
       ^
make: *** [src/helloworld.o] Ошибка 1
17:47:09 **** Auto Build of configuration Debug for project Example_VivadoProject ****
make all 
'Building file: ../src/helloworld.c'
'Invoking: ARM gcc compiler'
arm-xilinx-eabi-gcc -Wall -O0 -g3 -c -fmessage-length=0 -MT"src/helloworld.o" -I../../Example_VivadoProject_bsp/ps7_cortexa9_0/include -MMD -MP -MF"src/helloworld.d" -MT"src/helloworld.d" -o "src/helloworld.o" "../src/helloworld.c"
../src/helloworld.c: In function 'main':
../src/helloworld.c:169:7: warning: implicit declaration of function 'itoa' [-Wimplicit-function-declaration]
       itoa(Data,buf,10);
       ^
'Finished building: ../src/helloworld.c'
' '
'Building target: Example_VivadoProject.elf'
'Invoking: ARM gcc linker'
arm-xilinx-eabi-gcc -Wl,-T -Wl,../src/lscript.ld -L../../Example_VivadoProject_bsp/ps7_cortexa9_0/lib -o "Example_VivadoProject.elf"  ./src/helloworld.o ./src/platform.o   -Wl,--start-group,-lxil,-lgcc,-lc,--end-group
./src/helloworld.o: In function `main':
D:\Work\vivadoProject\Example_Vivado\Example_Vivado.sdk\Example_VivadoProject\Debug/../src/helloworld.c:169: undefined reference to `itoa'
collect2.exe: error: ld returned 1 exit status
make: *** [Example_VivadoProject.elf] Ошибка 1
17:47:14 **** Auto Build of configuration Debug for project Example_VivadoProject ****
make all 
'Building file: ../src/helloworld.c'
'Invoking: ARM gcc compiler'
arm-xilinx-eabi-gcc -Wall -O0 -g3 -c -fmessage-length=0 -MT"src/helloworld.o" -I../../Example_VivadoProject_bsp/ps7_cortexa9_0/include -MMD -MP -MF"src/helloworld.d" -MT"src/helloworld.d" -o "src/helloworld.o" "../src/helloworld.c"
../src/helloworld.c: In function 'main':
../src/helloworld.c:169:7: warning: implicit declaration of function 'itoa' [-Wimplicit-function-declaration]
       itoa(Data,buf,10);
       ^
../src/helloworld.c:170:13: warning: passing argument 1 of 'print' from incompatible pointer type
       print(&buf);
             ^
In file included from ../../Example_VivadoProject_bsp/ps7_cortexa9_0/include/xil_io.h:65:0,
                 from ../../Example_VivadoProject_bsp/ps7_cortexa9_0/include/xgpio_l.h:86,
                 from ../../Example_VivadoProject_bsp/ps7_cortexa9_0/include/xgpio.h:121,
                 from ../src/helloworld.c:53:
../../Example_VivadoProject_bsp/ps7_cortexa9_0/include/xil_printf.h:36:6: note: expected 'const char8 *' but argument is of type 'char (*)[20]'
 void print( const char8 *ptr);
      ^
'Finished building: ../src/helloworld.c'
' '
'Building target: Example_VivadoProject.elf'
'Invoking: ARM gcc linker'
arm-xilinx-eabi-gcc -Wl,-T -Wl,../src/lscript.ld -L../../Example_VivadoProject_bsp/ps7_cortexa9_0/lib -o "Example_VivadoProject.elf"  ./src/helloworld.o ./src/platform.o   -Wl,--start-group,-lxil,-lgcc,-lc,--end-group
./src/helloworld.o: In function `main':
D:\Work\vivadoProject\Example_Vivado\Example_Vivado.sdk\Example_VivadoProject\Debug/../src/helloworld.c:169: undefined reference to `itoa'
collect2.exe: error: ld returned 1 exit status
make: *** [Example_VivadoProject.elf] Ошибка 1
17:47:17 **** Auto Build of configuration Debug for project Example_VivadoProject ****
make all 
'Building file: ../src/helloworld.c'
'Invoking: ARM gcc compiler'
arm-xilinx-eabi-gcc -Wall -O0 -g3 -c -fmessage-length=0 -MT"src/helloworld.o" -I../../Example_VivadoProject_bsp/ps7_cortexa9_0/include -MMD -MP -MF"src/helloworld.d" -MT"src/helloworld.d" -o "src/helloworld.o" "../src/helloworld.c"
../src/helloworld.c: In function 'main':
../src/helloworld.c:169:7: warning: implicit declaration of function 'itoa' [-Wimplicit-function-declaration]
       itoa(Data,buf,10);
       ^
'Finished building: ../src/helloworld.c'
' '
'Building target: Example_VivadoProject.elf'
'Invoking: ARM gcc linker'
arm-xilinx-eabi-gcc -Wl,-T -Wl,../src/lscript.ld -L../../Example_VivadoProject_bsp/ps7_cortexa9_0/lib -o "Example_VivadoProject.elf"  ./src/helloworld.o ./src/platform.o   -Wl,--start-group,-lxil,-lgcc,-lc,--end-group
./src/helloworld.o: In function `main':
D:\Work\vivadoProject\Example_Vivado\Example_Vivado.sdk\Example_VivadoProject\Debug/../src/helloworld.c:169: undefined reference to `itoa'
collect2.exe: error: ld returned 1 exit status
make: *** [Example_VivadoProject.elf] Ошибка 1
17:47:24 **** Auto Build of configuration Debug for project Example_VivadoProject ****
make all 
'Building file: ../src/helloworld.c'
'Invoking: ARM gcc compiler'
arm-xilinx-eabi-gcc -Wall -O0 -g3 -c -fmessage-length=0 -MT"src/helloworld.o" -I../../Example_VivadoProject_bsp/ps7_cortexa9_0/include -MMD -MP -MF"src/helloworld.d" -MT"src/helloworld.d" -o "src/helloworld.o" "../src/helloworld.c"
../src/helloworld.c: In function 'main':
../src/helloworld.c:169:7: warning: implicit declaration of function 'itoa' [-Wimplicit-function-declaration]
       int* p = itoa(Data,buf,10);
       ^
../src/helloworld.c:169:16: warning: initialization makes pointer from integer without a cast
       int* p = itoa(Data,buf,10);
                ^
../src/helloworld.c:169:12: warning: unused variable 'p' [-Wunused-variable]
       int* p = itoa(Data,buf,10);
            ^
'Finished building: ../src/helloworld.c'
' '
'Building target: Example_VivadoProject.elf'
'Invoking: ARM gcc linker'
arm-xilinx-eabi-gcc -Wl,-T -Wl,../src/lscript.ld -L../../Example_VivadoProject_bsp/ps7_cortexa9_0/lib -o "Example_VivadoProject.elf"  ./src/helloworld.o ./src/platform.o   -Wl,--start-group,-lxil,-lgcc,-lc,--end-group
./src/helloworld.o: In function `main':
D:\Work\vivadoProject\Example_Vivado\Example_Vivado.sdk\Example_VivadoProject\Debug/../src/helloworld.c:169: undefined reference to `itoa'
collect2.exe: error: ld returned 1 exit status
make: *** [Example_VivadoProject.elf] Ошибка 1
17:47:31 **** Auto Build of configuration Debug for project Example_VivadoProject ****
make all 
'Building file: ../src/helloworld.c'
'Invoking: ARM gcc compiler'
arm-xilinx-eabi-gcc -Wall -O0 -g3 -c -fmessage-length=0 -MT"src/helloworld.o" -I../../Example_VivadoProject_bsp/ps7_cortexa9_0/include -MMD -MP -MF"src/helloworld.d" -MT"src/helloworld.d" -o "src/helloworld.o" "../src/helloworld.c"
../src/helloworld.c: In function 'main':
../src/helloworld.c:169:7: warning: implicit declaration of function 'itoa' [-Wimplicit-function-declaration]
       char* p = itoa(Data,buf,10);
       ^
../src/helloworld.c:169:17: warning: initialization makes pointer from integer without a cast
       char* p = itoa(Data,buf,10);
                 ^
../src/helloworld.c:169:13: warning: unused variable 'p' [-Wunused-variable]
       char* p = itoa(Data,buf,10);
             ^
'Finished building: ../src/helloworld.c'
' '
'Building target: Example_VivadoProject.elf'
'Invoking: ARM gcc linker'
arm-xilinx-eabi-gcc -Wl,-T -Wl,../src/lscript.ld -L../../Example_VivadoProject_bsp/ps7_cortexa9_0/lib -o "Example_VivadoProject.elf"  ./src/helloworld.o ./src/platform.o   -Wl,--start-group,-lxil,-lgcc,-lc,--end-group
./src/helloworld.o: In function `main':
D:\Work\vivadoProject\Example_Vivado\Example_Vivado.sdk\Example_VivadoProject\Debug/../src/helloworld.c:169: undefined reference to `itoa'
collect2.exe: error: ld returned 1 exit status
make: *** [Example_VivadoProject.elf] Ошибка 1
17:47:41 **** Auto Build of configuration Debug for project Example_VivadoProject ****
make all 
'Building file: ../src/helloworld.c'
'Invoking: ARM gcc compiler'
arm-xilinx-eabi-gcc -Wall -O0 -g3 -c -fmessage-length=0 -MT"src/helloworld.o" -I../../Example_VivadoProject_bsp/ps7_cortexa9_0/include -MMD -MP -MF"src/helloworld.d" -MT"src/helloworld.d" -o "src/helloworld.o" "../src/helloworld.c"
../src/helloworld.c: In function 'main':
../src/helloworld.c:169:7: warning: implicit declaration of function 'itoa' [-Wimplicit-function-declaration]
       char* p = itoa(Data,buf,10);
       ^
../src/helloworld.c:169:17: warning: initialization makes pointer from integer without a cast
       char* p = itoa(Data,buf,10);
                 ^
../src/helloworld.c:169:13: warning: unused variable 'p' [-Wunused-variable]
       char* p = itoa(Data,buf,10);
             ^
'Finished building: ../src/helloworld.c'
' '
'Building target: Example_VivadoProject.elf'
'Invoking: ARM gcc linker'
arm-xilinx-eabi-gcc -Wl,-T -Wl,../src/lscript.ld -L../../Example_VivadoProject_bsp/ps7_cortexa9_0/lib -o "Example_VivadoProject.elf"  ./src/helloworld.o ./src/platform.o   -Wl,--start-group,-lxil,-lgcc,-lc,--end-group
./src/helloworld.o: In function `main':
D:\Work\vivadoProject\Example_Vivado\Example_Vivado.sdk\Example_VivadoProject\Debug/../src/helloworld.c:169: undefined reference to `itoa'
collect2.exe: error: ld returned 1 exit status
make: *** [Example_VivadoProject.elf] Ошибка 1
17:48:00 **** Auto Build of configuration Debug for project Example_VivadoProject ****
make all 
'Building file: ../src/helloworld.c'
'Invoking: ARM gcc compiler'
arm-xilinx-eabi-gcc -Wall -O0 -g3 -c -fmessage-length=0 -MT"src/helloworld.o" -I../../Example_VivadoProject_bsp/ps7_cortexa9_0/include -MMD -MP -MF"src/helloworld.d" -MT"src/helloworld.d" -o "src/helloworld.o" "../src/helloworld.c"
../src/helloworld.c: In function 'main':
../src/helloworld.c:169:7: warning: implicit declaration of function 'itoa' [-Wimplicit-function-declaration]
       itoa(Data,buf,10);
       ^
'Finished building: ../src/helloworld.c'
' '
'Building target: Example_VivadoProject.elf'
'Invoking: ARM gcc linker'
arm-xilinx-eabi-gcc -Wl,-T -Wl,../src/lscript.ld -L../../Example_VivadoProject_bsp/ps7_cortexa9_0/lib -o "Example_VivadoProject.elf"  ./src/helloworld.o ./src/platform.o   -Wl,--start-group,-lxil,-lgcc,-lc,--end-group
./src/helloworld.o: In function `main':
D:\Work\vivadoProject\Example_Vivado\Example_Vivado.sdk\Example_VivadoProject\Debug/../src/helloworld.c:169: undefined reference to `itoa'
collect2.exe: error: ld returned 1 exit status
make: *** [Example_VivadoProject.elf] Ошибка 1
17:49:06 **** Auto Build of configuration Debug for project Example_VivadoProject ****
make all 
'Building file: ../src/helloworld.c'
'Invoking: ARM gcc compiler'
arm-xilinx-eabi-gcc -Wall -O0 -g3 -c -fmessage-length=0 -MT"src/helloworld.o" -I../../Example_VivadoProject_bsp/ps7_cortexa9_0/include -MMD -MP -MF"src/helloworld.d" -MT"src/helloworld.d" -o "src/helloworld.o" "../src/helloworld.c"
'Finished building: ../src/helloworld.c'
' '
'Building target: Example_VivadoProject.elf'
'Invoking: ARM gcc linker'
arm-xilinx-eabi-gcc -Wl,-T -Wl,../src/lscript.ld -L../../Example_VivadoProject_bsp/ps7_cortexa9_0/lib -o "Example_VivadoProject.elf"  ./src/helloworld.o ./src/platform.o   -Wl,--start-group,-lxil,-lgcc,-lc,--end-group
'Finished building target: Example_VivadoProject.elf'
' '
'Invoking: ARM Print Size'
arm-xilinx-eabi-size Example_VivadoProject.elf  |tee "Example_VivadoProject.elf.size"
   text	   data	    bss	    dec	    hex	filename
  24248	   1168	  22596	  48012	   bb8c	Example_VivadoProject.elf
'Finished building: Example_VivadoProject.elf.size'
' '
17:49:49 **** Auto Build of configuration Debug for project Example_VivadoProject ****
make all 
'Building file: ../src/helloworld.c'
'Invoking: ARM gcc compiler'
arm-xilinx-eabi-gcc -Wall -O0 -g3 -c -fmessage-length=0 -MT"src/helloworld.o" -I../../Example_VivadoProject_bsp/ps7_cortexa9_0/include -MMD -MP -MF"src/helloworld.d" -MT"src/helloworld.d" -o "src/helloworld.o" "../src/helloworld.c"
../src/helloworld.c: In function 'main':
../src/helloworld.c:170:7: warning: format '%d' expects argument of type 'int', but argument 2 has type 'u32' [-Wformat=]
       printf("%d",Data);
       ^
../src/helloworld.c:170:7: warning: format '%d' expects argument of type 'int', but argument 2 has type 'u32' [-Wformat=]
../src/helloworld.c:168:12: warning: unused variable 'buf' [-Wunused-variable]
       char buf[20];
            ^
'Finished building: ../src/helloworld.c'
' '
'Building target: Example_VivadoProject.elf'
'Invoking: ARM gcc linker'
arm-xilinx-eabi-gcc -Wl,-T -Wl,../src/lscript.ld -L../../Example_VivadoProject_bsp/ps7_cortexa9_0/lib -o "Example_VivadoProject.elf"  ./src/helloworld.o ./src/platform.o   -Wl,--start-group,-lxil,-lgcc,-lc,--end-group
'Finished building target: Example_VivadoProject.elf'
' '
'Invoking: ARM Print Size'
arm-xilinx-eabi-size Example_VivadoProject.elf  |tee "Example_VivadoProject.elf.size"
   text	   data	    bss	    dec	    hex	filename
  62116	   2336	  22668	  87120	  15450	Example_VivadoProject.elf
'Finished building: Example_VivadoProject.elf.size'
' '
17:49:53 **** Auto Build of configuration Debug for project Example_VivadoProject ****
make all 
'Building file: ../src/helloworld.c'
'Invoking: ARM gcc compiler'
arm-xilinx-eabi-gcc -Wall -O0 -g3 -c -fmessage-length=0 -MT"src/helloworld.o" -I../../Example_VivadoProject_bsp/ps7_cortexa9_0/include -MMD -MP -MF"src/helloworld.d" -MT"src/helloworld.d" -o "src/helloworld.o" "../src/helloworld.c"
../src/helloworld.c: In function 'main':
../src/helloworld.c:170:7: warning: format '%d' expects argument of type 'int', but argument 2 has type 'u32' [-Wformat=]
       printf("%d",Data);
       ^
../src/helloworld.c:170:7: warning: format '%d' expects argument of type 'int', but argument 2 has type 'u32' [-Wformat=]
'Finished building: ../src/helloworld.c'
' '
'Building target: Example_VivadoProject.elf'
'Invoking: ARM gcc linker'
arm-xilinx-eabi-gcc -Wl,-T -Wl,../src/lscript.ld -L../../Example_VivadoProject_bsp/ps7_cortexa9_0/lib -o "Example_VivadoProject.elf"  ./src/helloworld.o ./src/platform.o   -Wl,--start-group,-lxil,-lgcc,-lc,--end-group
'Finished building target: Example_VivadoProject.elf'
' '
'Invoking: ARM Print Size'
arm-xilinx-eabi-size Example_VivadoProject.elf  |tee "Example_VivadoProject.elf.size"
   text	   data	    bss	    dec	    hex	filename
  62116	   2336	  22668	  87120	  15450	Example_VivadoProject.elf
'Finished building: Example_VivadoProject.elf.size'
' '
17:50:00 **** Auto Build of configuration Debug for project Example_VivadoProject ****
make all 
'Building file: ../src/helloworld.c'
'Invoking: ARM gcc compiler'
arm-xilinx-eabi-gcc -Wall -O0 -g3 -c -fmessage-length=0 -MT"src/helloworld.o" -I../../Example_VivadoProject_bsp/ps7_cortexa9_0/include -MMD -MP -MF"src/helloworld.d" -MT"src/helloworld.d" -o "src/helloworld.o" "../src/helloworld.c"
../src/helloworld.c: In function 'main':
../src/helloworld.c:170:7: warning: format '%d' expects argument of type 'int', but argument 2 has type 'u32' [-Wformat=]
       printf("%d",Data);
       ^
../src/helloworld.c:170:7: warning: format '%d' expects argument of type 'int', but argument 2 has type 'u32' [-Wformat=]
'Finished building: ../src/helloworld.c'
' '
'Building target: Example_VivadoProject.elf'
'Invoking: ARM gcc linker'
arm-xilinx-eabi-gcc -Wl,-T -Wl,../src/lscript.ld -L../../Example_VivadoProject_bsp/ps7_cortexa9_0/lib -o "Example_VivadoProject.elf"  ./src/helloworld.o ./src/platform.o   -Wl,--start-group,-lxil,-lgcc,-lc,--end-group
'Finished building target: Example_VivadoProject.elf'
' '
'Invoking: ARM Print Size'
arm-xilinx-eabi-size Example_VivadoProject.elf  |tee "Example_VivadoProject.elf.size"
   text	   data	    bss	    dec	    hex	filename
  62180	   2336	  22668	  87184	  15490	Example_VivadoProject.elf
'Finished building: Example_VivadoProject.elf.size'
' '
17:50:02 **** Auto Build of configuration Debug for project Example_VivadoProject ****
make all 
'Building file: ../src/helloworld.c'
'Invoking: ARM gcc compiler'
arm-xilinx-eabi-gcc -Wall -O0 -g3 -c -fmessage-length=0 -MT"src/helloworld.o" -I../../Example_VivadoProject_bsp/ps7_cortexa9_0/include -MMD -MP -MF"src/helloworld.d" -MT"src/helloworld.d" -o "src/helloworld.o" "../src/helloworld.c"
../src/helloworld.c: In function 'main':
../src/helloworld.c:170:7: warning: format '%x' expects argument of type 'unsigned int', but argument 2 has type 'u32' [-Wformat=]
       printf("%x",Data);
       ^
../src/helloworld.c:170:7: warning: format '%x' expects argument of type 'unsigned int', but argument 2 has type 'u32' [-Wformat=]
'Finished building: ../src/helloworld.c'
' '
'Building target: Example_VivadoProject.elf'
'Invoking: ARM gcc linker'
arm-xilinx-eabi-gcc -Wl,-T -Wl,../src/lscript.ld -L../../Example_VivadoProject_bsp/ps7_cortexa9_0/lib -o "Example_VivadoProject.elf"  ./src/helloworld.o ./src/platform.o   -Wl,--start-group,-lxil,-lgcc,-lc,--end-group
'Finished building target: Example_VivadoProject.elf'
' '
'Invoking: ARM Print Size'
arm-xilinx-eabi-size Example_VivadoProject.elf  |tee "Example_VivadoProject.elf.size"
   text	   data	    bss	    dec	    hex	filename
  62180	   2336	  22668	  87184	  15490	Example_VivadoProject.elf
'Finished building: Example_VivadoProject.elf.size'
' '
17:50:04 **** Auto Build of configuration Debug for project Example_VivadoProject ****
make all 
'Building file: ../src/helloworld.c'
'Invoking: ARM gcc compiler'
arm-xilinx-eabi-gcc -Wall -O0 -g3 -c -fmessage-length=0 -MT"src/helloworld.o" -I../../Example_VivadoProject_bsp/ps7_cortexa9_0/include -MMD -MP -MF"src/helloworld.d" -MT"src/helloworld.d" -o "src/helloworld.o" "../src/helloworld.c"
../src/helloworld.c: In function 'main':
../src/helloworld.c:170:7: warning: format '%f' expects argument of type 'double', but argument 2 has type 'u32' [-Wformat=]
       printf("%f",Data);
       ^
../src/helloworld.c:170:7: warning: format '%f' expects argument of type 'double', but argument 2 has type 'u32' [-Wformat=]
'Finished building: ../src/helloworld.c'
' '
'Building target: Example_VivadoProject.elf'
'Invoking: ARM gcc linker'
arm-xilinx-eabi-gcc -Wl,-T -Wl,../src/lscript.ld -L../../Example_VivadoProject_bsp/ps7_cortexa9_0/lib -o "Example_VivadoProject.elf"  ./src/helloworld.o ./src/platform.o   -Wl,--start-group,-lxil,-lgcc,-lc,--end-group
'Finished building target: Example_VivadoProject.elf'
' '
'Invoking: ARM Print Size'
arm-xilinx-eabi-size Example_VivadoProject.elf  |tee "Example_VivadoProject.elf.size"
   text	   data	    bss	    dec	    hex	filename
  62180	   2336	  22668	  87184	  15490	Example_VivadoProject.elf
'Finished building: Example_VivadoProject.elf.size'
' '
17:50:31 **** Auto Build of configuration Debug for project Example_VivadoProject ****
make all 
'Building file: ../src/helloworld.c'
'Invoking: ARM gcc compiler'
arm-xilinx-eabi-gcc -Wall -O0 -g3 -c -fmessage-length=0 -MT"src/helloworld.o" -I../../Example_VivadoProject_bsp/ps7_cortexa9_0/include -MMD -MP -MF"src/helloworld.d" -MT"src/helloworld.d" -o "src/helloworld.o" "../src/helloworld.c"
../src/helloworld.c: In function 'main':
../src/helloworld.c:170:7: warning: format '%d' expects argument of type 'int', but argument 2 has type 'u32' [-Wformat=]
       printf("%d",Data);
       ^
../src/helloworld.c:170:7: warning: format '%d' expects argument of type 'int', but argument 2 has type 'u32' [-Wformat=]
'Finished building: ../src/helloworld.c'
' '
'Building target: Example_VivadoProject.elf'
'Invoking: ARM gcc linker'
arm-xilinx-eabi-gcc -Wl,-T -Wl,../src/lscript.ld -L../../Example_VivadoProject_bsp/ps7_cortexa9_0/lib -o "Example_VivadoProject.elf"  ./src/helloworld.o ./src/platform.o   -Wl,--start-group,-lxil,-lgcc,-lc,--end-group
'Finished building target: Example_VivadoProject.elf'
' '
'Invoking: ARM Print Size'
arm-xilinx-eabi-size Example_VivadoProject.elf  |tee "Example_VivadoProject.elf.size"
   text	   data	    bss	    dec	    hex	filename
  62180	   2336	  22668	  87184	  15490	Example_VivadoProject.elf
'Finished building: Example_VivadoProject.elf.size'
' '
17:50:35 **** Auto Build of configuration Debug for project Example_VivadoProject ****
make all 
'Building file: ../src/helloworld.c'
'Invoking: ARM gcc compiler'
arm-xilinx-eabi-gcc -Wall -O0 -g3 -c -fmessage-length=0 -MT"src/helloworld.o" -I../../Example_VivadoProject_bsp/ps7_cortexa9_0/include -MMD -MP -MF"src/helloworld.d" -MT"src/helloworld.d" -o "src/helloworld.o" "../src/helloworld.c"
../src/helloworld.c: In function 'main':
../src/helloworld.c:170:7: warning: format '%d' expects argument of type 'int', but argument 2 has type 'u32 *' [-Wformat=]
       printf("%d",&Data);
       ^
[...]
  u32 Data;
      ^
'Finished building: ../src/helloworld.c'
' '
'Building target: Example_VivadoProject.elf'
'Invoking: ARM gcc linker'
arm-xilinx-eabi-gcc -Wl,-T -Wl,../src/lscript.ld -L../../Example_VivadoProject_bsp/ps7_cortexa9_0/lib -o "Example_VivadoProject.elf"  ./src/helloworld.o ./src/platform.o   -Wl,--start-group,-lxil,-lgcc,-lc,--end-group
'Finished building target: Example_VivadoProject.elf'
' '
'Invoking: ARM Print Size'
arm-xilinx-eabi-size Example_VivadoProject.elf  |tee "Example_VivadoProject.elf.size"
   text	   data	    bss	    dec	    hex	filename
  27028	   1168	  22596	  50792	   c668	Example_VivadoProject.elf
'Finished building: Example_VivadoProject.elf.size'
' '
09:50:44 **** Auto Build of configuration Debug for project Example_VivadoProject ****
make all 
'Building file: ../src/helloworld.c'
'Invoking: ARM gcc compiler'
arm-xilinx-eabi-gcc -Wall -O0 -g3 -c -fmessage-length=0 -MT"src/helloworld.o" -I../../Example_VivadoProject_bsp/ps7_cortexa9_0/include -MMD -MP -MF"src/helloworld.d" -MT"src/helloworld.d" -o "src/helloworld.o" "../src/helloworld.c"
../src/helloworld.c: In function 'main':
../src/helloworld.c:117:6: warning: unused variable 'Data' [-Wunused-variable]
  u32 Data;
      ^
'Finished building: ../src/helloworld.c'
' '
'Building target: Example_VivadoProject.elf'
'Invoking: ARM gcc linker'
arm-xilinx-eabi-gcc -Wl,-T -Wl,../src/lscript.ld -L../../Example_VivadoProject_bsp/ps7_cortexa9_0/lib -o "Example_VivadoProject.elf"  ./src/helloworld.o ./src/platform.o   -Wl,--start-group,-lxil,-lgcc,-lc,--end-group
'Finished building target: Example_VivadoProject.elf'
' '
'Invoking: ARM Print Size'
arm-xilinx-eabi-size Example_VivadoProject.elf  |tee "Example_VivadoProject.elf.size"
   text	   data	    bss	    dec	    hex	filename
  27028	   1168	  22596	  50792	   c668	Example_VivadoProject.elf
'Finished building: Example_VivadoProject.elf.size'
' '
09:50:54 **** Auto Build of configuration Debug for project Example_VivadoProject ****
make all 
'Building file: ../src/helloworld.c'
'Invoking: ARM gcc compiler'
arm-xilinx-eabi-gcc -Wall -O0 -g3 -c -fmessage-length=0 -MT"src/helloworld.o" -I../../Example_VivadoProject_bsp/ps7_cortexa9_0/include -MMD -MP -MF"src/helloworld.d" -MT"src/helloworld.d" -o "src/helloworld.o" "../src/helloworld.c"
../src/helloworld.c: In function 'main':
../src/helloworld.c:93:6: warning: unused variable 'Data' [-Wunused-variable]
  u32 Data;
      ^
'Finished building: ../src/helloworld.c'
' '
'Building target: Example_VivadoProject.elf'
'Invoking: ARM gcc linker'
arm-xilinx-eabi-gcc -Wl,-T -Wl,../src/lscript.ld -L../../Example_VivadoProject_bsp/ps7_cortexa9_0/lib -o "Example_VivadoProject.elf"  ./src/helloworld.o ./src/platform.o   -Wl,--start-group,-lxil,-lgcc,-lc,--end-group
'Finished building target: Example_VivadoProject.elf'
' '
'Invoking: ARM Print Size'
arm-xilinx-eabi-size Example_VivadoProject.elf  |tee "Example_VivadoProject.elf.size"
   text	   data	    bss	    dec	    hex	filename
  27028	   1168	  22596	  50792	   c668	Example_VivadoProject.elf
'Finished building: Example_VivadoProject.elf.size'
' '
09:51:13 **** Auto Build of configuration Debug for project Example_VivadoProject ****
make all 
'Building file: ../src/helloworld.c'
'Invoking: ARM gcc compiler'
arm-xilinx-eabi-gcc -Wall -O0 -g3 -c -fmessage-length=0 -MT"src/helloworld.o" -I../../Example_VivadoProject_bsp/ps7_cortexa9_0/include -MMD -MP -MF"src/helloworld.d" -MT"src/helloworld.d" -o "src/helloworld.o" "../src/helloworld.c"
../src/helloworld.c: In function 'main':
../src/helloworld.c:93:6: warning: unused variable 'Data' [-Wunused-variable]
  u32 Data;
      ^
'Finished building: ../src/helloworld.c'
' '
'Building target: Example_VivadoProject.elf'
'Invoking: ARM gcc linker'
arm-xilinx-eabi-gcc -Wl,-T -Wl,../src/lscript.ld -L../../Example_VivadoProject_bsp/ps7_cortexa9_0/lib -o "Example_VivadoProject.elf"  ./src/helloworld.o ./src/platform.o   -Wl,--start-group,-lxil,-lgcc,-lc,--end-group
'Finished building target: Example_VivadoProject.elf'
' '
'Invoking: ARM Print Size'
arm-xilinx-eabi-size Example_VivadoProject.elf  |tee "Example_VivadoProject.elf.size"
   text	   data	    bss	    dec	    hex	filename
  27028	   1168	  22596	  50792	   c668	Example_VivadoProject.elf
'Finished building: Example_VivadoProject.elf.size'
' '
09:51:16 **** Auto Build of configuration Debug for project Example_VivadoProject ****
make all 
'Building file: ../src/helloworld.c'
'Invoking: ARM gcc compiler'
arm-xilinx-eabi-gcc -Wall -O0 -g3 -c -fmessage-length=0 -MT"src/helloworld.o" -I../../Example_VivadoProject_bsp/ps7_cortexa9_0/include -MMD -MP -MF"src/helloworld.d" -MT"src/helloworld.d" -o "src/helloworld.o" "../src/helloworld.c"
../src/helloworld.c: In function 'main':
../src/helloworld.c:93:6: warning: unused variable 'Data' [-Wunused-variable]
  u32 Data;
      ^
'Finished building: ../src/helloworld.c'
' '
'Building target: Example_VivadoProject.elf'
'Invoking: ARM gcc linker'
arm-xilinx-eabi-gcc -Wl,-T -Wl,../src/lscript.ld -L../../Example_VivadoProject_bsp/ps7_cortexa9_0/lib -o "Example_VivadoProject.elf"  ./src/helloworld.o ./src/platform.o   -Wl,--start-group,-lxil,-lgcc,-lc,--end-group
'Finished building target: Example_VivadoProject.elf'
' '
'Invoking: ARM Print Size'
arm-xilinx-eabi-size Example_VivadoProject.elf  |tee "Example_VivadoProject.elf.size"
   text	   data	    bss	    dec	    hex	filename
  27028	   1168	  22596	  50792	   c668	Example_VivadoProject.elf
'Finished building: Example_VivadoProject.elf.size'
' '
09:52:22 **** Auto Build of configuration Debug for project Example_VivadoProject ****
make all 
'Building file: ../src/helloworld.c'
'Invoking: ARM gcc compiler'
arm-xilinx-eabi-gcc -Wall -O0 -g3 -c -fmessage-length=0 -MT"src/helloworld.o" -I../../Example_VivadoProject_bsp/ps7_cortexa9_0/include -MMD -MP -MF"src/helloworld.d" -MT"src/helloworld.d" -o "src/helloworld.o" "../src/helloworld.c"
../src/helloworld.c: In function 'main':
../src/helloworld.c:96:2: error: unknown type name 'bool'
  bool left = true;
  ^
../src/helloworld.c:96:14: error: 'true' undeclared (first use in this function)
  bool left = true;
              ^
../src/helloworld.c:96:14: note: each undeclared identifier is reported only once for each function it appears in
../src/helloworld.c:96:7: warning: unused variable 'left' [-Wunused-variable]
  bool left = true;
       ^
../src/helloworld.c:93:6: warning: unused variable 'Data' [-Wunused-variable]
  u32 Data;
      ^
make: *** [src/helloworld.o] Ошибка 1
09:53:31 **** Auto Build of configuration Debug for project Example_VivadoProject ****
make all 
'Building file: ../src/helloworld.c'
'Invoking: ARM gcc compiler'
arm-xilinx-eabi-gcc -Wall -O0 -g3 -c -fmessage-length=0 -MT"src/helloworld.o" -I../../Example_VivadoProject_bsp/ps7_cortexa9_0/include -MMD -MP -MF"src/helloworld.d" -MT"src/helloworld.d" -o "src/helloworld.o" "../src/helloworld.c"
../src/helloworld.c: In function 'main':
../src/helloworld.c:97:7: warning: unused variable 'left' [-Wunused-variable]
  bool left = true;
       ^
../src/helloworld.c:94:6: warning: unused variable 'Data' [-Wunused-variable]
  u32 Data;
      ^
'Finished building: ../src/helloworld.c'
' '
'Building target: Example_VivadoProject.elf'
'Invoking: ARM gcc linker'
arm-xilinx-eabi-gcc -Wl,-T -Wl,../src/lscript.ld -L../../Example_VivadoProject_bsp/ps7_cortexa9_0/lib -o "Example_VivadoProject.elf"  ./src/helloworld.o ./src/platform.o   -Wl,--start-group,-lxil,-lgcc,-lc,--end-group
'Finished building target: Example_VivadoProject.elf'
' '
'Invoking: ARM Print Size'
arm-xilinx-eabi-size Example_VivadoProject.elf  |tee "Example_VivadoProject.elf.size"
   text	   data	    bss	    dec	    hex	filename
  27028	   1168	  22596	  50792	   c668	Example_VivadoProject.elf
'Finished building: Example_VivadoProject.elf.size'
' '
09:54:07 **** Auto Build of configuration Debug for project Example_VivadoProject ****
make all 
'Building file: ../src/helloworld.c'
'Invoking: ARM gcc compiler'
arm-xilinx-eabi-gcc -Wall -O0 -g3 -c -fmessage-length=0 -MT"src/helloworld.o" -I../../Example_VivadoProject_bsp/ps7_cortexa9_0/include -MMD -MP -MF"src/helloworld.d" -MT"src/helloworld.d" -o "src/helloworld.o" "../src/helloworld.c"
../src/helloworld.c: In function 'main':
../src/helloworld.c:94:6: warning: unused variable 'Data' [-Wunused-variable]
  u32 Data;
      ^
'Finished building: ../src/helloworld.c'
' '
'Building target: Example_VivadoProject.elf'
'Invoking: ARM gcc linker'
arm-xilinx-eabi-gcc -Wl,-T -Wl,../src/lscript.ld -L../../Example_VivadoProject_bsp/ps7_cortexa9_0/lib -o "Example_VivadoProject.elf"  ./src/helloworld.o ./src/platform.o   -Wl,--start-group,-lxil,-lgcc,-lc,--end-group
'Finished building target: Example_VivadoProject.elf'
' '
'Invoking: ARM Print Size'
arm-xilinx-eabi-size Example_VivadoProject.elf  |tee "Example_VivadoProject.elf.size"
   text	   data	    bss	    dec	    hex	filename
  27092	   1168	  22596	  50856	   c6a8	Example_VivadoProject.elf
'Finished building: Example_VivadoProject.elf.size'
' '
09:54:46 **** Auto Build of configuration Debug for project Example_VivadoProject ****
make all 
'Building file: ../src/helloworld.c'
'Invoking: ARM gcc compiler'
arm-xilinx-eabi-gcc -Wall -O0 -g3 -c -fmessage-length=0 -MT"src/helloworld.o" -I../../Example_VivadoProject_bsp/ps7_cortexa9_0/include -MMD -MP -MF"src/helloworld.d" -MT"src/helloworld.d" -o "src/helloworld.o" "../src/helloworld.c"
../src/helloworld.c: In function 'main':
../src/helloworld.c:94:6: warning: unused variable 'Data' [-Wunused-variable]
  u32 Data;
      ^
'Finished building: ../src/helloworld.c'
' '
'Building target: Example_VivadoProject.elf'
'Invoking: ARM gcc linker'
arm-xilinx-eabi-gcc -Wl,-T -Wl,../src/lscript.ld -L../../Example_VivadoProject_bsp/ps7_cortexa9_0/lib -o "Example_VivadoProject.elf"  ./src/helloworld.o ./src/platform.o   -Wl,--start-group,-lxil,-lgcc,-lc,--end-group
'Finished building target: Example_VivadoProject.elf'
' '
'Invoking: ARM Print Size'
arm-xilinx-eabi-size Example_VivadoProject.elf  |tee "Example_VivadoProject.elf.size"
   text	   data	    bss	    dec	    hex	filename
  27028	   1168	  22596	  50792	   c668	Example_VivadoProject.elf
'Finished building: Example_VivadoProject.elf.size'
' '
09:55:03 **** Auto Build of configuration Debug for project Example_VivadoProject ****
make all 
'Building file: ../src/helloworld.c'
'Invoking: ARM gcc compiler'
arm-xilinx-eabi-gcc -Wall -O0 -g3 -c -fmessage-length=0 -MT"src/helloworld.o" -I../../Example_VivadoProject_bsp/ps7_cortexa9_0/include -MMD -MP -MF"src/helloworld.d" -MT"src/helloworld.d" -o "src/helloworld.o" "../src/helloworld.c"
../src/helloworld.c: In function 'main':
../src/helloworld.c:94:6: warning: unused variable 'Data' [-Wunused-variable]
  u32 Data;
      ^
'Finished building: ../src/helloworld.c'
' '
'Building target: Example_VivadoProject.elf'
'Invoking: ARM gcc linker'
arm-xilinx-eabi-gcc -Wl,-T -Wl,../src/lscript.ld -L../../Example_VivadoProject_bsp/ps7_cortexa9_0/lib -o "Example_VivadoProject.elf"  ./src/helloworld.o ./src/platform.o   -Wl,--start-group,-lxil,-lgcc,-lc,--end-group
'Finished building target: Example_VivadoProject.elf'
' '
'Invoking: ARM Print Size'
arm-xilinx-eabi-size Example_VivadoProject.elf  |tee "Example_VivadoProject.elf.size"
   text	   data	    bss	    dec	    hex	filename
  27092	   1168	  22596	  50856	   c6a8	Example_VivadoProject.elf
'Finished building: Example_VivadoProject.elf.size'
' '
09:55:34 **** Auto Build of configuration Debug for project Example_VivadoProject ****
make all 
'Building file: ../src/helloworld.c'
'Invoking: ARM gcc compiler'
arm-xilinx-eabi-gcc -Wall -O0 -g3 -c -fmessage-length=0 -MT"src/helloworld.o" -I../../Example_VivadoProject_bsp/ps7_cortexa9_0/include -MMD -MP -MF"src/helloworld.d" -MT"src/helloworld.d" -o "src/helloworld.o" "../src/helloworld.c"
../src/helloworld.c: In function 'main':
../src/helloworld.c:94:6: warning: unused variable 'Data' [-Wunused-variable]
  u32 Data;
      ^
'Finished building: ../src/helloworld.c'
' '
'Building target: Example_VivadoProject.elf'
'Invoking: ARM gcc linker'
arm-xilinx-eabi-gcc -Wl,-T -Wl,../src/lscript.ld -L../../Example_VivadoProject_bsp/ps7_cortexa9_0/lib -o "Example_VivadoProject.elf"  ./src/helloworld.o ./src/platform.o   -Wl,--start-group,-lxil,-lgcc,-lc,--end-group
'Finished building target: Example_VivadoProject.elf'
' '
'Invoking: ARM Print Size'
arm-xilinx-eabi-size Example_VivadoProject.elf  |tee "Example_VivadoProject.elf.size"
   text	   data	    bss	    dec	    hex	filename
  27092	   1168	  22596	  50856	   c6a8	Example_VivadoProject.elf
'Finished building: Example_VivadoProject.elf.size'
' '
09:55:48 **** Auto Build of configuration Debug for project Example_VivadoProject ****
make all 
'Building file: ../src/helloworld.c'
'Invoking: ARM gcc compiler'
arm-xilinx-eabi-gcc -Wall -O0 -g3 -c -fmessage-length=0 -MT"src/helloworld.o" -I../../Example_VivadoProject_bsp/ps7_cortexa9_0/include -MMD -MP -MF"src/helloworld.d" -MT"src/helloworld.d" -o "src/helloworld.o" "../src/helloworld.c"
../src/helloworld.c: In function 'main':
../src/helloworld.c:94:6: warning: unused variable 'Data' [-Wunused-variable]
  u32 Data;
      ^
'Finished building: ../src/helloworld.c'
' '
'Building target: Example_VivadoProject.elf'
'Invoking: ARM gcc linker'
arm-xilinx-eabi-gcc -Wl,-T -Wl,../src/lscript.ld -L../../Example_VivadoProject_bsp/ps7_cortexa9_0/lib -o "Example_VivadoProject.elf"  ./src/helloworld.o ./src/platform.o   -Wl,--start-group,-lxil,-lgcc,-lc,--end-group
'Finished building target: Example_VivadoProject.elf'
' '
'Invoking: ARM Print Size'
arm-xilinx-eabi-size Example_VivadoProject.elf  |tee "Example_VivadoProject.elf.size"
   text	   data	    bss	    dec	    hex	filename
  27092	   1168	  22596	  50856	   c6a8	Example_VivadoProject.elf
'Finished building: Example_VivadoProject.elf.size'
' '
09:55:50 **** Incremental Build of configuration Debug for project Example_VivadoProject ****
make all 
make: Цель `all' не требует выполнения команд.
09:56:28 **** Auto Build of configuration Debug for project Example_VivadoProject ****
make all 
'Building file: ../src/helloworld.c'
'Invoking: ARM gcc compiler'
arm-xilinx-eabi-gcc -Wall -O0 -g3 -c -fmessage-length=0 -MT"src/helloworld.o" -I../../Example_VivadoProject_bsp/ps7_cortexa9_0/include -MMD -MP -MF"src/helloworld.d" -MT"src/helloworld.d" -o "src/helloworld.o" "../src/helloworld.c"
../src/helloworld.c: In function 'main':
../src/helloworld.c:94:6: warning: unused variable 'Data' [-Wunused-variable]
  u32 Data;
      ^
'Finished building: ../src/helloworld.c'
' '
'Building target: Example_VivadoProject.elf'
'Invoking: ARM gcc linker'
arm-xilinx-eabi-gcc -Wl,-T -Wl,../src/lscript.ld -L../../Example_VivadoProject_bsp/ps7_cortexa9_0/lib -o "Example_VivadoProject.elf"  ./src/helloworld.o ./src/platform.o   -Wl,--start-group,-lxil,-lgcc,-lc,--end-group
'Finished building target: Example_VivadoProject.elf'
' '
'Invoking: ARM Print Size'
arm-xilinx-eabi-size Example_VivadoProject.elf  |tee "Example_VivadoProject.elf.size"
   text	   data	    bss	    dec	    hex	filename
  27092	   1168	  22596	  50856	   c6a8	Example_VivadoProject.elf
'Finished building: Example_VivadoProject.elf.size'
' '
09:56:30 **** Incremental Build of configuration Debug for project Example_VivadoProject ****
make all 
make: Цель `all' не требует выполнения команд.
09:57:02 **** Auto Build of configuration Debug for project Example_VivadoProject ****
make all 
'Building file: ../src/helloworld.c'
'Invoking: ARM gcc compiler'
arm-xilinx-eabi-gcc -Wall -O0 -g3 -c -fmessage-length=0 -MT"src/helloworld.o" -I../../Example_VivadoProject_bsp/ps7_cortexa9_0/include -MMD -MP -MF"src/helloworld.d" -MT"src/helloworld.d" -o "src/helloworld.o" "../src/helloworld.c"
../src/helloworld.c: In function 'main':
../src/helloworld.c:94:6: warning: unused variable 'Data' [-Wunused-variable]
  u32 Data;
      ^
'Finished building: ../src/helloworld.c'
' '
'Building target: Example_VivadoProject.elf'
'Invoking: ARM gcc linker'
arm-xilinx-eabi-gcc -Wl,-T -Wl,../src/lscript.ld -L../../Example_VivadoProject_bsp/ps7_cortexa9_0/lib -o "Example_VivadoProject.elf"  ./src/helloworld.o ./src/platform.o   -Wl,--start-group,-lxil,-lgcc,-lc,--end-group
'Finished building target: Example_VivadoProject.elf'
' '
'Invoking: ARM Print Size'
arm-xilinx-eabi-size Example_VivadoProject.elf  |tee "Example_VivadoProject.elf.size"
   text	   data	    bss	    dec	    hex	filename
  27156	   1168	  22596	  50920	   c6e8	Example_VivadoProject.elf
'Finished building: Example_VivadoProject.elf.size'
' '
09:57:03 **** Incremental Build of configuration Debug for project Example_VivadoProject ****
make all 
make: Цель `all' не требует выполнения команд.
09:57:17 **** Auto Build of configuration Debug for project Example_VivadoProject ****
make all 
'Building file: ../src/helloworld.c'
'Invoking: ARM gcc compiler'
arm-xilinx-eabi-gcc -Wall -O0 -g3 -c -fmessage-length=0 -MT"src/helloworld.o" -I../../Example_VivadoProject_bsp/ps7_cortexa9_0/include -MMD -MP -MF"src/helloworld.d" -MT"src/helloworld.d" -o "src/helloworld.o" "../src/helloworld.c"
../src/helloworld.c: In function 'main':
../src/helloworld.c:94:6: warning: unused variable 'Data' [-Wunused-variable]
  u32 Data;
      ^
'Finished building: ../src/helloworld.c'
' '
'Building target: Example_VivadoProject.elf'
'Invoking: ARM gcc linker'
arm-xilinx-eabi-gcc -Wl,-T -Wl,../src/lscript.ld -L../../Example_VivadoProject_bsp/ps7_cortexa9_0/lib -o "Example_VivadoProject.elf"  ./src/helloworld.o ./src/platform.o   -Wl,--start-group,-lxil,-lgcc,-lc,--end-group
'Finished building target: Example_VivadoProject.elf'
' '
'Invoking: ARM Print Size'
arm-xilinx-eabi-size Example_VivadoProject.elf  |tee "Example_VivadoProject.elf.size"
   text	   data	    bss	    dec	    hex	filename
  27156	   1168	  22596	  50920	   c6e8	Example_VivadoProject.elf
'Finished building: Example_VivadoProject.elf.size'
' '
09:57:19 **** Incremental Build of configuration Debug for project Example_VivadoProject ****
make all 
make: Цель `all' не требует выполнения команд.
09:59:04 **** Auto Build of configuration Debug for project Example_VivadoProject ****
make all 
'Building file: ../src/helloworld.c'
'Invoking: ARM gcc compiler'
arm-xilinx-eabi-gcc -Wall -O0 -g3 -c -fmessage-length=0 -MT"src/helloworld.o" -I../../Example_VivadoProject_bsp/ps7_cortexa9_0/include -MMD -MP -MF"src/helloworld.d" -MT"src/helloworld.d" -o "src/helloworld.o" "../src/helloworld.c"
../src/helloworld.c: In function 'main':
../src/helloworld.c:94:6: warning: unused variable 'Data' [-Wunused-variable]
  u32 Data;
      ^
'Finished building: ../src/helloworld.c'
' '
'Building target: Example_VivadoProject.elf'
'Invoking: ARM gcc linker'
arm-xilinx-eabi-gcc -Wl,-T -Wl,../src/lscript.ld -L../../Example_VivadoProject_bsp/ps7_cortexa9_0/lib -o "Example_VivadoProject.elf"  ./src/helloworld.o ./src/platform.o   -Wl,--start-group,-lxil,-lgcc,-lc,--end-group
'Finished building target: Example_VivadoProject.elf'
' '
'Invoking: ARM Print Size'
arm-xilinx-eabi-size Example_VivadoProject.elf  |tee "Example_VivadoProject.elf.size"
   text	   data	    bss	    dec	    hex	filename
  27156	   1168	  22596	  50920	   c6e8	Example_VivadoProject.elf
'Finished building: Example_VivadoProject.elf.size'
' '
15:31:11 **** Incremental Build of configuration Debug for project Example_VivadoProject ****
make all 
make: Цель `all' не требует выполнения команд.
15:31:30 **** Incremental Build of configuration Debug for project Example_VivadoProject ****
make all 
make: Цель `all' не требует выполнения команд.
08:59:07 **** Incremental Build of configuration Debug for project Example_VivadoProject ****
make all 
make: Цель `all' не требует выполнения команд.
09:00:36 **** Incremental Build of configuration Debug for project Example_VivadoProject ****
make all 
make: Цель `all' не требует выполнения команд.
