09:38:32 **** Clean-only build of configuration Debug for project smartcart ****
make clean 
rm -rf  ./src/helloworld.o ./src/platform.o ./src/smartCard.o ./src/type_data.o  ./src/helloworld.d ./src/platform.d ./src/smartCard.d ./src/type_data.d  smartcart.elf.size  smartcart.elf
 

09:38:32 Build Finished (took 78ms)

09:38:32 **** Build of configuration Debug for project smartcart ****
make all 
Building file: ../src/helloworld.c
Invoking: ARM gcc compiler
arm-xilinx-eabi-gcc -Wall -O0 -g3 -c -fmessage-length=0 -MT"src/helloworld.o" -I../../smartcart_bsp/ps7_cortexa9_0/include -MMD -MP -MF"src/helloworld.d" -MT"src/helloworld.d" -o "src/helloworld.o" "../src/helloworld.c"
In file included from ../src/helloworld.c:61:0:
../src/smartCard.h:29:9: warning: type defaults to 'int' in declaration of 'ProgSmartCart' [-Wimplicit-int]
 typedef ProgSmartCart;
         ^
../src/helloworld.c: In function 'main':
../src/helloworld.c:448:19: warning: unused variable 'err' [-Wunused-variable]
     int somo_test,err;
                   ^
../src/helloworld.c:448:9: warning: unused variable 'somo_test' [-Wunused-variable]
     int somo_test,err;
         ^
../src/helloworld.c:447:14: warning: unused variable 'serial_numer' [-Wunused-variable]
     unsigned serial_numer;
              ^
../src/helloworld.c:446:18: warning: unused variable 'i' [-Wunused-variable]
     int a,status,i;
                  ^
../src/helloworld.c:446:11: warning: variable 'status' set but not used [-Wunused-but-set-variable]
     int a,status,i;
           ^
Finished building: ../src/helloworld.c
 
Building file: ../src/platform.c
Invoking: ARM gcc compiler
arm-xilinx-eabi-gcc -Wall -O0 -g3 -c -fmessage-length=0 -MT"src/platform.o" -I../../smartcart_bsp/ps7_cortexa9_0/include -MMD -MP -MF"src/platform.d" -MT"src/platform.d" -o "src/platform.o" "../src/platform.c"
Finished building: ../src/platform.c
 
Building file: ../src/smartCard.c
Invoking: ARM gcc compiler
arm-xilinx-eabi-gcc -Wall -O0 -g3 -c -fmessage-length=0 -MT"src/smartCard.o" -I../../smartcart_bsp/ps7_cortexa9_0/include -MMD -MP -MF"src/smartCard.d" -MT"src/smartCard.d" -o "src/smartCard.o" "../src/smartCard.c"
In file included from ../src/smartCard.c:8:0:
../src/smartCard.h:29:9: warning: type defaults to 'int' in declaration of 'ProgSmartCart' [-Wimplicit-int]
 typedef ProgSmartCart;
         ^
../src/smartCard.c: In function 'SetSmartCart':
../src/smartCard.c:314:16: warning: passing argument 1 of 'invert_byte' from incompatible pointer type
    invert_byte(&cinterfacesmartcard.reciver_buffer[cinterfacesmartcard.index_rec_buff]);
                ^
In file included from ../src/smartCard.h:21:0,
                 from ../src/smartCard.c:8:
../src/type_data.h:67:6: note: expected 'int *' but argument is of type 'char *'
 void invert_byte(int *a);
      ^
../src/smartCard.c:307:11: warning: unused variable 'ccomanda' [-Wunused-variable]
  Ccomanda ccomanda;
           ^
../src/smartCard.c: In function 'DetectSmartCart':
../src/smartCard.c:361:6: warning: variable 'status' set but not used [-Wunused-but-set-variable]
  int status;
      ^
Finished building: ../src/smartCard.c
 
Building file: ../src/type_data.c
Invoking: ARM gcc compiler
arm-xilinx-eabi-gcc -Wall -O0 -g3 -c -fmessage-length=0 -MT"src/type_data.o" -I../../smartcart_bsp/ps7_cortexa9_0/include -MMD -MP -MF"src/type_data.d" -MT"src/type_data.d" -o "src/type_data.o" "../src/type_data.c"
Finished building: ../src/type_data.c
 
Building target: smartcart.elf
Invoking: ARM gcc linker
arm-xilinx-eabi-gcc -Wl,-T -Wl,../src/lscript.ld -L../../smartcart_bsp/ps7_cortexa9_0/lib -o "smartcart.elf"  ./src/helloworld.o ./src/platform.o ./src/smartCard.o ./src/type_data.o   -Wl,--start-group,-lxil,-lgcc,-lc,--end-group
./src/smartCard.o:(.data+0x0): multiple definition of `baseaddress'
./src/helloworld.o:(.data+0x0): first defined here
collect2.exe: error: ld returned 1 exit status
make: *** [smartcart.elf] Ошибка 1
09:38:38 **** Incremental Build of configuration Debug for project smartcart ****
make all 
Building target: smartcart.elf
Invoking: ARM gcc linker
arm-xilinx-eabi-gcc -Wl,-T -Wl,../src/lscript.ld -L../../smartcart_bsp/ps7_cortexa9_0/lib -o "smartcart.elf"  ./src/helloworld.o ./src/platform.o ./src/smartCard.o ./src/type_data.o   -Wl,--start-group,-lxil,-lgcc,-lc,--end-group
./src/smartCard.o:(.data+0x0): multiple definition of `baseaddress'
./src/helloworld.o:(.data+0x0): first defined here
collect2.exe: error: ld returned 1 exit status
make: *** [smartcart.elf] Ошибка 1
09:39:01 **** Auto Build of configuration Debug for project smartcart ****
make all 
Building file: ../src/helloworld.c
Invoking: ARM gcc compiler
arm-xilinx-eabi-gcc -Wall -O0 -g3 -c -fmessage-length=0 -MT"src/helloworld.o" -I../../smartcart_bsp/ps7_cortexa9_0/include -MMD -MP -MF"src/helloworld.d" -MT"src/helloworld.d" -o "src/helloworld.o" "../src/helloworld.c"
In file included from ../src/helloworld.c:61:0:
../src/smartCard.h:29:9: warning: type defaults to 'int' in declaration of 'ProgSmartCart' [-Wimplicit-int]
 typedef ProgSmartCart;
         ^
../src/helloworld.c: In function 'main':
../src/helloworld.c:448:19: warning: unused variable 'err' [-Wunused-variable]
     int somo_test,err;
                   ^
../src/helloworld.c:448:9: warning: unused variable 'somo_test' [-Wunused-variable]
     int somo_test,err;
         ^
../src/helloworld.c:447:14: warning: unused variable 'serial_numer' [-Wunused-variable]
     unsigned serial_numer;
              ^
../src/helloworld.c:446:18: warning: unused variable 'i' [-Wunused-variable]
     int a,status,i;
                  ^
../src/helloworld.c:446:11: warning: variable 'status' set but not used [-Wunused-but-set-variable]
     int a,status,i;
           ^
Finished building: ../src/helloworld.c
 
Building file: ../src/smartCard.c
Invoking: ARM gcc compiler
arm-xilinx-eabi-gcc -Wall -O0 -g3 -c -fmessage-length=0 -MT"src/smartCard.o" -I../../smartcart_bsp/ps7_cortexa9_0/include -MMD -MP -MF"src/smartCard.d" -MT"src/smartCard.d" -o "src/smartCard.o" "../src/smartCard.c"
In file included from ../src/smartCard.c:8:0:
../src/smartCard.h:29:9: warning: type defaults to 'int' in declaration of 'ProgSmartCart' [-Wimplicit-int]
 typedef ProgSmartCart;
         ^
../src/smartCard.c: In function 'SetSmartCart':
../src/smartCard.c:314:16: warning: passing argument 1 of 'invert_byte' from incompatible pointer type
    invert_byte(&cinterfacesmartcard.reciver_buffer[cinterfacesmartcard.index_rec_buff]);
                ^
In file included from ../src/smartCard.h:21:0,
                 from ../src/smartCard.c:8:
../src/type_data.h:67:6: note: expected 'int *' but argument is of type 'char *'
 void invert_byte(int *a);
      ^
../src/smartCard.c:307:11: warning: unused variable 'ccomanda' [-Wunused-variable]
  Ccomanda ccomanda;
           ^
../src/smartCard.c: In function 'DetectSmartCart':
../src/smartCard.c:361:6: warning: variable 'status' set but not used [-Wunused-but-set-variable]
  int status;
      ^
Finished building: ../src/smartCard.c
 
Building target: smartcart.elf
Invoking: ARM gcc linker
arm-xilinx-eabi-gcc -Wl,-T -Wl,../src/lscript.ld -L../../smartcart_bsp/ps7_cortexa9_0/lib -o "smartcart.elf"  ./src/helloworld.o ./src/platform.o ./src/smartCard.o ./src/type_data.o   -Wl,--start-group,-lxil,-lgcc,-lc,--end-group
Finished building target: smartcart.elf
 
Invoking: ARM Print Size
arm-xilinx-eabi-size smartcart.elf  |tee "smartcart.elf.size"
   text	   data	    bss	    dec	    hex	filename
  31544	   1920	  25684	  59148	   e70c	smartcart.elf
Finished building: smartcart.elf.size
 
09:39:34 **** Auto Build of configuration Debug for project smartcart ****
make all 
Building file: ../src/smartCard.c
Invoking: ARM gcc compiler
arm-xilinx-eabi-gcc -Wall -O0 -g3 -c -fmessage-length=0 -MT"src/smartCard.o" -I../../smartcart_bsp/ps7_cortexa9_0/include -MMD -MP -MF"src/smartCard.d" -MT"src/smartCard.d" -o "src/smartCard.o" "../src/smartCard.c"
In file included from ../src/smartCard.c:8:0:
../src/smartCard.h:29:9: warning: type defaults to 'int' in declaration of 'ProgSmartCart' [-Wimplicit-int]
 typedef ProgSmartCart;
         ^
../src/smartCard.c: In function 'SetSmartCart':
../src/smartCard.c:317:16: warning: passing argument 1 of 'invert_byte' from incompatible pointer type
    invert_byte(&cinterfacesmartcard.reciver_buffer[cinterfacesmartcard.index_rec_buff]);
                ^
In file included from ../src/smartCard.h:21:0,
                 from ../src/smartCard.c:8:
../src/type_data.h:67:6: note: expected 'int *' but argument is of type 'char *'
 void invert_byte(int *a);
      ^
../src/smartCard.c:310:11: warning: unused variable 'ccomanda' [-Wunused-variable]
  Ccomanda ccomanda;
           ^
../src/smartCard.c: In function 'DetectSmartCart':
../src/smartCard.c:364:6: warning: variable 'status' set but not used [-Wunused-but-set-variable]
  int status;
      ^
Finished building: ../src/smartCard.c
 
Building target: smartcart.elf
Invoking: ARM gcc linker
arm-xilinx-eabi-gcc -Wl,-T -Wl,../src/lscript.ld -L../../smartcart_bsp/ps7_cortexa9_0/lib -o "smartcart.elf"  ./src/helloworld.o ./src/platform.o ./src/smartCard.o ./src/type_data.o   -Wl,--start-group,-lxil,-lgcc,-lc,--end-group
Finished building target: smartcart.elf
 
Invoking: ARM Print Size
arm-xilinx-eabi-size smartcart.elf  |tee "smartcart.elf.size"
   text	   data	    bss	    dec	    hex	filename
  31544	   1920	  25684	  59148	   e70c	smartcart.elf
Finished building: smartcart.elf.size
 
09:39:59 **** Auto Build of configuration Debug for project smartcart ****
make all 
Building file: ../src/helloworld.c
Invoking: ARM gcc compiler
arm-xilinx-eabi-gcc -Wall -O0 -g3 -c -fmessage-length=0 -MT"src/helloworld.o" -I../../smartcart_bsp/ps7_cortexa9_0/include -MMD -MP -MF"src/helloworld.d" -MT"src/helloworld.d" -o "src/helloworld.o" "../src/helloworld.c"
In file included from ../src/helloworld.c:61:0:
../src/smartCard.h:29:9: warning: type defaults to 'int' in declaration of 'ProgSmartCart' [-Wimplicit-int]
 typedef ProgSmartCart;
         ^
../src/helloworld.c: In function 'main':
../src/helloworld.c:448:19: warning: unused variable 'err' [-Wunused-variable]
     int somo_test,err;
                   ^
../src/helloworld.c:448:9: warning: unused variable 'somo_test' [-Wunused-variable]
     int somo_test,err;
         ^
../src/helloworld.c:447:14: warning: unused variable 'serial_numer' [-Wunused-variable]
     unsigned serial_numer;
              ^
../src/helloworld.c:446:18: warning: unused variable 'i' [-Wunused-variable]
     int a,status,i;
                  ^
../src/helloworld.c:446:11: warning: variable 'status' set but not used [-Wunused-but-set-variable]
     int a,status,i;
           ^
Finished building: ../src/helloworld.c
 
Building file: ../src/smartCard.c
Invoking: ARM gcc compiler
arm-xilinx-eabi-gcc -Wall -O0 -g3 -c -fmessage-length=0 -MT"src/smartCard.o" -I../../smartcart_bsp/ps7_cortexa9_0/include -MMD -MP -MF"src/smartCard.d" -MT"src/smartCard.d" -o "src/smartCard.o" "../src/smartCard.c"
In file included from ../src/smartCard.c:8:0:
../src/smartCard.h:29:9: warning: type defaults to 'int' in declaration of 'ProgSmartCart' [-Wimplicit-int]
 typedef ProgSmartCart;
         ^
../src/smartCard.c: In function 'SetSmartCart':
../src/smartCard.c:317:16: warning: passing argument 1 of 'invert_byte' from incompatible pointer type
    invert_byte(&cinterfacesmartcard.reciver_buffer[cinterfacesmartcard.index_rec_buff]);
                ^
In file included from ../src/smartCard.h:21:0,
                 from ../src/smartCard.c:8:
../src/type_data.h:67:6: note: expected 'int *' but argument is of type 'char *'
 void invert_byte(int *a);
      ^
../src/smartCard.c:310:11: warning: unused variable 'ccomanda' [-Wunused-variable]
  Ccomanda ccomanda;
           ^
../src/smartCard.c: In function 'DetectSmartCart':
../src/smartCard.c:364:6: warning: variable 'status' set but not used [-Wunused-but-set-variable]
  int status;
      ^
Finished building: ../src/smartCard.c
 
Building target: smartcart.elf
Invoking: ARM gcc linker
arm-xilinx-eabi-gcc -Wl,-T -Wl,../src/lscript.ld -L../../smartcart_bsp/ps7_cortexa9_0/lib -o "smartcart.elf"  ./src/helloworld.o ./src/platform.o ./src/smartCard.o ./src/type_data.o   -Wl,--start-group,-lxil,-lgcc,-lc,--end-group
./src/smartCard.o:(.data+0x0): multiple definition of `baseaddress'
./src/helloworld.o:(.data+0x0): first defined here
collect2.exe: error: ld returned 1 exit status
make: *** [smartcart.elf] Ошибка 1
09:40:19 **** Auto Build of configuration Debug for project smartcart ****
make all 
Building file: ../src/helloworld.c
Invoking: ARM gcc compiler
arm-xilinx-eabi-gcc -Wall -O0 -g3 -c -fmessage-length=0 -MT"src/helloworld.o" -I../../smartcart_bsp/ps7_cortexa9_0/include -MMD -MP -MF"src/helloworld.d" -MT"src/helloworld.d" -o "src/helloworld.o" "../src/helloworld.c"
In file included from ../src/helloworld.c:61:0:
../src/smartCard.h:29:9: warning: type defaults to 'int' in declaration of 'ProgSmartCart' [-Wimplicit-int]
 typedef ProgSmartCart;
         ^
../src/helloworld.c: In function 'main':
../src/helloworld.c:448:19: warning: unused variable 'err' [-Wunused-variable]
     int somo_test,err;
                   ^
../src/helloworld.c:448:9: warning: unused variable 'somo_test' [-Wunused-variable]
     int somo_test,err;
         ^
../src/helloworld.c:447:14: warning: unused variable 'serial_numer' [-Wunused-variable]
     unsigned serial_numer;
              ^
../src/helloworld.c:446:18: warning: unused variable 'i' [-Wunused-variable]
     int a,status,i;
                  ^
../src/helloworld.c:446:11: warning: variable 'status' set but not used [-Wunused-but-set-variable]
     int a,status,i;
           ^
Finished building: ../src/helloworld.c
 
Building file: ../src/smartCard.c
Invoking: ARM gcc compiler
arm-xilinx-eabi-gcc -Wall -O0 -g3 -c -fmessage-length=0 -MT"src/smartCard.o" -I../../smartcart_bsp/ps7_cortexa9_0/include -MMD -MP -MF"src/smartCard.d" -MT"src/smartCard.d" -o "src/smartCard.o" "../src/smartCard.c"
In file included from ../src/smartCard.c:8:0:
../src/smartCard.h:29:9: warning: type defaults to 'int' in declaration of 'ProgSmartCart' [-Wimplicit-int]
 typedef ProgSmartCart;
         ^
../src/smartCard.c: In function 'SetSmartCart':
../src/smartCard.c:317:16: warning: passing argument 1 of 'invert_byte' from incompatible pointer type
    invert_byte(&cinterfacesmartcard.reciver_buffer[cinterfacesmartcard.index_rec_buff]);
                ^
In file included from ../src/smartCard.h:21:0,
                 from ../src/smartCard.c:8:
../src/type_data.h:67:6: note: expected 'int *' but argument is of type 'char *'
 void invert_byte(int *a);
      ^
../src/smartCard.c:310:11: warning: unused variable 'ccomanda' [-Wunused-variable]
  Ccomanda ccomanda;
           ^
../src/smartCard.c: In function 'DetectSmartCart':
../src/smartCard.c:364:6: warning: variable 'status' set but not used [-Wunused-but-set-variable]
  int status;
      ^
Finished building: ../src/smartCard.c
 
Building target: smartcart.elf
Invoking: ARM gcc linker
arm-xilinx-eabi-gcc -Wl,-T -Wl,../src/lscript.ld -L../../smartcart_bsp/ps7_cortexa9_0/lib -o "smartcart.elf"  ./src/helloworld.o ./src/platform.o ./src/smartCard.o ./src/type_data.o   -Wl,--start-group,-lxil,-lgcc,-lc,--end-group
./src/smartCard.o:(.rodata+0x0): multiple definition of `baseaddress'
./src/helloworld.o:(.rodata+0x0): first defined here
collect2.exe: error: ld returned 1 exit status
make: *** [smartcart.elf] Ошибка 1
09:40:23 **** Auto Build of configuration Debug for project smartcart ****
make all 
Building file: ../src/helloworld.c
Invoking: ARM gcc compiler
arm-xilinx-eabi-gcc -Wall -O0 -g3 -c -fmessage-length=0 -MT"src/helloworld.o" -I../../smartcart_bsp/ps7_cortexa9_0/include -MMD -MP -MF"src/helloworld.d" -MT"src/helloworld.d" -o "src/helloworld.o" "../src/helloworld.c"
In file included from ../src/helloworld.c:61:0:
../src/smartCard.h:29:9: warning: type defaults to 'int' in declaration of 'ProgSmartCart' [-Wimplicit-int]
 typedef ProgSmartCart;
         ^
../src/helloworld.c: In function 'main':
../src/helloworld.c:448:19: warning: unused variable 'err' [-Wunused-variable]
     int somo_test,err;
                   ^
../src/helloworld.c:448:9: warning: unused variable 'somo_test' [-Wunused-variable]
     int somo_test,err;
         ^
../src/helloworld.c:447:14: warning: unused variable 'serial_numer' [-Wunused-variable]
     unsigned serial_numer;
              ^
../src/helloworld.c:446:18: warning: unused variable 'i' [-Wunused-variable]
     int a,status,i;
                  ^
../src/helloworld.c:446:11: warning: variable 'status' set but not used [-Wunused-but-set-variable]
     int a,status,i;
           ^
Finished building: ../src/helloworld.c
 
Building file: ../src/smartCard.c
Invoking: ARM gcc compiler
arm-xilinx-eabi-gcc -Wall -O0 -g3 -c -fmessage-length=0 -MT"src/smartCard.o" -I../../smartcart_bsp/ps7_cortexa9_0/include -MMD -MP -MF"src/smartCard.d" -MT"src/smartCard.d" -o "src/smartCard.o" "../src/smartCard.c"
In file included from ../src/smartCard.c:8:0:
../src/smartCard.h:29:9: warning: type defaults to 'int' in declaration of 'ProgSmartCart' [-Wimplicit-int]
 typedef ProgSmartCart;
         ^
../src/smartCard.c: In function 'SetSmartCart':
../src/smartCard.c:317:16: warning: passing argument 1 of 'invert_byte' from incompatible pointer type
    invert_byte(&cinterfacesmartcard.reciver_buffer[cinterfacesmartcard.index_rec_buff]);
                ^
In file included from ../src/smartCard.h:21:0,
                 from ../src/smartCard.c:8:
../src/type_data.h:67:6: note: expected 'int *' but argument is of type 'char *'
 void invert_byte(int *a);
      ^
../src/smartCard.c:310:11: warning: unused variable 'ccomanda' [-Wunused-variable]
  Ccomanda ccomanda;
           ^
../src/smartCard.c: In function 'DetectSmartCart':
../src/smartCard.c:364:6: warning: variable 'status' set but not used [-Wunused-but-set-variable]
  int status;
      ^
Finished building: ../src/smartCard.c
 
Building target: smartcart.elf
Invoking: ARM gcc linker
arm-xilinx-eabi-gcc -Wl,-T -Wl,../src/lscript.ld -L../../smartcart_bsp/ps7_cortexa9_0/lib -o "smartcart.elf"  ./src/helloworld.o ./src/platform.o ./src/smartCard.o ./src/type_data.o   -Wl,--start-group,-lxil,-lgcc,-lc,--end-group
Finished building target: smartcart.elf
 
Invoking: ARM Print Size
arm-xilinx-eabi-size smartcart.elf  |tee "smartcart.elf.size"
   text	   data	    bss	    dec	    hex	filename
  31512	   1920	  25684	  59116	   e6ec	smartcart.elf
Finished building: smartcart.elf.size
 
09:40:31 **** Auto Build of configuration Debug for project smartcart ****
make all 
Building file: ../src/helloworld.c
Invoking: ARM gcc compiler
arm-xilinx-eabi-gcc -Wall -O0 -g3 -c -fmessage-length=0 -MT"src/helloworld.o" -I../../smartcart_bsp/ps7_cortexa9_0/include -MMD -MP -MF"src/helloworld.d" -MT"src/helloworld.d" -o "src/helloworld.o" "../src/helloworld.c"
In file included from ../src/helloworld.c:61:0:
../src/smartCard.h:29:9: warning: type defaults to 'int' in declaration of 'ProgSmartCart' [-Wimplicit-int]
 typedef ProgSmartCart;
         ^
../src/helloworld.c: In function 'main':
../src/helloworld.c:448:19: warning: unused variable 'err' [-Wunused-variable]
     int somo_test,err;
                   ^
../src/helloworld.c:448:9: warning: unused variable 'somo_test' [-Wunused-variable]
     int somo_test,err;
         ^
../src/helloworld.c:447:14: warning: unused variable 'serial_numer' [-Wunused-variable]
     unsigned serial_numer;
              ^
../src/helloworld.c:446:18: warning: unused variable 'i' [-Wunused-variable]
     int a,status,i;
                  ^
../src/helloworld.c:446:11: warning: variable 'status' set but not used [-Wunused-but-set-variable]
     int a,status,i;
           ^
In file included from ../src/helloworld.c:61:0:
../src/helloworld.c: At top level:
../src/smartCard.h:32:12: warning: 'baseaddress' defined but not used [-Wunused-variable]
 static int baseaddress=0x400d0000;//базовый адрес ip ядра
            ^
Finished building: ../src/helloworld.c
 
Building file: ../src/smartCard.c
Invoking: ARM gcc compiler
arm-xilinx-eabi-gcc -Wall -O0 -g3 -c -fmessage-length=0 -MT"src/smartCard.o" -I../../smartcart_bsp/ps7_cortexa9_0/include -MMD -MP -MF"src/smartCard.d" -MT"src/smartCard.d" -o "src/smartCard.o" "../src/smartCard.c"
In file included from ../src/smartCard.c:8:0:
../src/smartCard.h:29:9: warning: type defaults to 'int' in declaration of 'ProgSmartCart' [-Wimplicit-int]
 typedef ProgSmartCart;
         ^
../src/smartCard.c: In function 'SetSmartCart':
../src/smartCard.c:317:16: warning: passing argument 1 of 'invert_byte' from incompatible pointer type
    invert_byte(&cinterfacesmartcard.reciver_buffer[cinterfacesmartcard.index_rec_buff]);
                ^
In file included from ../src/smartCard.h:21:0,
                 from ../src/smartCard.c:8:
../src/type_data.h:67:6: note: expected 'int *' but argument is of type 'char *'
 void invert_byte(int *a);
      ^
../src/smartCard.c:310:11: warning: unused variable 'ccomanda' [-Wunused-variable]
  Ccomanda ccomanda;
           ^
../src/smartCard.c: In function 'DetectSmartCart':
../src/smartCard.c:364:6: warning: variable 'status' set but not used [-Wunused-but-set-variable]
  int status;
      ^
Finished building: ../src/smartCard.c
 
Building target: smartcart.elf
Invoking: ARM gcc linker
arm-xilinx-eabi-gcc -Wl,-T -Wl,../src/lscript.ld -L../../smartcart_bsp/ps7_cortexa9_0/lib -o "smartcart.elf"  ./src/helloworld.o ./src/platform.o ./src/smartCard.o ./src/type_data.o   -Wl,--start-group,-lxil,-lgcc,-lc,--end-group
Finished building target: smartcart.elf
 
Invoking: ARM Print Size
arm-xilinx-eabi-size smartcart.elf  |tee "smartcart.elf.size"
   text	   data	    bss	    dec	    hex	filename
  31544	   1928	  25684	  59156	   e714	smartcart.elf
Finished building: smartcart.elf.size
 
09:40:41 **** Incremental Build of configuration Debug for project smartcart ****
make all 
make: Цель `all' не требует выполнения команд.
10:21:12 **** Incremental Build of configuration Debug for project smartcart ****
make all 
make: Цель `all' не требует выполнения команд.
10:46:51 **** Auto Build of configuration Debug for project smartcart ****
make all 
Building file: ../src/helloworld.c
Invoking: ARM gcc compiler
arm-xilinx-eabi-gcc -Wall -O0 -g3 -c -fmessage-length=0 -MT"src/helloworld.o" -I../../smartcart_bsp/ps7_cortexa9_0/include -MMD -MP -MF"src/helloworld.d" -MT"src/helloworld.d" -o "src/helloworld.o" "../src/helloworld.c"
In file included from ../src/helloworld.c:48:0:
../src/smartCard.h:29:9: warning: type defaults to 'int' in declaration of 'ProgSmartCart' [-Wimplicit-int]
 typedef ProgSmartCart;
         ^
../src/helloworld.c: In function 'main':
../src/helloworld.c:57:19: warning: unused variable 'err' [-Wunused-variable]
     int somo_test,err;
                   ^
../src/helloworld.c:57:9: warning: unused variable 'somo_test' [-Wunused-variable]
     int somo_test,err;
         ^
../src/helloworld.c:56:14: warning: unused variable 'serial_numer' [-Wunused-variable]
     unsigned serial_numer;
              ^
../src/helloworld.c:55:18: warning: unused variable 'i' [-Wunused-variable]
     int a,status,i;
                  ^
../src/helloworld.c:55:11: warning: variable 'status' set but not used [-Wunused-but-set-variable]
     int a,status,i;
           ^
In file included from ../src/helloworld.c:48:0:
../src/helloworld.c: At top level:
../src/smartCard.h:32:12: warning: 'baseaddress' defined but not used [-Wunused-variable]
 static int baseaddress=0x400d0000;//базовый адрес ip ядра
            ^
Finished building: ../src/helloworld.c
 
Building target: smartcart.elf
Invoking: ARM gcc linker
arm-xilinx-eabi-gcc -Wl,-T -Wl,../src/lscript.ld -L../../smartcart_bsp/ps7_cortexa9_0/lib -o "smartcart.elf"  ./src/helloworld.o ./src/platform.o ./src/smartCard.o ./src/type_data.o   -Wl,--start-group,-lxil,-lgcc,-lc,--end-group
Finished building target: smartcart.elf
 
Invoking: ARM Print Size
arm-xilinx-eabi-size smartcart.elf  |tee "smartcart.elf.size"
   text	   data	    bss	    dec	    hex	filename
  31544	   1928	  25684	  59156	   e714	smartcart.elf
Finished building: smartcart.elf.size
 
10:50:30 **** Auto Build of configuration Debug for project smartcart ****
make all 
Building file: ../src/helloworld.c
Invoking: ARM gcc compiler
arm-xilinx-eabi-gcc -Wall -O0 -g3 -c -fmessage-length=0 -MT"src/helloworld.o" -I../../smartcart_bsp/ps7_cortexa9_0/include -MMD -MP -MF"src/helloworld.d" -MT"src/helloworld.d" -o "src/helloworld.o" "../src/helloworld.c"
In file included from ../src/helloworld.c:48:0:
../src/smartCard.h:30:9: warning: type defaults to 'int' in declaration of 'ProgSmartCart' [-Wimplicit-int]
 typedef ProgSmartCart;
         ^
../src/helloworld.c: In function 'main':
../src/helloworld.c:57:19: warning: unused variable 'err' [-Wunused-variable]
     int somo_test,err;
                   ^
../src/helloworld.c:57:9: warning: unused variable 'somo_test' [-Wunused-variable]
     int somo_test,err;
         ^
../src/helloworld.c:56:14: warning: unused variable 'serial_numer' [-Wunused-variable]
     unsigned serial_numer;
              ^
../src/helloworld.c:55:18: warning: unused variable 'i' [-Wunused-variable]
     int a,status,i;
                  ^
../src/helloworld.c:55:11: warning: variable 'status' set but not used [-Wunused-but-set-variable]
     int a,status,i;
           ^
In file included from ../src/helloworld.c:48:0:
../src/helloworld.c: At top level:
../src/smartCard.h:36:12: warning: 'baseaddress' defined but not used [-Wunused-variable]
 static int baseaddress=0x400d0000;
            ^
Finished building: ../src/helloworld.c
 
Building file: ../src/smartCard.c
Invoking: ARM gcc compiler
arm-xilinx-eabi-gcc -Wall -O0 -g3 -c -fmessage-length=0 -MT"src/smartCard.o" -I../../smartcart_bsp/ps7_cortexa9_0/include -MMD -MP -MF"src/smartCard.d" -MT"src/smartCard.d" -o "src/smartCard.o" "../src/smartCard.c"
In file included from ../src/smartCard.c:8:0:
../src/smartCard.h:30:9: warning: type defaults to 'int' in declaration of 'ProgSmartCart' [-Wimplicit-int]
 typedef ProgSmartCart;
         ^
../src/smartCard.c: In function 'SetSmartCart':
../src/smartCard.c:317:16: warning: passing argument 1 of 'invert_byte' from incompatible pointer type
    invert_byte(&cinterfacesmartcard.reciver_buffer[cinterfacesmartcard.index_rec_buff]);
                ^
In file included from ../src/smartCard.h:21:0,
                 from ../src/smartCard.c:8:
../src/type_data.h:67:6: note: expected 'int *' but argument is of type 'char *'
 void invert_byte(int *a);
      ^
../src/smartCard.c:310:11: warning: unused variable 'ccomanda' [-Wunused-variable]
  Ccomanda ccomanda;
           ^
../src/smartCard.c: In function 'DetectSmartCart':
../src/smartCard.c:364:6: warning: variable 'status' set but not used [-Wunused-but-set-variable]
  int status;
      ^
Finished building: ../src/smartCard.c
 
Building target: smartcart.elf
Invoking: ARM gcc linker
arm-xilinx-eabi-gcc -Wl,-T -Wl,../src/lscript.ld -L../../smartcart_bsp/ps7_cortexa9_0/lib -o "smartcart.elf"  ./src/helloworld.o ./src/platform.o ./src/smartCard.o ./src/type_data.o   -Wl,--start-group,-lxil,-lgcc,-lc,--end-group
Finished building target: smartcart.elf
 
Invoking: ARM Print Size
arm-xilinx-eabi-size smartcart.elf  |tee "smartcart.elf.size"
   text	   data	    bss	    dec	    hex	filename
  31544	   1928	  25684	  59156	   e714	smartcart.elf
Finished building: smartcart.elf.size
 
10:52:56 **** Auto Build of configuration Debug for project smartcart ****
make all 
Building file: ../src/helloworld.c
Invoking: ARM gcc compiler
arm-xilinx-eabi-gcc -Wall -O0 -g3 -c -fmessage-length=0 -MT"src/helloworld.o" -I../../smartcart_bsp/ps7_cortexa9_0/include -MMD -MP -MF"src/helloworld.d" -MT"src/helloworld.d" -o "src/helloworld.o" "../src/helloworld.c"
In file included from ../src/helloworld.c:48:0:
../src/smartCard.h:30:9: warning: type defaults to 'int' in declaration of 'ProgSmartCart' [-Wimplicit-int]
 typedef ProgSmartCart;
         ^
../src/helloworld.c: In function 'main':
../src/helloworld.c:57:19: warning: unused variable 'err' [-Wunused-variable]
     int somo_test,err;
                   ^
../src/helloworld.c:57:9: warning: unused variable 'somo_test' [-Wunused-variable]
     int somo_test,err;
         ^
../src/helloworld.c:56:14: warning: unused variable 'serial_numer' [-Wunused-variable]
     unsigned serial_numer;
              ^
../src/helloworld.c:55:18: warning: unused variable 'i' [-Wunused-variable]
     int a,status,i;
                  ^
../src/helloworld.c:55:11: warning: variable 'status' set but not used [-Wunused-but-set-variable]
     int a,status,i;
           ^
In file included from ../src/helloworld.c:48:0:
../src/helloworld.c: At top level:
../src/smartCard.h:36:12: warning: 'baseaddress' defined but not used [-Wunused-variable]
 static int baseaddress=0x400d0000;
            ^
Finished building: ../src/helloworld.c
 
Building file: ../src/smartCard.c
Invoking: ARM gcc compiler
arm-xilinx-eabi-gcc -Wall -O0 -g3 -c -fmessage-length=0 -MT"src/smartCard.o" -I../../smartcart_bsp/ps7_cortexa9_0/include -MMD -MP -MF"src/smartCard.d" -MT"src/smartCard.d" -o "src/smartCard.o" "../src/smartCard.c"
In file included from ../src/smartCard.c:8:0:
../src/smartCard.h:30:9: warning: type defaults to 'int' in declaration of 'ProgSmartCart' [-Wimplicit-int]
 typedef ProgSmartCart;
         ^
../src/smartCard.c: In function 'SetSmartCart':
../src/smartCard.c:317:16: warning: passing argument 1 of 'invert_byte' from incompatible pointer type
    invert_byte(&cinterfacesmartcard.reciver_buffer[cinterfacesmartcard.index_rec_buff]);
                ^
In file included from ../src/smartCard.h:21:0,
                 from ../src/smartCard.c:8:
../src/type_data.h:67:6: note: expected 'int *' but argument is of type 'char *'
 void invert_byte(int *a);
      ^
../src/smartCard.c:310:11: warning: unused variable 'ccomanda' [-Wunused-variable]
  Ccomanda ccomanda;
           ^
../src/smartCard.c: In function 'DetectSmartCart':
../src/smartCard.c:364:6: warning: variable 'status' set but not used [-Wunused-but-set-variable]
  int status;
      ^
Finished building: ../src/smartCard.c
 
Building target: smartcart.elf
Invoking: ARM gcc linker
arm-xilinx-eabi-gcc -Wl,-T -Wl,../src/lscript.ld -L../../smartcart_bsp/ps7_cortexa9_0/lib -o "smartcart.elf"  ./src/helloworld.o ./src/platform.o ./src/smartCard.o ./src/type_data.o   -Wl,--start-group,-lxil,-lgcc,-lc,--end-group
Finished building target: smartcart.elf
 
Invoking: ARM Print Size
arm-xilinx-eabi-size smartcart.elf  |tee "smartcart.elf.size"
   text	   data	    bss	    dec	    hex	filename
  31544	   1928	  25684	  59156	   e714	smartcart.elf
Finished building: smartcart.elf.size
 
10:53:46 **** Auto Build of configuration Debug for project smartcart ****
make all 
Building file: ../src/helloworld.c
Invoking: ARM gcc compiler
arm-xilinx-eabi-gcc -Wall -O0 -g3 -c -fmessage-length=0 -MT"src/helloworld.o" -I../../smartcart_bsp/ps7_cortexa9_0/include -MMD -MP -MF"src/helloworld.d" -MT"src/helloworld.d" -o "src/helloworld.o" "../src/helloworld.c"
In file included from ../src/helloworld.c:48:0:
../src/smartCard.h:30:9: warning: type defaults to 'int' in declaration of 'ProgSmartCart' [-Wimplicit-int]
 typedef ProgSmartCart;
         ^
../src/helloworld.c: In function 'main':
../src/helloworld.c:57:19: warning: unused variable 'err' [-Wunused-variable]
     int somo_test,err;
                   ^
../src/helloworld.c:57:9: warning: unused variable 'somo_test' [-Wunused-variable]
     int somo_test,err;
         ^
../src/helloworld.c:56:14: warning: unused variable 'serial_numer' [-Wunused-variable]
     unsigned serial_numer;
              ^
../src/helloworld.c:55:18: warning: unused variable 'i' [-Wunused-variable]
     int a,status,i;
                  ^
../src/helloworld.c:55:11: warning: variable 'status' set but not used [-Wunused-but-set-variable]
     int a,status,i;
           ^
In file included from ../src/helloworld.c:48:0:
../src/helloworld.c: At top level:
../src/smartCard.h:36:12: warning: 'baseaddress' defined but not used [-Wunused-variable]
 static int baseaddress=0x400d0000;
            ^
Finished building: ../src/helloworld.c
 
Building file: ../src/smartCard.c
Invoking: ARM gcc compiler
arm-xilinx-eabi-gcc -Wall -O0 -g3 -c -fmessage-length=0 -MT"src/smartCard.o" -I../../smartcart_bsp/ps7_cortexa9_0/include -MMD -MP -MF"src/smartCard.d" -MT"src/smartCard.d" -o "src/smartCard.o" "../src/smartCard.c"
In file included from ../src/smartCard.c:8:0:
../src/smartCard.h:30:9: warning: type defaults to 'int' in declaration of 'ProgSmartCart' [-Wimplicit-int]
 typedef ProgSmartCart;
         ^
../src/smartCard.c: In function 'SetSmartCart':
../src/smartCard.c:317:16: warning: passing argument 1 of 'invert_byte' from incompatible pointer type
    invert_byte(&cinterfacesmartcard.reciver_buffer[cinterfacesmartcard.index_rec_buff]);
                ^
In file included from ../src/smartCard.h:21:0,
                 from ../src/smartCard.c:8:
../src/type_data.h:67:6: note: expected 'int *' but argument is of type 'char *'
 void invert_byte(int *a);
      ^
../src/smartCard.c:310:11: warning: unused variable 'ccomanda' [-Wunused-variable]
  Ccomanda ccomanda;
           ^
../src/smartCard.c: In function 'DetectSmartCart':
../src/smartCard.c:364:6: warning: variable 'status' set but not used [-Wunused-but-set-variable]
  int status;
      ^
Finished building: ../src/smartCard.c
 
Building target: smartcart.elf
Invoking: ARM gcc linker
arm-xilinx-eabi-gcc -Wl,-T -Wl,../src/lscript.ld -L../../smartcart_bsp/ps7_cortexa9_0/lib -o "smartcart.elf"  ./src/helloworld.o ./src/platform.o ./src/smartCard.o ./src/type_data.o   -Wl,--start-group,-lxil,-lgcc,-lc,--end-group
Finished building target: smartcart.elf
 
Invoking: ARM Print Size
arm-xilinx-eabi-size smartcart.elf  |tee "smartcart.elf.size"
   text	   data	    bss	    dec	    hex	filename
  31544	   1928	  25684	  59156	   e714	smartcart.elf
Finished building: smartcart.elf.size
 
10:55:54 **** Auto Build of configuration Debug for project smartcart ****
make all 
Building file: ../src/helloworld.c
Invoking: ARM gcc compiler
arm-xilinx-eabi-gcc -Wall -O0 -g3 -c -fmessage-length=0 -MT"src/helloworld.o" -I../../smartcart_bsp/ps7_cortexa9_0/include -MMD -MP -MF"src/helloworld.d" -MT"src/helloworld.d" -o "src/helloworld.o" "../src/helloworld.c"
In file included from ../src/helloworld.c:48:0:
../src/smartCard.h:30:9: warning: type defaults to 'int' in declaration of 'ProgSmartCart' [-Wimplicit-int]
 typedef ProgSmartCart;
         ^
../src/helloworld.c: In function 'main':
../src/helloworld.c:57:19: warning: unused variable 'err' [-Wunused-variable]
     int somo_test,err;
                   ^
../src/helloworld.c:57:9: warning: unused variable 'somo_test' [-Wunused-variable]
     int somo_test,err;
         ^
../src/helloworld.c:56:14: warning: unused variable 'serial_numer' [-Wunused-variable]
     unsigned serial_numer;
              ^
../src/helloworld.c:55:18: warning: unused variable 'i' [-Wunused-variable]
     int a,status,i;
                  ^
../src/helloworld.c:55:11: warning: variable 'status' set but not used [-Wunused-but-set-variable]
     int a,status,i;
           ^
In file included from ../src/helloworld.c:48:0:
../src/helloworld.c: At top level:
../src/smartCard.h:36:12: warning: 'baseaddress' defined but not used [-Wunused-variable]
 static int baseaddress=0x400d0000;
            ^
Finished building: ../src/helloworld.c
 
Building file: ../src/smartCard.c
Invoking: ARM gcc compiler
arm-xilinx-eabi-gcc -Wall -O0 -g3 -c -fmessage-length=0 -MT"src/smartCard.o" -I../../smartcart_bsp/ps7_cortexa9_0/include -MMD -MP -MF"src/smartCard.d" -MT"src/smartCard.d" -o "src/smartCard.o" "../src/smartCard.c"
In file included from ../src/smartCard.c:8:0:
../src/smartCard.h:30:9: warning: type defaults to 'int' in declaration of 'ProgSmartCart' [-Wimplicit-int]
 typedef ProgSmartCart;
         ^
../src/smartCard.c: In function 'SetSmartCart':
../src/smartCard.c:317:16: warning: passing argument 1 of 'invert_byte' from incompatible pointer type
    invert_byte(&cinterfacesmartcard.reciver_buffer[cinterfacesmartcard.index_rec_buff]);
                ^
In file included from ../src/smartCard.h:21:0,
                 from ../src/smartCard.c:8:
../src/type_data.h:67:6: note: expected 'int *' but argument is of type 'char *'
 void invert_byte(int *a);
      ^
../src/smartCard.c:310:11: warning: unused variable 'ccomanda' [-Wunused-variable]
  Ccomanda ccomanda;
           ^
../src/smartCard.c: In function 'DetectSmartCart':
../src/smartCard.c:364:6: warning: variable 'status' set but not used [-Wunused-but-set-variable]
  int status;
      ^
Finished building: ../src/smartCard.c
 
Building target: smartcart.elf
Invoking: ARM gcc linker
arm-xilinx-eabi-gcc -Wl,-T -Wl,../src/lscript.ld -L../../smartcart_bsp/ps7_cortexa9_0/lib -o "smartcart.elf"  ./src/helloworld.o ./src/platform.o ./src/smartCard.o ./src/type_data.o   -Wl,--start-group,-lxil,-lgcc,-lc,--end-group
Finished building target: smartcart.elf
 
Invoking: ARM Print Size
arm-xilinx-eabi-size smartcart.elf  |tee "smartcart.elf.size"
   text	   data	    bss	    dec	    hex	filename
  31544	   1928	  25684	  59156	   e714	smartcart.elf
Finished building: smartcart.elf.size
 
10:56:17 **** Auto Build of configuration Debug for project smartcart ****
make all 
Building file: ../src/helloworld.c
Invoking: ARM gcc compiler
arm-xilinx-eabi-gcc -Wall -O0 -g3 -c -fmessage-length=0 -MT"src/helloworld.o" -I../../smartcart_bsp/ps7_cortexa9_0/include -MMD -MP -MF"src/helloworld.d" -MT"src/helloworld.d" -o "src/helloworld.o" "../src/helloworld.c"
In file included from ../src/helloworld.c:48:0:
../src/smartCard.h:30:9: warning: type defaults to 'int' in declaration of 'ProgSmartCart' [-Wimplicit-int]
 typedef ProgSmartCart;
         ^
../src/smartCard.h:55:1: error: stray '\345' in program
 unsigned еest_кesult();
 ^
../src/smartCard.h:55:1: error: stray '\352' in program
../src/smartCard.h:55:16: error: expected '=', ',', ';', 'asm' or '__attribute__' before 'esult'
 unsigned еest_кesult();
                ^
../src/helloworld.c: In function 'main':
../src/helloworld.c:78:4: warning: implicit declaration of function 'get_CHALLENGE' [-Wimplicit-function-declaration]
    get_CHALLENGE();
    ^
../src/helloworld.c:57:19: warning: unused variable 'err' [-Wunused-variable]
     int somo_test,err;
                   ^
../src/helloworld.c:57:9: warning: unused variable 'somo_test' [-Wunused-variable]
     int somo_test,err;
         ^
../src/helloworld.c:56:14: warning: unused variable 'serial_numer' [-Wunused-variable]
     unsigned serial_numer;
              ^
../src/helloworld.c:55:18: warning: unused variable 'i' [-Wunused-variable]
     int a,status,i;
                  ^
../src/helloworld.c:55:11: warning: variable 'status' set but not used [-Wunused-but-set-variable]
     int a,status,i;
           ^
In file included from ../src/helloworld.c:48:0:
../src/helloworld.c: At top level:
../src/smartCard.h:36:12: warning: 'baseaddress' defined but not used [-Wunused-variable]
 static int baseaddress=0x400d0000;
            ^
make: *** [src/helloworld.o] Ошибка 1
10:56:20 **** Auto Build of configuration Debug for project smartcart ****
make all 
Building file: ../src/helloworld.c
Invoking: ARM gcc compiler
arm-xilinx-eabi-gcc -Wall -O0 -g3 -c -fmessage-length=0 -MT"src/helloworld.o" -I../../smartcart_bsp/ps7_cortexa9_0/include -MMD -MP -MF"src/helloworld.d" -MT"src/helloworld.d" -o "src/helloworld.o" "../src/helloworld.c"
In file included from ../src/helloworld.c:48:0:
../src/smartCard.h:30:9: warning: type defaults to 'int' in declaration of 'ProgSmartCart' [-Wimplicit-int]
 typedef ProgSmartCart;
         ^
../src/smartCard.h:55:1: error: stray '\345' in program
 unsigned еest_кesult();
 ^
../src/smartCard.h:55:1: error: stray '\352' in program
../src/smartCard.h:55:16: error: expected '=', ',', ';', 'asm' or '__attribute__' before 'esult'
 unsigned еest_кesult();
                ^
../src/helloworld.c: In function 'main':
../src/helloworld.c:78:4: warning: implicit declaration of function 'get_CHALLENGE' [-Wimplicit-function-declaration]
    get_CHALLENGE();
    ^
../src/helloworld.c:57:19: warning: unused variable 'err' [-Wunused-variable]
     int somo_test,err;
                   ^
../src/helloworld.c:57:9: warning: unused variable 'somo_test' [-Wunused-variable]
     int somo_test,err;
         ^
../src/helloworld.c:56:14: warning: unused variable 'serial_numer' [-Wunused-variable]
     unsigned serial_numer;
              ^
../src/helloworld.c:55:18: warning: unused variable 'i' [-Wunused-variable]
     int a,status,i;
                  ^
../src/helloworld.c:55:11: warning: variable 'status' set but not used [-Wunused-but-set-variable]
     int a,status,i;
           ^
In file included from ../src/helloworld.c:48:0:
../src/helloworld.c: At top level:
../src/smartCard.h:36:12: warning: 'baseaddress' defined but not used [-Wunused-variable]
 static int baseaddress=0x400d0000;
            ^
make: *** [src/helloworld.o] Ошибка 1
10:56:23 **** Auto Build of configuration Debug for project smartcart ****
make all 
Building file: ../src/helloworld.c
Invoking: ARM gcc compiler
arm-xilinx-eabi-gcc -Wall -O0 -g3 -c -fmessage-length=0 -MT"src/helloworld.o" -I../../smartcart_bsp/ps7_cortexa9_0/include -MMD -MP -MF"src/helloworld.d" -MT"src/helloworld.d" -o "src/helloworld.o" "../src/helloworld.c"
In file included from ../src/helloworld.c:48:0:
../src/smartCard.h:30:9: warning: type defaults to 'int' in declaration of 'ProgSmartCart' [-Wimplicit-int]
 typedef ProgSmartCart;
         ^
../src/smartCard.h:55:1: error: stray '\345' in program
 unsigned еest_кesult();
 ^
../src/smartCard.h:55:1: error: stray '\352' in program
../src/smartCard.h:55:16: error: expected '=', ',', ';', 'asm' or '__attribute__' before 'esult'
 unsigned еest_кesult();
                ^
../src/helloworld.c: In function 'main':
../src/helloworld.c:78:4: warning: implicit declaration of function 'get_CHALLENGE' [-Wimplicit-function-declaration]
    get_CHALLENGE();
    ^
../src/helloworld.c:57:19: warning: unused variable 'err' [-Wunused-variable]
     int somo_test,err;
                   ^
../src/helloworld.c:57:9: warning: unused variable 'somo_test' [-Wunused-variable]
     int somo_test,err;
         ^
../src/helloworld.c:56:14: warning: unused variable 'serial_numer' [-Wunused-variable]
     unsigned serial_numer;
              ^
../src/helloworld.c:55:18: warning: unused variable 'i' [-Wunused-variable]
     int a,status,i;
                  ^
../src/helloworld.c:55:11: warning: variable 'status' set but not used [-Wunused-but-set-variable]
     int a,status,i;
           ^
In file included from ../src/helloworld.c:48:0:
../src/helloworld.c: At top level:
../src/smartCard.h:36:12: warning: 'baseaddress' defined but not used [-Wunused-variable]
 static int baseaddress=0x400d0000;
            ^
make: *** [src/helloworld.o] Ошибка 1
10:56:28 **** Auto Build of configuration Debug for project smartcart ****
make all 
Building file: ../src/helloworld.c
Invoking: ARM gcc compiler
arm-xilinx-eabi-gcc -Wall -O0 -g3 -c -fmessage-length=0 -MT"src/helloworld.o" -I../../smartcart_bsp/ps7_cortexa9_0/include -MMD -MP -MF"src/helloworld.d" -MT"src/helloworld.d" -o "src/helloworld.o" "../src/helloworld.c"
In file included from ../src/helloworld.c:48:0:
../src/smartCard.h:30:9: warning: type defaults to 'int' in declaration of 'ProgSmartCart' [-Wimplicit-int]
 typedef ProgSmartCart;
         ^
../src/smartCard.h:55:1: error: stray '\345' in program
 unsigned еest_кesult();
 ^
../src/smartCard.h:55:1: error: stray '\352' in program
../src/smartCard.h:55:16: error: expected '=', ',', ';', 'asm' or '__attribute__' before 'esult'
 unsigned еest_кesult();
                ^
../src/helloworld.c: In function 'main':
../src/helloworld.c:78:4: warning: implicit declaration of function 'get_CHALLENGE' [-Wimplicit-function-declaration]
    get_CHALLENGE();
    ^
../src/helloworld.c:57:19: warning: unused variable 'err' [-Wunused-variable]
     int somo_test,err;
                   ^
../src/helloworld.c:57:9: warning: unused variable 'somo_test' [-Wunused-variable]
     int somo_test,err;
         ^
../src/helloworld.c:56:14: warning: unused variable 'serial_numer' [-Wunused-variable]
     unsigned serial_numer;
              ^
../src/helloworld.c:55:18: warning: unused variable 'i' [-Wunused-variable]
     int a,status,i;
                  ^
../src/helloworld.c:55:11: warning: variable 'status' set but not used [-Wunused-but-set-variable]
     int a,status,i;
           ^
In file included from ../src/helloworld.c:48:0:
../src/helloworld.c: At top level:
../src/smartCard.h:36:12: warning: 'baseaddress' defined but not used [-Wunused-variable]
 static int baseaddress=0x400d0000;
            ^
make: *** [src/helloworld.o] Ошибка 1
10:56:31 **** Auto Build of configuration Debug for project smartcart ****
make all 
Building file: ../src/helloworld.c
Invoking: ARM gcc compiler
arm-xilinx-eabi-gcc -Wall -O0 -g3 -c -fmessage-length=0 -MT"src/helloworld.o" -I../../smartcart_bsp/ps7_cortexa9_0/include -MMD -MP -MF"src/helloworld.d" -MT"src/helloworld.d" -o "src/helloworld.o" "../src/helloworld.c"
In file included from ../src/helloworld.c:48:0:
../src/smartCard.h:30:9: warning: type defaults to 'int' in declaration of 'ProgSmartCart' [-Wimplicit-int]
 typedef ProgSmartCart;
         ^
../src/smartCard.h:55:1: error: stray '\345' in program
 unsigned еest_кesult();
 ^
../src/smartCard.h:55:1: error: stray '\352' in program
../src/smartCard.h:55:16: error: expected '=', ',', ';', 'asm' or '__attribute__' before 'esult'
 unsigned еest_кesult();
                ^
../src/helloworld.c: In function 'main':
../src/helloworld.c:78:4: warning: implicit declaration of function 'get_CHALLENGE' [-Wimplicit-function-declaration]
    get_CHALLENGE();
    ^
../src/helloworld.c:57:19: warning: unused variable 'err' [-Wunused-variable]
     int somo_test,err;
                   ^
../src/helloworld.c:57:9: warning: unused variable 'somo_test' [-Wunused-variable]
     int somo_test,err;
         ^
../src/helloworld.c:56:14: warning: unused variable 'serial_numer' [-Wunused-variable]
     unsigned serial_numer;
              ^
../src/helloworld.c:55:18: warning: unused variable 'i' [-Wunused-variable]
     int a,status,i;
                  ^
../src/helloworld.c:55:11: warning: variable 'status' set but not used [-Wunused-but-set-variable]
     int a,status,i;
           ^
In file included from ../src/helloworld.c:48:0:
../src/helloworld.c: At top level:
../src/smartCard.h:36:12: warning: 'baseaddress' defined but not used [-Wunused-variable]
 static int baseaddress=0x400d0000;
            ^
make: *** [src/helloworld.o] Ошибка 1
10:56:36 **** Auto Build of configuration Debug for project smartcart ****
make all 
Building file: ../src/helloworld.c
Invoking: ARM gcc compiler
arm-xilinx-eabi-gcc -Wall -O0 -g3 -c -fmessage-length=0 -MT"src/helloworld.o" -I../../smartcart_bsp/ps7_cortexa9_0/include -MMD -MP -MF"src/helloworld.d" -MT"src/helloworld.d" -o "src/helloworld.o" "../src/helloworld.c"
In file included from ../src/helloworld.c:48:0:
../src/smartCard.h:30:9: warning: type defaults to 'int' in declaration of 'ProgSmartCart' [-Wimplicit-int]
 typedef ProgSmartCart;
         ^
../src/smartCard.h:55:1: error: stray '\345' in program
 unsigned еest_кesult();
 ^
../src/smartCard.h:55:1: error: stray '\352' in program
../src/smartCard.h:55:16: error: expected '=', ',', ';', 'asm' or '__attribute__' before 'esult'
 unsigned еest_кesult();
                ^
../src/helloworld.c: In function 'main':
../src/helloworld.c:78:4: warning: implicit declaration of function 'get_CHALLENGE' [-Wimplicit-function-declaration]
    get_CHALLENGE();
    ^
../src/helloworld.c:57:19: warning: unused variable 'err' [-Wunused-variable]
     int somo_test,err;
                   ^
../src/helloworld.c:57:9: warning: unused variable 'somo_test' [-Wunused-variable]
     int somo_test,err;
         ^
../src/helloworld.c:56:14: warning: unused variable 'serial_numer' [-Wunused-variable]
     unsigned serial_numer;
              ^
../src/helloworld.c:55:18: warning: unused variable 'i' [-Wunused-variable]
     int a,status,i;
                  ^
../src/helloworld.c:55:11: warning: variable 'status' set but not used [-Wunused-but-set-variable]
     int a,status,i;
           ^
In file included from ../src/helloworld.c:48:0:
../src/helloworld.c: At top level:
../src/smartCard.h:36:12: warning: 'baseaddress' defined but not used [-Wunused-variable]
 static int baseaddress=0x400d0000;
            ^
make: *** [src/helloworld.o] Ошибка 1
10:56:53 **** Auto Build of configuration Debug for project smartcart ****
make all 
Building file: ../src/helloworld.c
Invoking: ARM gcc compiler
arm-xilinx-eabi-gcc -Wall -O0 -g3 -c -fmessage-length=0 -MT"src/helloworld.o" -I../../smartcart_bsp/ps7_cortexa9_0/include -MMD -MP -MF"src/helloworld.d" -MT"src/helloworld.d" -o "src/helloworld.o" "../src/helloworld.c"
In file included from ../src/helloworld.c:48:0:
../src/smartCard.h:30:9: warning: type defaults to 'int' in declaration of 'ProgSmartCart' [-Wimplicit-int]
 typedef ProgSmartCart;
         ^
../src/helloworld.c: In function 'main':
../src/helloworld.c:78:4: warning: implicit declaration of function 'get_CHALLENGE' [-Wimplicit-function-declaration]
    get_CHALLENGE();
    ^
../src/helloworld.c:57:19: warning: unused variable 'err' [-Wunused-variable]
     int somo_test,err;
                   ^
../src/helloworld.c:57:9: warning: unused variable 'somo_test' [-Wunused-variable]
     int somo_test,err;
         ^
../src/helloworld.c:56:14: warning: unused variable 'serial_numer' [-Wunused-variable]
     unsigned serial_numer;
              ^
../src/helloworld.c:55:18: warning: unused variable 'i' [-Wunused-variable]
     int a,status,i;
                  ^
../src/helloworld.c:55:11: warning: variable 'status' set but not used [-Wunused-but-set-variable]
     int a,status,i;
           ^
In file included from ../src/helloworld.c:48:0:
../src/helloworld.c: At top level:
../src/smartCard.h:36:12: warning: 'baseaddress' defined but not used [-Wunused-variable]
 static int baseaddress=0x400d0000;
            ^
Finished building: ../src/helloworld.c
 
Building file: ../src/smartCard.c
Invoking: ARM gcc compiler
arm-xilinx-eabi-gcc -Wall -O0 -g3 -c -fmessage-length=0 -MT"src/smartCard.o" -I../../smartcart_bsp/ps7_cortexa9_0/include -MMD -MP -MF"src/smartCard.d" -MT"src/smartCard.d" -o "src/smartCard.o" "../src/smartCard.c"
In file included from ../src/smartCard.c:8:0:
../src/smartCard.h:30:9: warning: type defaults to 'int' in declaration of 'ProgSmartCart' [-Wimplicit-int]
 typedef ProgSmartCart;
         ^
../src/smartCard.c: In function 'SetSmartCart':
../src/smartCard.c:317:16: warning: passing argument 1 of 'invert_byte' from incompatible pointer type
    invert_byte(&cinterfacesmartcard.reciver_buffer[cinterfacesmartcard.index_rec_buff]);
                ^
In file included from ../src/smartCard.h:21:0,
                 from ../src/smartCard.c:8:
../src/type_data.h:67:6: note: expected 'int *' but argument is of type 'char *'
 void invert_byte(int *a);
      ^
../src/smartCard.c:310:11: warning: unused variable 'ccomanda' [-Wunused-variable]
  Ccomanda ccomanda;
           ^
../src/smartCard.c: In function 'DetectSmartCart':
../src/smartCard.c:364:6: warning: variable 'status' set but not used [-Wunused-but-set-variable]
  int status;
      ^
Finished building: ../src/smartCard.c
 
Building target: smartcart.elf
Invoking: ARM gcc linker
arm-xilinx-eabi-gcc -Wl,-T -Wl,../src/lscript.ld -L../../smartcart_bsp/ps7_cortexa9_0/lib -o "smartcart.elf"  ./src/helloworld.o ./src/platform.o ./src/smartCard.o ./src/type_data.o   -Wl,--start-group,-lxil,-lgcc,-lc,--end-group
Finished building target: smartcart.elf
 
Invoking: ARM Print Size
arm-xilinx-eabi-size smartcart.elf  |tee "smartcart.elf.size"
   text	   data	    bss	    dec	    hex	filename
  31544	   1928	  25684	  59156	   e714	smartcart.elf
Finished building: smartcart.elf.size
 
10:57:10 **** Auto Build of configuration Debug for project smartcart ****
make all 
Building file: ../src/smartCard.c
Invoking: ARM gcc compiler
arm-xilinx-eabi-gcc -Wall -O0 -g3 -c -fmessage-length=0 -MT"src/smartCard.o" -I../../smartcart_bsp/ps7_cortexa9_0/include -MMD -MP -MF"src/smartCard.d" -MT"src/smartCard.d" -o "src/smartCard.o" "../src/smartCard.c"
In file included from ../src/smartCard.c:8:0:
../src/smartCard.h:30:9: warning: type defaults to 'int' in declaration of 'ProgSmartCart' [-Wimplicit-int]
 typedef ProgSmartCart;
         ^
../src/smartCard.c: In function 'SetSmartCart':
../src/smartCard.c:317:16: warning: passing argument 1 of 'invert_byte' from incompatible pointer type
    invert_byte(&cinterfacesmartcard.reciver_buffer[cinterfacesmartcard.index_rec_buff]);
                ^
In file included from ../src/smartCard.h:21:0,
                 from ../src/smartCard.c:8:
../src/type_data.h:67:6: note: expected 'int *' but argument is of type 'char *'
 void invert_byte(int *a);
      ^
../src/smartCard.c:310:11: warning: unused variable 'ccomanda' [-Wunused-variable]
  Ccomanda ccomanda;
           ^
../src/smartCard.c: In function 'DetectSmartCart':
../src/smartCard.c:364:6: warning: variable 'status' set but not used [-Wunused-but-set-variable]
  int status;
      ^
Finished building: ../src/smartCard.c
 
Building target: smartcart.elf
Invoking: ARM gcc linker
arm-xilinx-eabi-gcc -Wl,-T -Wl,../src/lscript.ld -L../../smartcart_bsp/ps7_cortexa9_0/lib -o "smartcart.elf"  ./src/helloworld.o ./src/platform.o ./src/smartCard.o ./src/type_data.o   -Wl,--start-group,-lxil,-lgcc,-lc,--end-group
./src/helloworld.o: In function `main':
D:\SMartCart\hdl_prj\vivado_ip_prj\vivado_prj.sdk\smartcart\Debug/../src/helloworld.c:78: undefined reference to `get_CHALLENGE'
collect2.exe: error: ld returned 1 exit status
make: *** [smartcart.elf] Ошибка 1
10:57:19 **** Auto Build of configuration Debug for project smartcart ****
make all 
Building file: ../src/smartCard.c
Invoking: ARM gcc compiler
arm-xilinx-eabi-gcc -Wall -O0 -g3 -c -fmessage-length=0 -MT"src/smartCard.o" -I../../smartcart_bsp/ps7_cortexa9_0/include -MMD -MP -MF"src/smartCard.d" -MT"src/smartCard.d" -o "src/smartCard.o" "../src/smartCard.c"
In file included from ../src/smartCard.c:8:0:
../src/smartCard.h:30:9: warning: type defaults to 'int' in declaration of 'ProgSmartCart' [-Wimplicit-int]
 typedef ProgSmartCart;
         ^
../src/smartCard.c: In function 'SetSmartCart':
../src/smartCard.c:317:16: warning: passing argument 1 of 'invert_byte' from incompatible pointer type
    invert_byte(&cinterfacesmartcard.reciver_buffer[cinterfacesmartcard.index_rec_buff]);
                ^
In file included from ../src/smartCard.h:21:0,
                 from ../src/smartCard.c:8:
../src/type_data.h:67:6: note: expected 'int *' but argument is of type 'char *'
 void invert_byte(int *a);
      ^
../src/smartCard.c:310:11: warning: unused variable 'ccomanda' [-Wunused-variable]
  Ccomanda ccomanda;
           ^
../src/smartCard.c: In function 'DetectSmartCart':
../src/smartCard.c:364:6: warning: variable 'status' set but not used [-Wunused-but-set-variable]
  int status;
      ^
Finished building: ../src/smartCard.c
 
Building target: smartcart.elf
Invoking: ARM gcc linker
arm-xilinx-eabi-gcc -Wl,-T -Wl,../src/lscript.ld -L../../smartcart_bsp/ps7_cortexa9_0/lib -o "smartcart.elf"  ./src/helloworld.o ./src/platform.o ./src/smartCard.o ./src/type_data.o   -Wl,--start-group,-lxil,-lgcc,-lc,--end-group
./src/helloworld.o: In function `main':
D:\SMartCart\hdl_prj\vivado_ip_prj\vivado_prj.sdk\smartcart\Debug/../src/helloworld.c:78: undefined reference to `get_CHALLENGE'
collect2.exe: error: ld returned 1 exit status
make: *** [smartcart.elf] Ошибка 1
10:57:26 **** Auto Build of configuration Debug for project smartcart ****
make all 
Building file: ../src/smartCard.c
Invoking: ARM gcc compiler
arm-xilinx-eabi-gcc -Wall -O0 -g3 -c -fmessage-length=0 -MT"src/smartCard.o" -I../../smartcart_bsp/ps7_cortexa9_0/include -MMD -MP -MF"src/smartCard.d" -MT"src/smartCard.d" -o "src/smartCard.o" "../src/smartCard.c"
In file included from ../src/smartCard.c:8:0:
../src/smartCard.h:30:9: warning: type defaults to 'int' in declaration of 'ProgSmartCart' [-Wimplicit-int]
 typedef ProgSmartCart;
         ^
../src/smartCard.c: In function 'SetSmartCart':
../src/smartCard.c:317:16: warning: passing argument 1 of 'invert_byte' from incompatible pointer type
    invert_byte(&cinterfacesmartcard.reciver_buffer[cinterfacesmartcard.index_rec_buff]);
                ^
In file included from ../src/smartCard.h:21:0,
                 from ../src/smartCard.c:8:
../src/type_data.h:67:6: note: expected 'int *' but argument is of type 'char *'
 void invert_byte(int *a);
      ^
../src/smartCard.c:310:11: warning: unused variable 'ccomanda' [-Wunused-variable]
  Ccomanda ccomanda;
           ^
../src/smartCard.c: In function 'DetectSmartCart':
../src/smartCard.c:364:6: warning: variable 'status' set but not used [-Wunused-but-set-variable]
  int status;
      ^
Finished building: ../src/smartCard.c
 
Building target: smartcart.elf
Invoking: ARM gcc linker
arm-xilinx-eabi-gcc -Wl,-T -Wl,../src/lscript.ld -L../../smartcart_bsp/ps7_cortexa9_0/lib -o "smartcart.elf"  ./src/helloworld.o ./src/platform.o ./src/smartCard.o ./src/type_data.o   -Wl,--start-group,-lxil,-lgcc,-lc,--end-group
./src/helloworld.o: In function `main':
D:\SMartCart\hdl_prj\vivado_ip_prj\vivado_prj.sdk\smartcart\Debug/../src/helloworld.c:78: undefined reference to `get_CHALLENGE'
collect2.exe: error: ld returned 1 exit status
make: *** [smartcart.elf] Ошибка 1
10:57:30 **** Auto Build of configuration Debug for project smartcart ****
make all 
Building file: ../src/smartCard.c
Invoking: ARM gcc compiler
arm-xilinx-eabi-gcc -Wall -O0 -g3 -c -fmessage-length=0 -MT"src/smartCard.o" -I../../smartcart_bsp/ps7_cortexa9_0/include -MMD -MP -MF"src/smartCard.d" -MT"src/smartCard.d" -o "src/smartCard.o" "../src/smartCard.c"
In file included from ../src/smartCard.c:8:0:
../src/smartCard.h:30:9: warning: type defaults to 'int' in declaration of 'ProgSmartCart' [-Wimplicit-int]
 typedef ProgSmartCart;
         ^
../src/smartCard.c: In function 'SetSmartCart':
../src/smartCard.c:317:16: warning: passing argument 1 of 'invert_byte' from incompatible pointer type
    invert_byte(&cinterfacesmartcard.reciver_buffer[cinterfacesmartcard.index_rec_buff]);
                ^
In file included from ../src/smartCard.h:21:0,
                 from ../src/smartCard.c:8:
../src/type_data.h:67:6: note: expected 'int *' but argument is of type 'char *'
 void invert_byte(int *a);
      ^
../src/smartCard.c:310:11: warning: unused variable 'ccomanda' [-Wunused-variable]
  Ccomanda ccomanda;
           ^
../src/smartCard.c: In function 'DetectSmartCart':
../src/smartCard.c:364:6: warning: variable 'status' set but not used [-Wunused-but-set-variable]
  int status;
      ^
Finished building: ../src/smartCard.c
 
Building target: smartcart.elf
Invoking: ARM gcc linker
arm-xilinx-eabi-gcc -Wl,-T -Wl,../src/lscript.ld -L../../smartcart_bsp/ps7_cortexa9_0/lib -o "smartcart.elf"  ./src/helloworld.o ./src/platform.o ./src/smartCard.o ./src/type_data.o   -Wl,--start-group,-lxil,-lgcc,-lc,--end-group
./src/helloworld.o: In function `main':
D:\SMartCart\hdl_prj\vivado_ip_prj\vivado_prj.sdk\smartcart\Debug/../src/helloworld.c:78: undefined reference to `get_CHALLENGE'
collect2.exe: error: ld returned 1 exit status
make: *** [smartcart.elf] Ошибка 1
10:57:35 **** Auto Build of configuration Debug for project smartcart ****
make all 
Building file: ../src/smartCard.c
Invoking: ARM gcc compiler
arm-xilinx-eabi-gcc -Wall -O0 -g3 -c -fmessage-length=0 -MT"src/smartCard.o" -I../../smartcart_bsp/ps7_cortexa9_0/include -MMD -MP -MF"src/smartCard.d" -MT"src/smartCard.d" -o "src/smartCard.o" "../src/smartCard.c"
In file included from ../src/smartCard.c:8:0:
../src/smartCard.h:30:9: warning: type defaults to 'int' in declaration of 'ProgSmartCart' [-Wimplicit-int]
 typedef ProgSmartCart;
         ^
../src/smartCard.c: In function 'SetSmartCart':
../src/smartCard.c:317:16: warning: passing argument 1 of 'invert_byte' from incompatible pointer type
    invert_byte(&cinterfacesmartcard.reciver_buffer[cinterfacesmartcard.index_rec_buff]);
                ^
In file included from ../src/smartCard.h:21:0,
                 from ../src/smartCard.c:8:
../src/type_data.h:67:6: note: expected 'int *' but argument is of type 'char *'
 void invert_byte(int *a);
      ^
../src/smartCard.c:310:11: warning: unused variable 'ccomanda' [-Wunused-variable]
  Ccomanda ccomanda;
           ^
../src/smartCard.c: In function 'DetectSmartCart':
../src/smartCard.c:364:6: warning: variable 'status' set but not used [-Wunused-but-set-variable]
  int status;
      ^
Finished building: ../src/smartCard.c
 
Building target: smartcart.elf
Invoking: ARM gcc linker
arm-xilinx-eabi-gcc -Wl,-T -Wl,../src/lscript.ld -L../../smartcart_bsp/ps7_cortexa9_0/lib -o "smartcart.elf"  ./src/helloworld.o ./src/platform.o ./src/smartCard.o ./src/type_data.o   -Wl,--start-group,-lxil,-lgcc,-lc,--end-group
./src/helloworld.o: In function `main':
D:\SMartCart\hdl_prj\vivado_ip_prj\vivado_prj.sdk\smartcart\Debug/../src/helloworld.c:78: undefined reference to `get_CHALLENGE'
collect2.exe: error: ld returned 1 exit status
make: *** [smartcart.elf] Ошибка 1
10:57:42 **** Auto Build of configuration Debug for project smartcart ****
make all 
Building file: ../src/smartCard.c
Invoking: ARM gcc compiler
arm-xilinx-eabi-gcc -Wall -O0 -g3 -c -fmessage-length=0 -MT"src/smartCard.o" -I../../smartcart_bsp/ps7_cortexa9_0/include -MMD -MP -MF"src/smartCard.d" -MT"src/smartCard.d" -o "src/smartCard.o" "../src/smartCard.c"
In file included from ../src/smartCard.c:8:0:
../src/smartCard.h:30:9: warning: type defaults to 'int' in declaration of 'ProgSmartCart' [-Wimplicit-int]
 typedef ProgSmartCart;
         ^
../src/smartCard.c: In function 'SetSmartCart':
../src/smartCard.c:317:16: warning: passing argument 1 of 'invert_byte' from incompatible pointer type
    invert_byte(&cinterfacesmartcard.reciver_buffer[cinterfacesmartcard.index_rec_buff]);
                ^
In file included from ../src/smartCard.h:21:0,
                 from ../src/smartCard.c:8:
../src/type_data.h:67:6: note: expected 'int *' but argument is of type 'char *'
 void invert_byte(int *a);
      ^
../src/smartCard.c:310:11: warning: unused variable 'ccomanda' [-Wunused-variable]
  Ccomanda ccomanda;
           ^
../src/smartCard.c: In function 'DetectSmartCart':
../src/smartCard.c:364:6: warning: variable 'status' set but not used [-Wunused-but-set-variable]
  int status;
      ^
Finished building: ../src/smartCard.c
 
Building target: smartcart.elf
Invoking: ARM gcc linker
arm-xilinx-eabi-gcc -Wl,-T -Wl,../src/lscript.ld -L../../smartcart_bsp/ps7_cortexa9_0/lib -o "smartcart.elf"  ./src/helloworld.o ./src/platform.o ./src/smartCard.o ./src/type_data.o   -Wl,--start-group,-lxil,-lgcc,-lc,--end-group
./src/helloworld.o: In function `main':
D:\SMartCart\hdl_prj\vivado_ip_prj\vivado_prj.sdk\smartcart\Debug/../src/helloworld.c:78: undefined reference to `get_CHALLENGE'
collect2.exe: error: ld returned 1 exit status
make: *** [smartcart.elf] Ошибка 1
10:58:01 **** Auto Build of configuration Debug for project smartcart ****
make all 
Building file: ../src/helloworld.c
Invoking: ARM gcc compiler
arm-xilinx-eabi-gcc -Wall -O0 -g3 -c -fmessage-length=0 -MT"src/helloworld.o" -I../../smartcart_bsp/ps7_cortexa9_0/include -MMD -MP -MF"src/helloworld.d" -MT"src/helloworld.d" -o "src/helloworld.o" "../src/helloworld.c"
In file included from ../src/helloworld.c:48:0:
../src/smartCard.h:30:9: warning: type defaults to 'int' in declaration of 'ProgSmartCart' [-Wimplicit-int]
 typedef ProgSmartCart;
         ^
../src/helloworld.c: In function 'main':
../src/helloworld.c:78:4: warning: implicit declaration of function 'get_CHALLENGE' [-Wimplicit-function-declaration]
    get_CHALLENGE();
    ^
../src/helloworld.c:57:19: warning: unused variable 'err' [-Wunused-variable]
     int somo_test,err;
                   ^
../src/helloworld.c:57:9: warning: unused variable 'somo_test' [-Wunused-variable]
     int somo_test,err;
         ^
../src/helloworld.c:56:14: warning: unused variable 'serial_numer' [-Wunused-variable]
     unsigned serial_numer;
              ^
../src/helloworld.c:55:18: warning: unused variable 'i' [-Wunused-variable]
     int a,status,i;
                  ^
../src/helloworld.c:55:11: warning: variable 'status' set but not used [-Wunused-but-set-variable]
     int a,status,i;
           ^
In file included from ../src/helloworld.c:48:0:
../src/helloworld.c: At top level:
../src/smartCard.h:36:12: warning: 'baseaddress' defined but not used [-Wunused-variable]
 static int baseaddress=0x400d0000;
            ^
Finished building: ../src/helloworld.c
 
Building file: ../src/smartCard.c
Invoking: ARM gcc compiler
arm-xilinx-eabi-gcc -Wall -O0 -g3 -c -fmessage-length=0 -MT"src/smartCard.o" -I../../smartcart_bsp/ps7_cortexa9_0/include -MMD -MP -MF"src/smartCard.d" -MT"src/smartCard.d" -o "src/smartCard.o" "../src/smartCard.c"
In file included from ../src/smartCard.c:8:0:
../src/smartCard.h:30:9: warning: type defaults to 'int' in declaration of 'ProgSmartCart' [-Wimplicit-int]
 typedef ProgSmartCart;
         ^
../src/smartCard.c: In function 'SetSmartCart':
../src/smartCard.c:317:16: warning: passing argument 1 of 'invert_byte' from incompatible pointer type
    invert_byte(&cinterfacesmartcard.reciver_buffer[cinterfacesmartcard.index_rec_buff]);
                ^
In file included from ../src/smartCard.h:21:0,
                 from ../src/smartCard.c:8:
../src/type_data.h:67:6: note: expected 'int *' but argument is of type 'char *'
 void invert_byte(int *a);
      ^
../src/smartCard.c:310:11: warning: unused variable 'ccomanda' [-Wunused-variable]
  Ccomanda ccomanda;
           ^
../src/smartCard.c: In function 'DetectSmartCart':
../src/smartCard.c:364:6: warning: variable 'status' set but not used [-Wunused-but-set-variable]
  int status;
      ^
Finished building: ../src/smartCard.c
 
Building target: smartcart.elf
Invoking: ARM gcc linker
arm-xilinx-eabi-gcc -Wl,-T -Wl,../src/lscript.ld -L../../smartcart_bsp/ps7_cortexa9_0/lib -o "smartcart.elf"  ./src/helloworld.o ./src/platform.o ./src/smartCard.o ./src/type_data.o   -Wl,--start-group,-lxil,-lgcc,-lc,--end-group
./src/helloworld.o: In function `main':
D:\SMartCart\hdl_prj\vivado_ip_prj\vivado_prj.sdk\smartcart\Debug/../src/helloworld.c:78: undefined reference to `get_CHALLENGE'
collect2.exe: error: ld returned 1 exit status
make: *** [smartcart.elf] Ошибка 1
10:58:15 **** Auto Build of configuration Debug for project smartcart ****
make all 
Building file: ../src/helloworld.c
Invoking: ARM gcc compiler
arm-xilinx-eabi-gcc -Wall -O0 -g3 -c -fmessage-length=0 -MT"src/helloworld.o" -I../../smartcart_bsp/ps7_cortexa9_0/include -MMD -MP -MF"src/helloworld.d" -MT"src/helloworld.d" -o "src/helloworld.o" "../src/helloworld.c"
In file included from ../src/helloworld.c:48:0:
../src/smartCard.h:30:9: warning: type defaults to 'int' in declaration of 'ProgSmartCart' [-Wimplicit-int]
 typedef ProgSmartCart;
         ^
../src/helloworld.c: In function 'main':
../src/helloworld.c:78:4: warning: implicit declaration of function 'get_CHALLENGE' [-Wimplicit-function-declaration]
    get_CHALLENGE();
    ^
../src/helloworld.c:57:19: warning: unused variable 'err' [-Wunused-variable]
     int somo_test,err;
                   ^
../src/helloworld.c:57:9: warning: unused variable 'somo_test' [-Wunused-variable]
     int somo_test,err;
         ^
../src/helloworld.c:56:14: warning: unused variable 'serial_numer' [-Wunused-variable]
     unsigned serial_numer;
              ^
../src/helloworld.c:55:18: warning: unused variable 'i' [-Wunused-variable]
     int a,status,i;
                  ^
../src/helloworld.c:55:11: warning: variable 'status' set but not used [-Wunused-but-set-variable]
     int a,status,i;
           ^
In file included from ../src/helloworld.c:48:0:
../src/helloworld.c: At top level:
../src/smartCard.h:36:12: warning: 'baseaddress' defined but not used [-Wunused-variable]
 static int baseaddress=0x400d0000;
            ^
Finished building: ../src/helloworld.c
 
Building file: ../src/smartCard.c
Invoking: ARM gcc compiler
arm-xilinx-eabi-gcc -Wall -O0 -g3 -c -fmessage-length=0 -MT"src/smartCard.o" -I../../smartcart_bsp/ps7_cortexa9_0/include -MMD -MP -MF"src/smartCard.d" -MT"src/smartCard.d" -o "src/smartCard.o" "../src/smartCard.c"
In file included from ../src/smartCard.c:8:0:
../src/smartCard.h:30:9: warning: type defaults to 'int' in declaration of 'ProgSmartCart' [-Wimplicit-int]
 typedef ProgSmartCart;
         ^
../src/smartCard.c: In function 'SetSmartCart':
../src/smartCard.c:317:16: warning: passing argument 1 of 'invert_byte' from incompatible pointer type
    invert_byte(&cinterfacesmartcard.reciver_buffer[cinterfacesmartcard.index_rec_buff]);
                ^
In file included from ../src/smartCard.h:21:0,
                 from ../src/smartCard.c:8:
../src/type_data.h:67:6: note: expected 'int *' but argument is of type 'char *'
 void invert_byte(int *a);
      ^
../src/smartCard.c:310:11: warning: unused variable 'ccomanda' [-Wunused-variable]
  Ccomanda ccomanda;
           ^
../src/smartCard.c: In function 'DetectSmartCart':
../src/smartCard.c:364:6: warning: variable 'status' set but not used [-Wunused-but-set-variable]
  int status;
      ^
Finished building: ../src/smartCard.c
 
Building target: smartcart.elf
Invoking: ARM gcc linker
arm-xilinx-eabi-gcc -Wl,-T -Wl,../src/lscript.ld -L../../smartcart_bsp/ps7_cortexa9_0/lib -o "smartcart.elf"  ./src/helloworld.o ./src/platform.o ./src/smartCard.o ./src/type_data.o   -Wl,--start-group,-lxil,-lgcc,-lc,--end-group
./src/helloworld.o: In function `main':
D:\SMartCart\hdl_prj\vivado_ip_prj\vivado_prj.sdk\smartcart\Debug/../src/helloworld.c:78: undefined reference to `get_CHALLENGE'
collect2.exe: error: ld returned 1 exit status
make: *** [smartcart.elf] Ошибка 1
11:00:24 **** Auto Build of configuration Debug for project smartcart ****
make all 
Building file: ../src/helloworld.c
Invoking: ARM gcc compiler
arm-xilinx-eabi-gcc -Wall -O0 -g3 -c -fmessage-length=0 -MT"src/helloworld.o" -I../../smartcart_bsp/ps7_cortexa9_0/include -MMD -MP -MF"src/helloworld.d" -MT"src/helloworld.d" -o "src/helloworld.o" "../src/helloworld.c"
In file included from ../src/helloworld.c:48:0:
../src/smartCard.h:30:9: warning: type defaults to 'int' in declaration of 'ProgSmartCart' [-Wimplicit-int]
 typedef ProgSmartCart;
         ^
../src/helloworld.c: In function 'main':
../src/helloworld.c:78:4: error: called object is not a function or function pointer
    get_challenge()();
    ^
../src/helloworld.c:57:19: warning: unused variable 'err' [-Wunused-variable]
     int somo_test,err;
                   ^
../src/helloworld.c:57:9: warning: unused variable 'somo_test' [-Wunused-variable]
     int somo_test,err;
         ^
../src/helloworld.c:56:14: warning: unused variable 'serial_numer' [-Wunused-variable]
     unsigned serial_numer;
              ^
../src/helloworld.c:55:18: warning: unused variable 'i' [-Wunused-variable]
     int a,status,i;
                  ^
../src/helloworld.c:55:11: warning: variable 'status' set but not used [-Wunused-but-set-variable]
     int a,status,i;
           ^
In file included from ../src/helloworld.c:48:0:
../src/helloworld.c: At top level:
../src/smartCard.h:36:12: warning: 'baseaddress' defined but not used [-Wunused-variable]
 static int baseaddress=0x400d0000;
            ^
make: *** [src/helloworld.o] Ошибка 1
11:00:27 **** Auto Build of configuration Debug for project smartcart ****
make all 
Building file: ../src/helloworld.c
Invoking: ARM gcc compiler
arm-xilinx-eabi-gcc -Wall -O0 -g3 -c -fmessage-length=0 -MT"src/helloworld.o" -I../../smartcart_bsp/ps7_cortexa9_0/include -MMD -MP -MF"src/helloworld.d" -MT"src/helloworld.d" -o "src/helloworld.o" "../src/helloworld.c"
In file included from ../src/helloworld.c:48:0:
../src/smartCard.h:30:9: warning: type defaults to 'int' in declaration of 'ProgSmartCart' [-Wimplicit-int]
 typedef ProgSmartCart;
         ^
../src/helloworld.c: In function 'main':
../src/helloworld.c:57:19: warning: unused variable 'err' [-Wunused-variable]
     int somo_test,err;
                   ^
../src/helloworld.c:57:9: warning: unused variable 'somo_test' [-Wunused-variable]
     int somo_test,err;
         ^
../src/helloworld.c:56:14: warning: unused variable 'serial_numer' [-Wunused-variable]
     unsigned serial_numer;
              ^
../src/helloworld.c:55:18: warning: unused variable 'i' [-Wunused-variable]
     int a,status,i;
                  ^
../src/helloworld.c:55:11: warning: variable 'status' set but not used [-Wunused-but-set-variable]
     int a,status,i;
           ^
In file included from ../src/helloworld.c:48:0:
../src/helloworld.c: At top level:
../src/smartCard.h:36:12: warning: 'baseaddress' defined but not used [-Wunused-variable]
 static int baseaddress=0x400d0000;
            ^
Finished building: ../src/helloworld.c
 
Building target: smartcart.elf
Invoking: ARM gcc linker
arm-xilinx-eabi-gcc -Wl,-T -Wl,../src/lscript.ld -L../../smartcart_bsp/ps7_cortexa9_0/lib -o "smartcart.elf"  ./src/helloworld.o ./src/platform.o ./src/smartCard.o ./src/type_data.o   -Wl,--start-group,-lxil,-lgcc,-lc,--end-group
Finished building target: smartcart.elf
 
Invoking: ARM Print Size
arm-xilinx-eabi-size smartcart.elf  |tee "smartcart.elf.size"
   text	   data	    bss	    dec	    hex	filename
  31544	   1928	  25684	  59156	   e714	smartcart.elf
Finished building: smartcart.elf.size
 
11:06:15 **** Auto Build of configuration Debug for project smartcart ****
make all 
Building file: ../src/helloworld.c
Invoking: ARM gcc compiler
arm-xilinx-eabi-gcc -Wall -O0 -g3 -c -fmessage-length=0 -MT"src/helloworld.o" -I../../smartcart_bsp/ps7_cortexa9_0/include -MMD -MP -MF"src/helloworld.d" -MT"src/helloworld.d" -o "src/helloworld.o" "../src/helloworld.c"
In file included from ../src/helloworld.c:48:0:
../src/smartCard.h:31:9: warning: type defaults to 'int' in declaration of 'ProgSmartCart' [-Wimplicit-int]
 typedef ProgSmartCart;
         ^
../src/helloworld.c: In function 'main':
../src/helloworld.c:57:19: warning: unused variable 'err' [-Wunused-variable]
     int somo_test,err;
                   ^
../src/helloworld.c:57:9: warning: unused variable 'somo_test' [-Wunused-variable]
     int somo_test,err;
         ^
../src/helloworld.c:56:14: warning: unused variable 'serial_numer' [-Wunused-variable]
     unsigned serial_numer;
              ^
../src/helloworld.c:55:18: warning: unused variable 'i' [-Wunused-variable]
     int a,status,i;
                  ^
../src/helloworld.c:55:11: warning: variable 'status' set but not used [-Wunused-but-set-variable]
     int a,status,i;
           ^
In file included from ../src/helloworld.c:48:0:
../src/helloworld.c: At top level:
../src/smartCard.h:37:12: warning: 'baseaddress' defined but not used [-Wunused-variable]
 static int baseaddress=0x400d0000;
            ^
Finished building: ../src/helloworld.c
 
Building file: ../src/smartCard.c
Invoking: ARM gcc compiler
arm-xilinx-eabi-gcc -Wall -O0 -g3 -c -fmessage-length=0 -MT"src/smartCard.o" -I../../smartcart_bsp/ps7_cortexa9_0/include -MMD -MP -MF"src/smartCard.d" -MT"src/smartCard.d" -o "src/smartCard.o" "../src/smartCard.c"
In file included from ../src/smartCard.c:8:0:
../src/smartCard.h:31:9: warning: type defaults to 'int' in declaration of 'ProgSmartCart' [-Wimplicit-int]
 typedef ProgSmartCart;
         ^
../src/smartCard.c: In function 'SetSmartCart':
../src/smartCard.c:317:16: warning: passing argument 1 of 'invert_byte' from incompatible pointer type
    invert_byte(&cinterfacesmartcard.reciver_buffer[cinterfacesmartcard.index_rec_buff]);
                ^
In file included from ../src/smartCard.h:21:0,
                 from ../src/smartCard.c:8:
../src/type_data.h:67:6: note: expected 'int *' but argument is of type 'char *'
 void invert_byte(int *a);
      ^
../src/smartCard.c:310:11: warning: unused variable 'ccomanda' [-Wunused-variable]
  Ccomanda ccomanda;
           ^
../src/smartCard.c: In function 'DetectSmartCart':
../src/smartCard.c:364:6: warning: variable 'status' set but not used [-Wunused-but-set-variable]
  int status;
      ^
Finished building: ../src/smartCard.c
 
Building target: smartcart.elf
Invoking: ARM gcc linker
arm-xilinx-eabi-gcc -Wl,-T -Wl,../src/lscript.ld -L../../smartcart_bsp/ps7_cortexa9_0/lib -o "smartcart.elf"  ./src/helloworld.o ./src/platform.o ./src/smartCard.o ./src/type_data.o   -Wl,--start-group,-lxil,-lgcc,-lc,--end-group
Finished building target: smartcart.elf
 
Invoking: ARM Print Size
arm-xilinx-eabi-size smartcart.elf  |tee "smartcart.elf.size"
   text	   data	    bss	    dec	    hex	filename
  31544	   1928	  25684	  59156	   e714	smartcart.elf
Finished building: smartcart.elf.size
 
11:14:52 **** Auto Build of configuration Debug for project smartcart ****
make all 
Building file: ../src/helloworld.c
Invoking: ARM gcc compiler
arm-xilinx-eabi-gcc -Wall -O0 -g3 -c -fmessage-length=0 -MT"src/helloworld.o" -I../../smartcart_bsp/ps7_cortexa9_0/include -MMD -MP -MF"src/helloworld.d" -MT"src/helloworld.d" -o "src/helloworld.o" "../src/helloworld.c"
In file included from ../src/helloworld.c:48:0:
../src/smartCard.h:31:9: warning: type defaults to 'int' in declaration of 'ProgSmartCart' [-Wimplicit-int]
 typedef ProgSmartCart;
         ^
../src/helloworld.c: In function 'main':
../src/helloworld.c:57:19: warning: unused variable 'err' [-Wunused-variable]
     int somo_test,err;
                   ^
../src/helloworld.c:57:9: warning: unused variable 'somo_test' [-Wunused-variable]
     int somo_test,err;
         ^
../src/helloworld.c:56:14: warning: unused variable 'serial_numer' [-Wunused-variable]
     unsigned serial_numer;
              ^
../src/helloworld.c:55:18: warning: unused variable 'i' [-Wunused-variable]
     int a,status,i;
                  ^
../src/helloworld.c:55:11: warning: variable 'status' set but not used [-Wunused-but-set-variable]
     int a,status,i;
           ^
In file included from ../src/helloworld.c:48:0:
../src/helloworld.c: At top level:
../src/smartCard.h:37:12: warning: 'baseaddress' defined but not used [-Wunused-variable]
 static int baseaddress=0x400d0000;
            ^
Finished building: ../src/helloworld.c
 
Building file: ../src/smartCard.c
Invoking: ARM gcc compiler
arm-xilinx-eabi-gcc -Wall -O0 -g3 -c -fmessage-length=0 -MT"src/smartCard.o" -I../../smartcart_bsp/ps7_cortexa9_0/include -MMD -MP -MF"src/smartCard.d" -MT"src/smartCard.d" -o "src/smartCard.o" "../src/smartCard.c"
In file included from ../src/smartCard.c:8:0:
../src/smartCard.h:31:9: warning: type defaults to 'int' in declaration of 'ProgSmartCart' [-Wimplicit-int]
 typedef ProgSmartCart;
         ^
../src/smartCard.c: In function 'SetSmartCart':
../src/smartCard.c:317:16: warning: passing argument 1 of 'invert_byte' from incompatible pointer type
    invert_byte(&cinterfacesmartcard.reciver_buffer[cinterfacesmartcard.index_rec_buff]);
                ^
In file included from ../src/smartCard.h:21:0,
                 from ../src/smartCard.c:8:
../src/type_data.h:67:6: note: expected 'int *' but argument is of type 'char *'
 void invert_byte(int *a);
      ^
../src/smartCard.c:310:11: warning: unused variable 'ccomanda' [-Wunused-variable]
[...]
Finished building target: smartcart.elf
 
Invoking: ARM Print Size
arm-xilinx-eabi-size smartcart.elf  |tee "smartcart.elf.size"
   text	   data	    bss	    dec	    hex	filename
  31104	   1936	  25684	  58724	   e564	smartcart.elf
Finished building: smartcart.elf.size
 
06:23:14 **** Incremental Build of configuration Debug for project smartcart ****
make all 
make: Цель `all' не требует выполнения команд.
14:28:18 **** Auto Build of configuration Debug for project smartcart ****
make all 
'Building file: ../src/helloworld.c'
'Invoking: ARM gcc compiler'
arm-xilinx-eabi-gcc -Wall -O0 -g3 -c -fmessage-length=0 -MT"src/helloworld.o" -I../../smartcart_bsp/ps7_cortexa9_0/include -MMD -MP -MF"src/helloworld.d" -MT"src/helloworld.d" -o "src/helloworld.o" "../src/helloworld.c"
In file included from ../src/helloworld.c:48:0:
../src/smartCard.h:31:9: warning: type defaults to 'int' in declaration of 'ProgSmartCart' [-Wimplicit-int]
 typedef ProgSmartCart;
         ^
../src/smartCard.h:32:9: warning: type defaults to 'int' in declaration of 'ProgSmartCart_1' [-Wimplicit-int]
 typedef ProgSmartCart_1;
         ^
../src/helloworld.c: In function 'main':
../src/helloworld.c:62:18: error: too few arguments to function 'read_serial_number'
     serial_numer=read_serial_number();// считываение серийного номера смарт карты
                  ^
In file included from ../src/helloworld.c:48:0:
../src/smartCard.h:63:11: note: declared here
 unsigned  read_serial_number(char sim_number);
           ^
../src/helloworld.c:56:19: warning: unused variable 'err' [-Wunused-variable]
     int somo_test,err;
                   ^
../src/helloworld.c:56:9: warning: unused variable 'somo_test' [-Wunused-variable]
     int somo_test,err;
         ^
../src/helloworld.c:55:14: warning: variable 'serial_numer' set but not used [-Wunused-but-set-variable]
     unsigned serial_numer;
              ^
../src/helloworld.c:53:18: warning: unused variable 'i' [-Wunused-variable]
     int a,status,i;
                  ^
../src/helloworld.c:53:11: warning: variable 'status' set but not used [-Wunused-but-set-variable]
     int a,status,i;
           ^
In file included from ../src/helloworld.c:48:0:
../src/helloworld.c: At top level:
../src/smartCard.h:39:12: warning: 'baseaddress' defined but not used [-Wunused-variable]
 static int baseaddress=0x400d0000;
            ^
../src/smartCard.h:41:12: warning: 'baseaddress_smoll_card' defined but not used [-Wunused-variable]
 static int baseaddress_smoll_card=0x43C10000;
            ^
make: *** [src/helloworld.o] Ошибка 1
14:32:11 **** Auto Build of configuration Debug for project smartcart ****
make all 
'Building file: ../src/helloworld.c'
'Invoking: ARM gcc compiler'
arm-xilinx-eabi-gcc -Wall -O0 -g3 -c -fmessage-length=0 -MT"src/helloworld.o" -I../../smartcart_bsp/ps7_cortexa9_0/include -MMD -MP -MF"src/helloworld.d" -MT"src/helloworld.d" -o "src/helloworld.o" "../src/helloworld.c"
In file included from ../src/helloworld.c:48:0:
../src/smartCard.h:31:9: warning: type defaults to 'int' in declaration of 'ProgSmartCart' [-Wimplicit-int]
 typedef ProgSmartCart;
         ^
../src/smartCard.h:32:9: warning: type defaults to 'int' in declaration of 'ProgSmartCart_1' [-Wimplicit-int]
 typedef ProgSmartCart_1;
         ^
../src/helloworld.c: In function 'main':
../src/helloworld.c:56:19: warning: unused variable 'err' [-Wunused-variable]
     int somo_test,err;
                   ^
../src/helloworld.c:56:9: warning: unused variable 'somo_test' [-Wunused-variable]
     int somo_test,err;
         ^
../src/helloworld.c:53:18: warning: unused variable 'i' [-Wunused-variable]
     int a,status,i;
                  ^
../src/helloworld.c:53:11: warning: variable 'status' set but not used [-Wunused-but-set-variable]
     int a,status,i;
           ^
In file included from ../src/helloworld.c:48:0:
../src/helloworld.c: At top level:
../src/smartCard.h:39:12: warning: 'baseaddress' defined but not used [-Wunused-variable]
 static int baseaddress=0x400d0000;
            ^
../src/smartCard.h:41:12: warning: 'baseaddress_smoll_card' defined but not used [-Wunused-variable]
 static int baseaddress_smoll_card=0x43C10000;
            ^
../src/helloworld.c: In function 'main':
../src/helloworld.c:62:18: warning: 'serial_numer' is used uninitialized in this function [-Wuninitialized]
     serial_numer=read_serial_number(serial_numer);// считываение серийного номера смарт карты
                  ^
'Finished building: ../src/helloworld.c'
' '
'Building target: smartcart.elf'
'Invoking: ARM gcc linker'
arm-xilinx-eabi-gcc -Wl,-T -Wl,../src/lscript.ld -L../../smartcart_bsp/ps7_cortexa9_0/lib -o "smartcart.elf"  ./src/helloworld.o ./src/platform.o ./src/smartCard.o ./src/type_data.o   -Wl,--start-group,-lxil,-lgcc,-lc,--end-group
'Finished building target: smartcart.elf'
' '
'Invoking: ARM Print Size'
arm-xilinx-eabi-size smartcart.elf  |tee "smartcart.elf.size"
   text	   data	    bss	    dec	    hex	filename
  31124	   1936	  25684	  58744	   e578	smartcart.elf
'Finished building: smartcart.elf.size'
' '
14:54:47 **** Auto Build of project smartcart_bsp ****
make -k all 
"Running Make include in ps7_cortexa9_0/libsrc/coresightps_dcc_v1_2/src"
make -C ps7_cortexa9_0/libsrc/coresightps_dcc_v1_2/src -s include  "SHELL=CMD" "COMPILER=arm-xilinx-eabi-gcc" "ARCHIVER=arm-xilinx-eabi-ar" "COMPILER_FLAGS=  -O2 -c" "EXTRA_COMPILER_FLAGS=-g"
"Running Make include in ps7_cortexa9_0/libsrc/cpu_cortexa9_v2_1/src"
make -C ps7_cortexa9_0/libsrc/cpu_cortexa9_v2_1/src -s include  "SHELL=CMD" "COMPILER=arm-xilinx-eabi-gcc" "ARCHIVER=arm-xilinx-eabi-ar" "COMPILER_FLAGS=  -O2 -c" "EXTRA_COMPILER_FLAGS=-g"
"Running Make include in ps7_cortexa9_0/libsrc/ddrps_v1_0/src"
make -C ps7_cortexa9_0/libsrc/ddrps_v1_0/src -s include  "SHELL=CMD" "COMPILER=arm-xilinx-eabi-gcc" "ARCHIVER=arm-xilinx-eabi-ar" "COMPILER_FLAGS=  -O2 -c" "EXTRA_COMPILER_FLAGS=-g"
"Running Make include in ps7_cortexa9_0/libsrc/devcfg_v3_3/src"
make -C ps7_cortexa9_0/libsrc/devcfg_v3_3/src -s include  "SHELL=CMD" "COMPILER=arm-xilinx-eabi-gcc" "ARCHIVER=arm-xilinx-eabi-ar" "COMPILER_FLAGS=  -O2 -c" "EXTRA_COMPILER_FLAGS=-g"
"Running Make include in ps7_cortexa9_0/libsrc/dmaps_v2_1/src"
make -C ps7_cortexa9_0/libsrc/dmaps_v2_1/src -s include  "SHELL=CMD" "COMPILER=arm-xilinx-eabi-gcc" "ARCHIVER=arm-xilinx-eabi-ar" "COMPILER_FLAGS=  -O2 -c" "EXTRA_COMPILER_FLAGS=-g"
"Running Make include in ps7_cortexa9_0/libsrc/emacps_v3_1/src"
make -C ps7_cortexa9_0/libsrc/emacps_v3_1/src -s include  "SHELL=CMD" "COMPILER=arm-xilinx-eabi-gcc" "ARCHIVER=arm-xilinx-eabi-ar" "COMPILER_FLAGS=  -O2 -c" "EXTRA_COMPILER_FLAGS=-g"
"Running Make include in ps7_cortexa9_0/libsrc/gpiops_v3_1/src"
make -C ps7_cortexa9_0/libsrc/gpiops_v3_1/src -s include  "SHELL=CMD" "COMPILER=arm-xilinx-eabi-gcc" "ARCHIVER=arm-xilinx-eabi-ar" "COMPILER_FLAGS=  -O2 -c" "EXTRA_COMPILER_FLAGS=-g"
"Running Make include in ps7_cortexa9_0/libsrc/qspips_v3_2/src"
make -C ps7_cortexa9_0/libsrc/qspips_v3_2/src -s include  "SHELL=CMD" "COMPILER=arm-xilinx-eabi-gcc" "ARCHIVER=arm-xilinx-eabi-ar" "COMPILER_FLAGS=  -O2 -c" "EXTRA_COMPILER_FLAGS=-g"
"Running Make include in ps7_cortexa9_0/libsrc/scugic_v3_1/src"
make -C ps7_cortexa9_0/libsrc/scugic_v3_1/src -s include  "SHELL=CMD" "COMPILER=arm-xilinx-eabi-gcc" "ARCHIVER=arm-xilinx-eabi-ar" "COMPILER_FLAGS=  -O2 -c" "EXTRA_COMPILER_FLAGS=-g"
"Running Make include in ps7_cortexa9_0/libsrc/scutimer_v2_1/src"
make -C ps7_cortexa9_0/libsrc/scutimer_v2_1/src -s include  "SHELL=CMD" "COMPILER=arm-xilinx-eabi-gcc" "ARCHIVER=arm-xilinx-eabi-ar" "COMPILER_FLAGS=  -O2 -c" "EXTRA_COMPILER_FLAGS=-g"
"Running Make include in ps7_cortexa9_0/libsrc/scuwdt_v2_1/src"
make -C ps7_cortexa9_0/libsrc/scuwdt_v2_1/src -s include  "SHELL=CMD" "COMPILER=arm-xilinx-eabi-gcc" "ARCHIVER=arm-xilinx-eabi-ar" "COMPILER_FLAGS=  -O2 -c" "EXTRA_COMPILER_FLAGS=-g"
"Running Make include in ps7_cortexa9_0/libsrc/sdps_v2_6/src"
make -C ps7_cortexa9_0/libsrc/sdps_v2_6/src -s include  "SHELL=CMD" "COMPILER=arm-xilinx-eabi-gcc" "ARCHIVER=arm-xilinx-eabi-ar" "COMPILER_FLAGS=  -O2 -c" "EXTRA_COMPILER_FLAGS=-g"
"Running Make include in ps7_cortexa9_0/libsrc/standalone_v5_3/src"
make -C ps7_cortexa9_0/libsrc/standalone_v5_3/src -s include  "SHELL=CMD" "COMPILER=arm-xilinx-eabi-gcc" "ARCHIVER=arm-xilinx-eabi-ar" "COMPILER_FLAGS=  -O2 -c" "EXTRA_COMPILER_FLAGS=-g"
"Running Make include in ps7_cortexa9_0/libsrc/switch_IO_v1_0/src"
make -C ps7_cortexa9_0/libsrc/switch_IO_v1_0/src -s include  "SHELL=CMD" "COMPILER=arm-xilinx-eabi-gcc" "ARCHIVER=arm-xilinx-eabi-ar" "COMPILER_FLAGS=  -O2 -c" "EXTRA_COMPILER_FLAGS=-g"
"Running Make include in ps7_cortexa9_0/libsrc/ttcps_v3_0/src"
make -C ps7_cortexa9_0/libsrc/ttcps_v3_0/src -s include  "SHELL=CMD" "COMPILER=arm-xilinx-eabi-gcc" "ARCHIVER=arm-xilinx-eabi-ar" "COMPILER_FLAGS=  -O2 -c" "EXTRA_COMPILER_FLAGS=-g"
"Running Make include in ps7_cortexa9_0/libsrc/uartps_v3_1/src"
make -C ps7_cortexa9_0/libsrc/uartps_v3_1/src -s include  "SHELL=CMD" "COMPILER=arm-xilinx-eabi-gcc" "ARCHIVER=arm-xilinx-eabi-ar" "COMPILER_FLAGS=  -O2 -c" "EXTRA_COMPILER_FLAGS=-g"
"Running Make include in ps7_cortexa9_0/libsrc/usbps_v2_2/src"
make -C ps7_cortexa9_0/libsrc/usbps_v2_2/src -s include  "SHELL=CMD" "COMPILER=arm-xilinx-eabi-gcc" "ARCHIVER=arm-xilinx-eabi-ar" "COMPILER_FLAGS=  -O2 -c" "EXTRA_COMPILER_FLAGS=-g"
"Running Make include in ps7_cortexa9_0/libsrc/xadcps_v2_2/src"
make -C ps7_cortexa9_0/libsrc/xadcps_v2_2/src -s include  "SHELL=CMD" "COMPILER=arm-xilinx-eabi-gcc" "ARCHIVER=arm-xilinx-eabi-ar" "COMPILER_FLAGS=  -O2 -c" "EXTRA_COMPILER_FLAGS=-g"
"Running Make libs in ps7_cortexa9_0/libsrc/coresightps_dcc_v1_2/src"
make -C ps7_cortexa9_0/libsrc/coresightps_dcc_v1_2/src -s libs  "SHELL=CMD" "COMPILER=arm-xilinx-eabi-gcc" "ARCHIVER=arm-xilinx-eabi-ar" "COMPILER_FLAGS=  -O2 -c" "EXTRA_COMPILER_FLAGS=-g"
"Compiling coresightps_dcc"
"Running Make libs in ps7_cortexa9_0/libsrc/cpu_cortexa9_v2_1/src"
make -C ps7_cortexa9_0/libsrc/cpu_cortexa9_v2_1/src -s libs  "SHELL=CMD" "COMPILER=arm-xilinx-eabi-gcc" "ARCHIVER=arm-xilinx-eabi-ar" "COMPILER_FLAGS=  -O2 -c" "EXTRA_COMPILER_FLAGS=-g"
"Compiling cpu_cortexa9"
"Running Make libs in ps7_cortexa9_0/libsrc/ddrps_v1_0/src"
make -C ps7_cortexa9_0/libsrc/ddrps_v1_0/src -s libs  "SHELL=CMD" "COMPILER=arm-xilinx-eabi-gcc" "ARCHIVER=arm-xilinx-eabi-ar" "COMPILER_FLAGS=  -O2 -c" "EXTRA_COMPILER_FLAGS=-g"
"Compiling ddrps"
"Running Make libs in ps7_cortexa9_0/libsrc/devcfg_v3_3/src"
make -C ps7_cortexa9_0/libsrc/devcfg_v3_3/src -s libs  "SHELL=CMD" "COMPILER=arm-xilinx-eabi-gcc" "ARCHIVER=arm-xilinx-eabi-ar" "COMPILER_FLAGS=  -O2 -c" "EXTRA_COMPILER_FLAGS=-g"
"Compiling devcfg"
"Running Make libs in ps7_cortexa9_0/libsrc/dmaps_v2_1/src"
make -C ps7_cortexa9_0/libsrc/dmaps_v2_1/src -s libs  "SHELL=CMD" "COMPILER=arm-xilinx-eabi-gcc" "ARCHIVER=arm-xilinx-eabi-ar" "COMPILER_FLAGS=  -O2 -c" "EXTRA_COMPILER_FLAGS=-g"
"Compiling dmaps"
"Running Make libs in ps7_cortexa9_0/libsrc/emacps_v3_1/src"
make -C ps7_cortexa9_0/libsrc/emacps_v3_1/src -s libs  "SHELL=CMD" "COMPILER=arm-xilinx-eabi-gcc" "ARCHIVER=arm-xilinx-eabi-ar" "COMPILER_FLAGS=  -O2 -c" "EXTRA_COMPILER_FLAGS=-g"
"Compiling emacps"
"Running Make libs in ps7_cortexa9_0/libsrc/gpiops_v3_1/src"
make -C ps7_cortexa9_0/libsrc/gpiops_v3_1/src -s libs  "SHELL=CMD" "COMPILER=arm-xilinx-eabi-gcc" "ARCHIVER=arm-xilinx-eabi-ar" "COMPILER_FLAGS=  -O2 -c" "EXTRA_COMPILER_FLAGS=-g"
"Compiling gpiops"
"Running Make libs in ps7_cortexa9_0/libsrc/qspips_v3_2/src"
make -C ps7_cortexa9_0/libsrc/qspips_v3_2/src -s libs  "SHELL=CMD" "COMPILER=arm-xilinx-eabi-gcc" "ARCHIVER=arm-xilinx-eabi-ar" "COMPILER_FLAGS=  -O2 -c" "EXTRA_COMPILER_FLAGS=-g"
"Compiling qspips"
"Running Make libs in ps7_cortexa9_0/libsrc/scugic_v3_1/src"
make -C ps7_cortexa9_0/libsrc/scugic_v3_1/src -s libs  "SHELL=CMD" "COMPILER=arm-xilinx-eabi-gcc" "ARCHIVER=arm-xilinx-eabi-ar" "COMPILER_FLAGS=  -O2 -c" "EXTRA_COMPILER_FLAGS=-g"
"Compiling scugic"
"Running Make libs in ps7_cortexa9_0/libsrc/scutimer_v2_1/src"
make -C ps7_cortexa9_0/libsrc/scutimer_v2_1/src -s libs  "SHELL=CMD" "COMPILER=arm-xilinx-eabi-gcc" "ARCHIVER=arm-xilinx-eabi-ar" "COMPILER_FLAGS=  -O2 -c" "EXTRA_COMPILER_FLAGS=-g"
"Compiling scutimer"
"Running Make libs in ps7_cortexa9_0/libsrc/scuwdt_v2_1/src"
make -C ps7_cortexa9_0/libsrc/scuwdt_v2_1/src -s libs  "SHELL=CMD" "COMPILER=arm-xilinx-eabi-gcc" "ARCHIVER=arm-xilinx-eabi-ar" "COMPILER_FLAGS=  -O2 -c" "EXTRA_COMPILER_FLAGS=-g"
"Compiling scuwdt"
"Running Make libs in ps7_cortexa9_0/libsrc/sdps_v2_6/src"
make -C ps7_cortexa9_0/libsrc/sdps_v2_6/src -s libs  "SHELL=CMD" "COMPILER=arm-xilinx-eabi-gcc" "ARCHIVER=arm-xilinx-eabi-ar" "COMPILER_FLAGS=  -O2 -c" "EXTRA_COMPILER_FLAGS=-g"
"Compiling sdps"
"Running Make libs in ps7_cortexa9_0/libsrc/standalone_v5_3/src"
make -C ps7_cortexa9_0/libsrc/standalone_v5_3/src -s libs  "SHELL=CMD" "COMPILER=arm-xilinx-eabi-gcc" "ARCHIVER=arm-xilinx-eabi-ar" "COMPILER_FLAGS=  -O2 -c" "EXTRA_COMPILER_FLAGS=-g"
"Compiling standalone"
"Running Make libs in ps7_cortexa9_0/libsrc/switch_IO_v1_0/src"
make -C ps7_cortexa9_0/libsrc/switch_IO_v1_0/src -s libs  "SHELL=CMD" "COMPILER=arm-xilinx-eabi-gcc" "ARCHIVER=arm-xilinx-eabi-ar" "COMPILER_FLAGS=  -O2 -c" "EXTRA_COMPILER_FLAGS=-g"
"Compiling switch_IO..."
"Running Make libs in ps7_cortexa9_0/libsrc/ttcps_v3_0/src"
make -C ps7_cortexa9_0/libsrc/ttcps_v3_0/src -s libs  "SHELL=CMD" "COMPILER=arm-xilinx-eabi-gcc" "ARCHIVER=arm-xilinx-eabi-ar" "COMPILER_FLAGS=  -O2 -c" "EXTRA_COMPILER_FLAGS=-g"
"Compiling ttcps"
"Running Make libs in ps7_cortexa9_0/libsrc/uartps_v3_1/src"
make -C ps7_cortexa9_0/libsrc/uartps_v3_1/src -s libs  "SHELL=CMD" "COMPILER=arm-xilinx-eabi-gcc" "ARCHIVER=arm-xilinx-eabi-ar" "COMPILER_FLAGS=  -O2 -c" "EXTRA_COMPILER_FLAGS=-g"
"Compiling uartps"
"Running Make libs in ps7_cortexa9_0/libsrc/usbps_v2_2/src"
make -C ps7_cortexa9_0/libsrc/usbps_v2_2/src -s libs  "SHELL=CMD" "COMPILER=arm-xilinx-eabi-gcc" "ARCHIVER=arm-xilinx-eabi-ar" "COMPILER_FLAGS=  -O2 -c" "EXTRA_COMPILER_FLAGS=-g"
"Compiling usbps"
"Running Make libs in ps7_cortexa9_0/libsrc/xadcps_v2_2/src"
make -C ps7_cortexa9_0/libsrc/xadcps_v2_2/src -s libs  "SHELL=CMD" "COMPILER=arm-xilinx-eabi-gcc" "ARCHIVER=arm-xilinx-eabi-ar" "COMPILER_FLAGS=  -O2 -c" "EXTRA_COMPILER_FLAGS=-g"
"Compiling xadcps"
'Finished building libraries'
14:55:02 **** Auto Build of configuration Debug for project smartcart ****
make all 
'Building file: ../src/helloworld.c'
'Invoking: ARM gcc compiler'
arm-xilinx-eabi-gcc -Wall -O0 -g3 -c -fmessage-length=0 -MT"src/helloworld.o" -I../../smartcart_bsp/ps7_cortexa9_0/include -MMD -MP -MF"src/helloworld.d" -MT"src/helloworld.d" -o "src/helloworld.o" "../src/helloworld.c"
In file included from ../src/helloworld.c:48:0:
../src/smartCard.h:31:9: warning: type defaults to 'int' in declaration of 'ProgSmartCart' [-Wimplicit-int]
 typedef ProgSmartCart;
         ^
../src/smartCard.h:32:9: warning: type defaults to 'int' in declaration of 'ProgSmartCart_1' [-Wimplicit-int]
 typedef ProgSmartCart_1;
         ^
../src/helloworld.c: In function 'main':
../src/helloworld.c:56:19: warning: unused variable 'err' [-Wunused-variable]
     int somo_test,err;
                   ^
../src/helloworld.c:56:9: warning: unused variable 'somo_test' [-Wunused-variable]
     int somo_test,err;
         ^
../src/helloworld.c:53:18: warning: unused variable 'i' [-Wunused-variable]
     int a,status,i;
                  ^
../src/helloworld.c:53:11: warning: variable 'status' set but not used [-Wunused-but-set-variable]
     int a,status,i;
           ^
In file included from ../src/helloworld.c:48:0:
../src/helloworld.c: At top level:
../src/smartCard.h:39:12: warning: 'baseaddress' defined but not used [-Wunused-variable]
 static int baseaddress=0x400d0000;
            ^
../src/smartCard.h:41:12: warning: 'baseaddress_smoll_card' defined but not used [-Wunused-variable]
 static int baseaddress_smoll_card=0x43C10000;
            ^
../src/helloworld.c: In function 'main':
../src/helloworld.c:62:18: warning: 'serial_numer' is used uninitialized in this function [-Wuninitialized]
     serial_numer=read_serial_number(serial_numer);// считываение серийного номера смарт карты
                  ^
'Finished building: ../src/helloworld.c'
' '
'Building file: ../src/platform.c'
'Invoking: ARM gcc compiler'
arm-xilinx-eabi-gcc -Wall -O0 -g3 -c -fmessage-length=0 -MT"src/platform.o" -I../../smartcart_bsp/ps7_cortexa9_0/include -MMD -MP -MF"src/platform.d" -MT"src/platform.d" -o "src/platform.o" "../src/platform.c"
'Finished building: ../src/platform.c'
' '
'Building file: ../src/smartCard.c'
'Invoking: ARM gcc compiler'
arm-xilinx-eabi-gcc -Wall -O0 -g3 -c -fmessage-length=0 -MT"src/smartCard.o" -I../../smartcart_bsp/ps7_cortexa9_0/include -MMD -MP -MF"src/smartCard.d" -MT"src/smartCard.d" -o "src/smartCard.o" "../src/smartCard.c"
In file included from ../src/smartCard.c:8:0:
../src/smartCard.h:31:9: warning: type defaults to 'int' in declaration of 'ProgSmartCart' [-Wimplicit-int]
 typedef ProgSmartCart;
         ^
../src/smartCard.h:32:9: warning: type defaults to 'int' in declaration of 'ProgSmartCart_1' [-Wimplicit-int]
 typedef ProgSmartCart_1;
         ^
../src/smartCard.c:286:1: warning: "/*" within comment [-Wcomment]
 /*
 ^
../src/smartCard.c: In function 'SetSmartCart':
../src/smartCard.c:550:4: warning: passing argument 1 of 'invert_byte' from incompatible pointer type
    invert_byte(&cinterfacesmartcard.reciver_buffer[cinterfacesmartcard.index_rec_buff]);
    ^
In file included from ../src/smartCard.h:21:0,
                 from ../src/smartCard.c:8:
../src/type_data.h:67:6: note: expected 'int *' but argument is of type 'char *'
 void invert_byte(int *a);
      ^
../src/smartCard.c:543:11: warning: unused variable 'ccomanda' [-Wunused-variable]
  Ccomanda ccomanda;
           ^
../src/smartCard.c: In function 'SetSmartCart_1':
../src/smartCard.c:582:4: warning: passing argument 1 of 'invert_byte' from incompatible pointer type
    invert_byte(&cinterfacesmartcard.reciver_buffer[cinterfacesmartcard.index_rec_buff]);
    ^
In file included from ../src/smartCard.h:21:0,
                 from ../src/smartCard.c:8:
../src/type_data.h:67:6: note: expected 'int *' but argument is of type 'char *'
 void invert_byte(int *a);
      ^
../src/smartCard.c:575:11: warning: unused variable 'ccomanda' [-Wunused-variable]
  Ccomanda ccomanda;
           ^
../src/smartCard.c: At top level:
../src/smartCard.c:626:1: warning: "/*" within comment [-Wcomment]
 /*
 ^
../src/smartCard.c: In function 'DetectSmartCart':
../src/smartCard.c:679:6: warning: variable 'status' set but not used [-Wunused-but-set-variable]
  int status;
      ^
'Finished building: ../src/smartCard.c'
' '
'Building file: ../src/type_data.c'
'Invoking: ARM gcc compiler'
arm-xilinx-eabi-gcc -Wall -O0 -g3 -c -fmessage-length=0 -MT"src/type_data.o" -I../../smartcart_bsp/ps7_cortexa9_0/include -MMD -MP -MF"src/type_data.d" -MT"src/type_data.d" -o "src/type_data.o" "../src/type_data.c"
'Finished building: ../src/type_data.c'
' '
'Building target: smartcart.elf'
'Invoking: ARM gcc linker'
arm-xilinx-eabi-gcc -Wl,-T -Wl,../src/lscript.ld -L../../smartcart_bsp/ps7_cortexa9_0/lib -o "smartcart.elf"  ./src/helloworld.o ./src/platform.o ./src/smartCard.o ./src/type_data.o   -Wl,--start-group,-lxil,-lgcc,-lc,--end-group
'Finished building target: smartcart.elf'
' '
'Invoking: ARM Print Size'
arm-xilinx-eabi-size smartcart.elf  |tee "smartcart.elf.size"
   text	   data	    bss	    dec	    hex	filename
  31124	   1936	  25684	  58744	   e578	smartcart.elf
'Finished building: smartcart.elf.size'
' '
14:56:19 **** Incremental Build of configuration Debug for project smartcart ****
make all 
make: Цель `all' не требует выполнения команд.
14:57:54 **** Incremental Build of configuration Debug for project smartcart ****
make all 
make: Цель `all' не требует выполнения команд.
